<html>
<body>
<pre>
<h1>µVision Build Log</h1>
<h2>Tool Versions:</h2>
IDE-Version: ¦ÌVision V5.39.0.0
Copyright (C) 2023 ARM Ltd and ARM Germany GmbH. All rights reserved.
License Information: 1 1021711764@qq.com, 1, LIC=PE7DL-08QY0-9UB4U-SIAVF-UJXC4-LT6S9
 
Tool Versions:
Toolchain:       MDK-ARM Plus  Version: 5.39.0.0
Toolchain Path:  C:\Keil_v5\ARM\ARMCC\Bin
C Compiler:      Armcc.exe V5.06 update 4 (build 422)
Assembler:       Armasm.exe V5.06 update 4 (build 422)
Linker/Locator:  ArmLink.exe V5.06 update 4 (build 422)
Library Manager: ArmAr.exe V5.06 update 4 (build 422)
Hex Converter:   FromElf.exe V5.06 update 4 (build 422)
CPU DLL:         SARMCM3.DLL V5.39.0.0
Dialog DLL:      DCM.DLL V1.17.5.0
Target DLL:      Segger\JL2CM3.dll V2.99.43.0
Dialog DLL:      TCM.DLL V1.56.4.0
 
<h2>Project:</h2>
D:\kong_qi_jing_hua_qi\AIR_purifier_code_918\project\at_start_f403\templates\mdk_v5\template.uvprojx
Project File Date:  06/10/2025

<h2>Output:</h2>
*** Using Compiler 'V5.06 update 4 (build 422)', folder: 'C:\Keil_v5\ARM\ARMCC\Bin'
Rebuild target 'template'
compiling at32f403_clock.c...
compiling at32f403_board.c...
compiling at32f403_int.c...
compiling at32f403_crm.c...
compiling at32f403_debug.c...
compiling main.c...
compiling at32f403_bpr.c...
compiling at32f403_dac.c...
compiling at32f403_crc.c...
compiling at32f403_adc.c...
compiling at32f403_can.c...
compiling at32f403_dma.c...
compiling at32f403_exint.c...
compiling at32f403_gpio.c...
compiling at32f403_flash.c...
compiling at32f403_i2c.c...
compiling at32f403_misc.c...
compiling at32f403_pwc.c...
compiling at32f403_rtc.c...
assembling startup_at32f403.s...
compiling at32f403_sdio.c...
compiling at32f403_spi.c...
compiling at32f403_usart.c...
compiling at32f403_tmr.c...
compiling at32f403_usb.c...
compiling at32f403_wdt.c...
compiling at32f403_wwdt.c...
compiling system_at32f403.c...
compiling at32f403_xmc.c...
linking...
Program Size: Code=3588 RO-data=424 RW-data=56 ZI-data=1024  
FromELF: creating hex file...
".\objects\template.axf" - 0 Error(s), 0 Warning(s).

<h2>Software Packages used:</h2>

Package Vendor: ArteryTek
                
                ArteryTek::AT32F403_DFP@2.1.3
                ArteryTek AT32F403 Series Device Support,Drivers

<h2>Collection of Component include folders:</h2>
  C:/Keil_v5/ARM/PACK/ArteryTek/AT32F403_DFP/2.1.3/Device/Include

<h2>Collection of Component Files used:</h2>
Build Time Elapsed:  00:00:01
</pre>
</body>
</html>
