Component: Arm Compiler for Embedded 6.21 Tool: armlink [5ec1fa00]

==============================================================================

Section Cross References

    startup_at32f403.o(STACK) refers (Special) to heapauxi.o(.text) for __use_two_region_memory
    startup_at32f403.o(HEAP) refers (Special) to heapauxi.o(.text) for __use_two_region_memory
    startup_at32f403.o(RESET) refers (Special) to heapauxi.o(.text) for __use_two_region_memory
    startup_at32f403.o(RESET) refers to startup_at32f403.o(STACK) for __initial_sp
    startup_at32f403.o(RESET) refers to startup_at32f403.o(.text) for Reset_Handler
    startup_at32f403.o(RESET) refers to lto-llvm-bd6695.o(.text.NMI_Handler) for NMI_Handler
    startup_at32f403.o(RESET) refers to lto-llvm-bd6695.o(.text.HardFault_Handler) for HardFault_Handler
    startup_at32f403.o(RESET) refers to lto-llvm-bd6695.o(.text.MemManage_Handler) for MemManage_Handler
    startup_at32f403.o(RESET) refers to lto-llvm-bd6695.o(.text.BusFault_Handler) for BusFault_Handler
    startup_at32f403.o(RESET) refers to lto-llvm-bd6695.o(.text.UsageFault_Handler) for UsageFault_Handler
    startup_at32f403.o(RESET) refers to lto-llvm-bd6695.o(.text.SVC_Handler) for SVC_Handler
    startup_at32f403.o(RESET) refers to lto-llvm-bd6695.o(.text.DebugMon_Handler) for DebugMon_Handler
    startup_at32f403.o(RESET) refers to lto-llvm-bd6695.o(.text.PendSV_Handler) for PendSV_Handler
    startup_at32f403.o(RESET) refers to lto-llvm-bd6695.o(.text.SysTick_Handler) for SysTick_Handler
    startup_at32f403.o(RESET) refers to lto-llvm-bd6695.o(.text.TMR3_GLOBAL_IRQHandler) for TMR3_GLOBAL_IRQHandler
    startup_at32f403.o(.text) refers (Special) to heapauxi.o(.text) for __use_two_region_memory
    startup_at32f403.o(.text) refers to lto-llvm-bd6695.o(.text.SystemInit) for SystemInit
    startup_at32f403.o(.text) refers to __main.o(!!!main) for __main
    startup_at32f403.o(.text) refers to startup_at32f403.o(HEAP) for Heap_Mem
    startup_at32f403.o(.text) refers to startup_at32f403.o(STACK) for Stack_Mem
    use_no_semi_2.o(.text) refers (Special) to use_no_semi.o(.text) for __use_no_semihosting_swi
    puts.o(.text) refers to lto-llvm-bd6695.o(.text.fputc) for fputc
    puts.o(.text) refers to lto-llvm-bd6695.o(.bss.__stdout) for __stdout
    __main.o(!!!main) refers to __rtentry.o(.ARM.Collect$$rtentry$$00000000) for __rt_entry
    __rtentry.o(.ARM.Collect$$rtentry$$00000000) refers (Special) to __rtentry2.o(.ARM.Collect$$rtentry$$0000000A) for __rt_entry_li
    __rtentry.o(.ARM.Collect$$rtentry$$00000000) refers (Special) to __rtentry2.o(.ARM.Collect$$rtentry$$0000000D) for __rt_entry_main
    __rtentry.o(.ARM.Collect$$rtentry$$00000000) refers (Special) to __rtentry2.o(.ARM.Collect$$rtentry$$0000000C) for __rt_entry_postli_1
    __rtentry.o(.ARM.Collect$$rtentry$$00000000) refers (Special) to __rtentry2.o(.ARM.Collect$$rtentry$$00000009) for __rt_entry_postsh_1
    __rtentry.o(.ARM.Collect$$rtentry$$00000000) refers (Special) to __rtentry2.o(.ARM.Collect$$rtentry$$00000002) for __rt_entry_presh_1
    __rtentry.o(.ARM.Collect$$rtentry$$00000000) refers (Special) to __rtentry4.o(.ARM.Collect$$rtentry$$00000004) for __rt_entry_sh
    __rtentry2.o(.ARM.Collect$$rtentry$$00000008) refers to boardinit2.o(.text) for _platform_post_stackheap_init
    __rtentry2.o(.ARM.Collect$$rtentry$$0000000A) refers to libinit.o(.ARM.Collect$$libinit$$00000000) for __rt_lib_init
    __rtentry2.o(.ARM.Collect$$rtentry$$0000000B) refers to boardinit3.o(.text) for _platform_post_lib_init
    __rtentry2.o(.ARM.Collect$$rtentry$$0000000D) refers to lto-llvm-bd6695.o(.text.main) for main
    __rtentry2.o(.ARM.Collect$$rtentry$$0000000D) refers to exit.o(.text) for exit
    __rtentry2.o(.ARM.exidx) refers to __rtentry2.o(.ARM.Collect$$rtentry$$00000001) for .ARM.Collect$$rtentry$$00000001
    __rtentry2.o(.ARM.exidx) refers to __rtentry2.o(.ARM.Collect$$rtentry$$00000008) for .ARM.Collect$$rtentry$$00000008
    __rtentry2.o(.ARM.exidx) refers to __rtentry2.o(.ARM.Collect$$rtentry$$0000000A) for .ARM.Collect$$rtentry$$0000000A
    __rtentry2.o(.ARM.exidx) refers to __rtentry2.o(.ARM.Collect$$rtentry$$0000000B) for .ARM.Collect$$rtentry$$0000000B
    __rtentry2.o(.ARM.exidx) refers to __rtentry2.o(.ARM.Collect$$rtentry$$0000000D) for .ARM.Collect$$rtentry$$0000000D
    __rtentry4.o(.ARM.Collect$$rtentry$$00000004) refers to sys_stackheap_outer.o(.text) for __user_setup_stackheap
    __rtentry4.o(.ARM.exidx) refers to __rtentry4.o(.ARM.Collect$$rtentry$$00000004) for .ARM.Collect$$rtentry$$00000004
    sys_stackheap_outer.o(.text) refers to libspace.o(.text) for __user_perproc_libspace
    sys_stackheap_outer.o(.text) refers to startup_at32f403.o(.text) for __user_initial_stackheap
    exit.o(.text) refers to rtexit.o(.ARM.Collect$$rtexit$$00000000) for __rt_exit
    libinit.o(.ARM.Collect$$libinit$$00000000) refers (Special) to libinit2.o(.ARM.Collect$$libinit$$00000030) for __rt_lib_init_alloca_1
    libinit.o(.ARM.Collect$$libinit$$00000000) refers (Special) to libinit2.o(.ARM.Collect$$libinit$$0000002E) for __rt_lib_init_argv_1
    libinit.o(.ARM.Collect$$libinit$$00000000) refers (Special) to libinit2.o(.ARM.Collect$$libinit$$0000001D) for __rt_lib_init_atexit_1
    libinit.o(.ARM.Collect$$libinit$$00000000) refers (Special) to libinit2.o(.ARM.Collect$$libinit$$00000023) for __rt_lib_init_clock_1
    libinit.o(.ARM.Collect$$libinit$$00000000) refers (Special) to libinit2.o(.ARM.Collect$$libinit$$00000034) for __rt_lib_init_cpp_1
    libinit.o(.ARM.Collect$$libinit$$00000000) refers (Special) to libinit2.o(.ARM.Collect$$libinit$$00000032) for __rt_lib_init_exceptions_1
    libinit.o(.ARM.Collect$$libinit$$00000000) refers (Special) to libinit2.o(.ARM.Collect$$libinit$$00000001) for __rt_lib_init_fp_1
    libinit.o(.ARM.Collect$$libinit$$00000000) refers (Special) to libinit2.o(.ARM.Collect$$libinit$$00000021) for __rt_lib_init_fp_trap_1
    libinit.o(.ARM.Collect$$libinit$$00000000) refers (Special) to libinit2.o(.ARM.Collect$$libinit$$00000025) for __rt_lib_init_getenv_1
    libinit.o(.ARM.Collect$$libinit$$00000000) refers (Special) to libinit2.o(.ARM.Collect$$libinit$$0000000C) for __rt_lib_init_heap_1
    libinit.o(.ARM.Collect$$libinit$$00000000) refers (Special) to libinit2.o(.ARM.Collect$$libinit$$00000013) for __rt_lib_init_lc_collate_1
    libinit.o(.ARM.Collect$$libinit$$00000000) refers (Special) to libinit2.o(.ARM.Collect$$libinit$$00000015) for __rt_lib_init_lc_ctype_1
    libinit.o(.ARM.Collect$$libinit$$00000000) refers (Special) to libinit2.o(.ARM.Collect$$libinit$$00000017) for __rt_lib_init_lc_monetary_1
    libinit.o(.ARM.Collect$$libinit$$00000000) refers (Special) to libinit2.o(.ARM.Collect$$libinit$$00000019) for __rt_lib_init_lc_numeric_1
    libinit.o(.ARM.Collect$$libinit$$00000000) refers (Special) to libinit2.o(.ARM.Collect$$libinit$$0000001B) for __rt_lib_init_lc_time_1
    libinit.o(.ARM.Collect$$libinit$$00000000) refers (Special) to libinit2.o(.ARM.Collect$$libinit$$00000006) for __rt_lib_init_preinit_1
    libinit.o(.ARM.Collect$$libinit$$00000000) refers (Special) to libinit2.o(.ARM.Collect$$libinit$$00000010) for __rt_lib_init_rand_1
    libinit.o(.ARM.Collect$$libinit$$00000000) refers (Special) to libinit2.o(.ARM.Collect$$libinit$$00000004) for __rt_lib_init_relocate_pie_1
    libinit.o(.ARM.Collect$$libinit$$00000000) refers (Special) to libinit2.o(.ARM.Collect$$libinit$$00000035) for __rt_lib_init_return
    libinit.o(.ARM.Collect$$libinit$$00000000) refers (Special) to libinit2.o(.ARM.Collect$$libinit$$0000001F) for __rt_lib_init_signal_1
    libinit.o(.ARM.Collect$$libinit$$00000000) refers (Special) to libinit2.o(.ARM.Collect$$libinit$$00000027) for __rt_lib_init_stdio_1
    libinit.o(.ARM.Collect$$libinit$$00000000) refers (Special) to libinit2.o(.ARM.Collect$$libinit$$0000000E) for __rt_lib_init_user_alloc_1
    libspace.o(.text) refers to libspace.o(.bss) for __libspace_start
    rtexit.o(.ARM.Collect$$rtexit$$00000000) refers (Special) to rtexit2.o(.ARM.Collect$$rtexit$$00000004) for __rt_exit_exit
    rtexit.o(.ARM.Collect$$rtexit$$00000000) refers (Special) to rtexit2.o(.ARM.Collect$$rtexit$$00000003) for __rt_exit_ls
    rtexit.o(.ARM.Collect$$rtexit$$00000000) refers (Special) to rtexit2.o(.ARM.Collect$$rtexit$$00000002) for __rt_exit_prels_1
    rtexit.o(.ARM.exidx) refers (Special) to rtexit2.o(.ARM.Collect$$rtexit$$00000004) for __rt_exit_exit
    rtexit.o(.ARM.exidx) refers (Special) to rtexit2.o(.ARM.Collect$$rtexit$$00000003) for __rt_exit_ls
    rtexit.o(.ARM.exidx) refers (Special) to rtexit2.o(.ARM.Collect$$rtexit$$00000002) for __rt_exit_prels_1
    rtexit.o(.ARM.exidx) refers to rtexit.o(.ARM.Collect$$rtexit$$00000000) for .ARM.Collect$$rtexit$$00000000
    libinit2.o(.ARM.Collect$$libinit$$00000001) refers to fpinit.o(x$fpl$fpinit) for _fp_init
    libinit2.o(.ARM.Collect$$libinit$$00000012) refers to libinit2.o(.ARM.Collect$$libinit$$00000011) for .ARM.Collect$$libinit$$00000011
    libinit2.o(.ARM.Collect$$libinit$$00000014) refers to libinit2.o(.ARM.Collect$$libinit$$00000011) for .ARM.Collect$$libinit$$00000011
    libinit2.o(.ARM.Collect$$libinit$$00000016) refers to libinit2.o(.ARM.Collect$$libinit$$00000011) for .ARM.Collect$$libinit$$00000011
    libinit2.o(.ARM.Collect$$libinit$$00000018) refers to libinit2.o(.ARM.Collect$$libinit$$00000011) for .ARM.Collect$$libinit$$00000011
    libinit2.o(.ARM.Collect$$libinit$$0000001A) refers to libinit2.o(.ARM.Collect$$libinit$$00000011) for .ARM.Collect$$libinit$$00000011
    libinit2.o(.ARM.Collect$$libinit$$00000028) refers to argv_veneer.o(.emb_text) for __ARM_argv_veneer
    libinit2.o(.ARM.Collect$$libinit$$00000029) refers to argv_veneer.o(.emb_text) for __ARM_argv_veneer
    rtexit2.o(.ARM.Collect$$rtexit$$00000003) refers to libshutdown.o(.ARM.Collect$$libshutdown$$00000000) for __rt_lib_shutdown
    rtexit2.o(.ARM.exidx) refers to rtexit2.o(.ARM.Collect$$rtexit$$00000001) for .ARM.Collect$$rtexit$$00000001
    rtexit2.o(.ARM.exidx) refers to rtexit2.o(.ARM.Collect$$rtexit$$00000003) for .ARM.Collect$$rtexit$$00000003
    rtexit2.o(.ARM.exidx) refers to rtexit2.o(.ARM.Collect$$rtexit$$00000004) for .ARM.Collect$$rtexit$$00000004
    argv_veneer.o(.emb_text) refers to no_argv.o(.text) for __ARM_get_argv
    _get_argv_nomalloc.o(.text) refers (Special) to hrguard.o(.text) for __heap_region$guard
    _get_argv_nomalloc.o(.text) refers to defsig_rtmem_outer.o(.text) for __rt_SIGRTMEM
    _get_argv_nomalloc.o(.text) refers to sys_command.o(.text) for _sys_command_string
    libshutdown.o(.ARM.Collect$$libshutdown$$00000000) refers (Special) to libshutdown2.o(.ARM.Collect$$libshutdown$$00000002) for __rt_lib_shutdown_cpp_1
    libshutdown.o(.ARM.Collect$$libshutdown$$00000000) refers (Special) to libshutdown2.o(.ARM.Collect$$libshutdown$$00000007) for __rt_lib_shutdown_fp_trap_1
    libshutdown.o(.ARM.Collect$$libshutdown$$00000000) refers (Special) to libshutdown2.o(.ARM.Collect$$libshutdown$$0000000F) for __rt_lib_shutdown_heap_1
    libshutdown.o(.ARM.Collect$$libshutdown$$00000000) refers (Special) to libshutdown2.o(.ARM.Collect$$libshutdown$$00000010) for __rt_lib_shutdown_return
    libshutdown.o(.ARM.Collect$$libshutdown$$00000000) refers (Special) to libshutdown2.o(.ARM.Collect$$libshutdown$$0000000A) for __rt_lib_shutdown_signal_1
    libshutdown.o(.ARM.Collect$$libshutdown$$00000000) refers (Special) to libshutdown2.o(.ARM.Collect$$libshutdown$$00000004) for __rt_lib_shutdown_stdio_1
    libshutdown.o(.ARM.Collect$$libshutdown$$00000000) refers (Special) to libshutdown2.o(.ARM.Collect$$libshutdown$$0000000C) for __rt_lib_shutdown_user_alloc_1
    sys_command.o(.text) refers (Special) to use_no_semi.o(.text) for __I$use$semihosting
    sys_command.o(.text) refers (Special) to indicate_semi.o(.text) for __semihosting_library_function
    sys_command_hlt.o(.text) refers (Special) to use_no_semi.o(.text) for __I$use$semihosting
    sys_command_hlt.o(.text) refers (Special) to indicate_semi.o(.text) for __semihosting_library_function
    defsig_rtmem_outer.o(.text) refers to defsig_rtmem_inner.o(.text) for __rt_SIGRTMEM_inner
    defsig_rtmem_outer.o(.text) refers to defsig_exit.o(.text) for __sig_exit
    defsig_rtmem_formal.o(.text) refers to rt_raise.o(.text) for __rt_raise
    rt_raise.o(.text) refers to __raise.o(.text) for __raise
    rt_raise.o(.text) refers to lto-llvm-bd6695.o(.text._sys_exit) for _sys_exit
    defsig_exit.o(.text) refers to lto-llvm-bd6695.o(.text._sys_exit) for _sys_exit
    defsig_rtmem_inner.o(.text) refers to defsig_general.o(.text) for __default_signal_display
    __raise.o(.text) refers to defsig.o(CL$$defsig) for __default_signal_handler
    defsig_general.o(.text) refers to lto-llvm-bd6695.o(.text._ttywrch) for _ttywrch
    defsig.o(CL$$defsig) refers to defsig_rtmem_inner.o(.text) for __rt_SIGRTMEM_inner
    defsig_abrt_inner.o(.text) refers to defsig_general.o(.text) for __default_signal_display
    defsig_fpe_inner.o(.text) refers to defsig_general.o(.text) for __default_signal_display
    defsig_rtred_inner.o(.text) refers to defsig_general.o(.text) for __default_signal_display
    defsig_stak_inner.o(.text) refers to defsig_general.o(.text) for __default_signal_display
    defsig_pvfn_inner.o(.text) refers to defsig_general.o(.text) for __default_signal_display
    defsig_cppl_inner.o(.text) refers to defsig_general.o(.text) for __default_signal_display
    defsig_segv_inner.o(.text) refers to defsig_general.o(.text) for __default_signal_display
    defsig_other.o(.text) refers to defsig_general.o(.text) for __default_signal_display
    lto-llvm-bd6695.o(.text) refers (Special) to use_no_semi_2.o(.text) for __use_no_semihosting
    lto-llvm-bd6695.o(.text.NMI_Handler) refers (Special) to use_no_semi_2.o(.text) for __use_no_semihosting
    lto-llvm-bd6695.o(.ARM.exidx.text.NMI_Handler) refers (Special) to use_no_semi_2.o(.text) for __use_no_semihosting
    lto-llvm-bd6695.o(.ARM.exidx.text.NMI_Handler) refers to lto-llvm-bd6695.o(.text.NMI_Handler) for [Anonymous Symbol]
    lto-llvm-bd6695.o(.text.HardFault_Handler) refers (Special) to use_no_semi_2.o(.text) for __use_no_semihosting
    lto-llvm-bd6695.o(.ARM.exidx.text.HardFault_Handler) refers (Special) to use_no_semi_2.o(.text) for __use_no_semihosting
    lto-llvm-bd6695.o(.ARM.exidx.text.HardFault_Handler) refers to lto-llvm-bd6695.o(.text.HardFault_Handler) for [Anonymous Symbol]
    lto-llvm-bd6695.o(.text.MemManage_Handler) refers (Special) to use_no_semi_2.o(.text) for __use_no_semihosting
    lto-llvm-bd6695.o(.ARM.exidx.text.MemManage_Handler) refers (Special) to use_no_semi_2.o(.text) for __use_no_semihosting
    lto-llvm-bd6695.o(.ARM.exidx.text.MemManage_Handler) refers to lto-llvm-bd6695.o(.text.MemManage_Handler) for [Anonymous Symbol]
    lto-llvm-bd6695.o(.text.BusFault_Handler) refers (Special) to use_no_semi_2.o(.text) for __use_no_semihosting
    lto-llvm-bd6695.o(.ARM.exidx.text.BusFault_Handler) refers (Special) to use_no_semi_2.o(.text) for __use_no_semihosting
    lto-llvm-bd6695.o(.ARM.exidx.text.BusFault_Handler) refers to lto-llvm-bd6695.o(.text.BusFault_Handler) for [Anonymous Symbol]
    lto-llvm-bd6695.o(.text.UsageFault_Handler) refers (Special) to use_no_semi_2.o(.text) for __use_no_semihosting
    lto-llvm-bd6695.o(.ARM.exidx.text.UsageFault_Handler) refers (Special) to use_no_semi_2.o(.text) for __use_no_semihosting
    lto-llvm-bd6695.o(.ARM.exidx.text.UsageFault_Handler) refers to lto-llvm-bd6695.o(.text.UsageFault_Handler) for [Anonymous Symbol]
    lto-llvm-bd6695.o(.text.SVC_Handler) refers (Special) to use_no_semi_2.o(.text) for __use_no_semihosting
    lto-llvm-bd6695.o(.ARM.exidx.text.SVC_Handler) refers (Special) to use_no_semi_2.o(.text) for __use_no_semihosting
    lto-llvm-bd6695.o(.ARM.exidx.text.SVC_Handler) refers to lto-llvm-bd6695.o(.text.SVC_Handler) for [Anonymous Symbol]
    lto-llvm-bd6695.o(.text.DebugMon_Handler) refers (Special) to use_no_semi_2.o(.text) for __use_no_semihosting
    lto-llvm-bd6695.o(.ARM.exidx.text.DebugMon_Handler) refers (Special) to use_no_semi_2.o(.text) for __use_no_semihosting
    lto-llvm-bd6695.o(.ARM.exidx.text.DebugMon_Handler) refers to lto-llvm-bd6695.o(.text.DebugMon_Handler) for [Anonymous Symbol]
    lto-llvm-bd6695.o(.text.PendSV_Handler) refers (Special) to use_no_semi_2.o(.text) for __use_no_semihosting
    lto-llvm-bd6695.o(.ARM.exidx.text.PendSV_Handler) refers (Special) to use_no_semi_2.o(.text) for __use_no_semihosting
    lto-llvm-bd6695.o(.ARM.exidx.text.PendSV_Handler) refers to lto-llvm-bd6695.o(.text.PendSV_Handler) for [Anonymous Symbol]
    lto-llvm-bd6695.o(.text.SysTick_Handler) refers (Special) to use_no_semi_2.o(.text) for __use_no_semihosting
    lto-llvm-bd6695.o(.ARM.exidx.text.SysTick_Handler) refers (Special) to use_no_semi_2.o(.text) for __use_no_semihosting
    lto-llvm-bd6695.o(.ARM.exidx.text.SysTick_Handler) refers to lto-llvm-bd6695.o(.text.SysTick_Handler) for [Anonymous Symbol]
    lto-llvm-bd6695.o(.text.TMR3_GLOBAL_IRQHandler) refers (Special) to use_no_semi_2.o(.text) for __use_no_semihosting
    lto-llvm-bd6695.o(.text.TMR3_GLOBAL_IRQHandler) refers to lto-llvm-bd6695.o(.bss.TimerEvent) for TimerEvent
    lto-llvm-bd6695.o(.ARM.exidx.text.TMR3_GLOBAL_IRQHandler) refers (Special) to use_no_semi_2.o(.text) for __use_no_semihosting
    lto-llvm-bd6695.o(.ARM.exidx.text.TMR3_GLOBAL_IRQHandler) refers to lto-llvm-bd6695.o(.text.TMR3_GLOBAL_IRQHandler) for [Anonymous Symbol]
    lto-llvm-bd6695.o(.text.Printf_task) refers (Special) to use_no_semi_2.o(.text) for __use_no_semihosting
    lto-llvm-bd6695.o(.text.Printf_task) refers to lto-llvm-bd6695.o(.rodata.str1.1) for .Lstr
    lto-llvm-bd6695.o(.text.Printf_task) refers to puts.o(.text) for puts
    lto-llvm-bd6695.o(.text.Printf_task) refers to lto-llvm-bd6695.o(.bss.TimerEvent) for TimerEvent
    lto-llvm-bd6695.o(.ARM.exidx.text.Printf_task) refers (Special) to use_no_semi_2.o(.text) for __use_no_semihosting
    lto-llvm-bd6695.o(.ARM.exidx.text.Printf_task) refers to lto-llvm-bd6695.o(.text.Printf_task) for [Anonymous Symbol]
    lto-llvm-bd6695.o(.text.Led_task) refers (Special) to use_no_semi_2.o(.text) for __use_no_semihosting
    lto-llvm-bd6695.o(.text.Led_task) refers to lto-llvm-bd6695.o(.rodata.str1.1) for .Lstr.3
    lto-llvm-bd6695.o(.text.Led_task) refers to puts.o(.text) for puts
    lto-llvm-bd6695.o(.ARM.exidx.text.Led_task) refers (Special) to use_no_semi_2.o(.text) for __use_no_semihosting
    lto-llvm-bd6695.o(.ARM.exidx.text.Led_task) refers to lto-llvm-bd6695.o(.text.Led_task) for [Anonymous Symbol]
    lto-llvm-bd6695.o(.text.main) refers (Special) to use_no_semi_2.o(.text) for __use_no_semihosting
    lto-llvm-bd6695.o(.text.main) refers to lto-llvm-bd6695.o(.data.system_core_clock) for system_core_clock
    lto-llvm-bd6695.o(.text.main) refers to lto-llvm-bd6695.o(.rodata.cst16) for system_core_clock_update.sys_ahb_div_table
    lto-llvm-bd6695.o(.text.main) refers to lto-llvm-bd6695.o(.bss.fac_us) for fac_us
    lto-llvm-bd6695.o(.text.main) refers to lto-llvm-bd6695.o(.bss.fac_ms) for fac_ms
    lto-llvm-bd6695.o(.text.main) refers to lto-llvm-bd6695.o(.text.gpio_init) for gpio_init
    lto-llvm-bd6695.o(.text.main) refers to lto-llvm-bd6695.o(.rodata.cst8) for crm_clocks_freq_get.ahb_apb2_div_table
    lto-llvm-bd6695.o(.text.main) refers to lto-llvm-bd6695.o(.bss.TimerEvent) for TimerEvent
    lto-llvm-bd6695.o(.text.main) refers to lto-llvm-bd6695.o(.rodata.str1.1) for .Lstr.4
    lto-llvm-bd6695.o(.text.main) refers to puts.o(.text) for puts
    lto-llvm-bd6695.o(.text.main) refers to lto-llvm-bd6695.o(.text.Printf_task) for Printf_task
    lto-llvm-bd6695.o(.text.main) refers to lto-llvm-bd6695.o(.text.Led_task) for Led_task
    lto-llvm-bd6695.o(.ARM.exidx.text.main) refers (Special) to use_no_semi_2.o(.text) for __use_no_semihosting
    lto-llvm-bd6695.o(.ARM.exidx.text.main) refers to lto-llvm-bd6695.o(.text.main) for [Anonymous Symbol]
    lto-llvm-bd6695.o(.text._sys_exit) refers (Special) to use_no_semi_2.o(.text) for __use_no_semihosting
    lto-llvm-bd6695.o(.ARM.exidx.text._sys_exit) refers (Special) to use_no_semi_2.o(.text) for __use_no_semihosting
    lto-llvm-bd6695.o(.ARM.exidx.text._sys_exit) refers to lto-llvm-bd6695.o(.text._sys_exit) for [Anonymous Symbol]
    lto-llvm-bd6695.o(.text._ttywrch) refers (Special) to use_no_semi_2.o(.text) for __use_no_semihosting
    lto-llvm-bd6695.o(.ARM.exidx.text._ttywrch) refers (Special) to use_no_semi_2.o(.text) for __use_no_semihosting
    lto-llvm-bd6695.o(.ARM.exidx.text._ttywrch) refers to lto-llvm-bd6695.o(.text._ttywrch) for [Anonymous Symbol]
    lto-llvm-bd6695.o(.text.fputc) refers (Special) to use_no_semi_2.o(.text) for __use_no_semihosting
    lto-llvm-bd6695.o(.ARM.exidx.text.fputc) refers (Special) to use_no_semi_2.o(.text) for __use_no_semihosting
    lto-llvm-bd6695.o(.ARM.exidx.text.fputc) refers to lto-llvm-bd6695.o(.text.fputc) for [Anonymous Symbol]
    lto-llvm-bd6695.o(.text.gpio_init) refers (Special) to use_no_semi_2.o(.text) for __use_no_semihosting
    lto-llvm-bd6695.o(.ARM.exidx.text.gpio_init) refers (Special) to use_no_semi_2.o(.text) for __use_no_semihosting
    lto-llvm-bd6695.o(.ARM.exidx.text.gpio_init) refers to lto-llvm-bd6695.o(.text.gpio_init) for [Anonymous Symbol]
    lto-llvm-bd6695.o(.text.SystemInit) refers (Special) to use_no_semi_2.o(.text) for __use_no_semihosting
    lto-llvm-bd6695.o(.ARM.exidx.text.SystemInit) refers (Special) to use_no_semi_2.o(.text) for __use_no_semihosting
    lto-llvm-bd6695.o(.ARM.exidx.text.SystemInit) refers to lto-llvm-bd6695.o(.text.SystemInit) for [Anonymous Symbol]
    lto-llvm-bd6695.o(.rodata.str1.1) refers (Special) to use_no_semi_2.o(.text) for __use_no_semihosting
    lto-llvm-bd6695.o(.ARM.use_no_argv) refers (Special) to use_no_semi_2.o(.text) for __use_no_semihosting
    lto-llvm-bd6695.o(.bss.fac_us) refers (Special) to use_no_semi_2.o(.text) for __use_no_semihosting
    lto-llvm-bd6695.o(.bss.fac_ms) refers (Special) to use_no_semi_2.o(.text) for __use_no_semihosting
    lto-llvm-bd6695.o(.bss.__stdout) refers (Special) to use_no_semi_2.o(.text) for __use_no_semihosting
    lto-llvm-bd6695.o(.rodata.cst8) refers (Special) to use_no_semi_2.o(.text) for __use_no_semihosting
    lto-llvm-bd6695.o(.data.system_core_clock) refers (Special) to use_no_semi_2.o(.text) for __use_no_semihosting
    lto-llvm-bd6695.o(.rodata.cst16) refers (Special) to use_no_semi_2.o(.text) for __use_no_semihosting
    lto-llvm-bd6695.o(.bss.TimerEvent) refers (Special) to use_no_semi_2.o(.text) for __use_no_semihosting


==============================================================================

Removing Unused input sections from the image.

    Removing lto-llvm-bd6695.o(.text), (0 bytes).
    Removing lto-llvm-bd6695.o(.ARM.exidx.text.NMI_Handler), (8 bytes).
    Removing lto-llvm-bd6695.o(.ARM.exidx.text.HardFault_Handler), (8 bytes).
    Removing lto-llvm-bd6695.o(.ARM.exidx.text.MemManage_Handler), (8 bytes).
    Removing lto-llvm-bd6695.o(.ARM.exidx.text.BusFault_Handler), (8 bytes).
    Removing lto-llvm-bd6695.o(.ARM.exidx.text.UsageFault_Handler), (8 bytes).
    Removing lto-llvm-bd6695.o(.ARM.exidx.text.SVC_Handler), (8 bytes).
    Removing lto-llvm-bd6695.o(.ARM.exidx.text.DebugMon_Handler), (8 bytes).
    Removing lto-llvm-bd6695.o(.ARM.exidx.text.PendSV_Handler), (8 bytes).
    Removing lto-llvm-bd6695.o(.ARM.exidx.text.SysTick_Handler), (8 bytes).
    Removing lto-llvm-bd6695.o(.ARM.exidx.text.TMR3_GLOBAL_IRQHandler), (8 bytes).
    Removing lto-llvm-bd6695.o(.ARM.exidx.text.Printf_task), (8 bytes).
    Removing lto-llvm-bd6695.o(.ARM.exidx.text.Led_task), (8 bytes).
    Removing lto-llvm-bd6695.o(.ARM.exidx.text.main), (8 bytes).
    Removing lto-llvm-bd6695.o(.text._sys_exit), (2 bytes).
    Removing lto-llvm-bd6695.o(.ARM.exidx.text._sys_exit), (8 bytes).
    Removing lto-llvm-bd6695.o(.text._ttywrch), (2 bytes).
    Removing lto-llvm-bd6695.o(.ARM.exidx.text._ttywrch), (8 bytes).
    Removing lto-llvm-bd6695.o(.ARM.exidx.text.fputc), (8 bytes).
    Removing lto-llvm-bd6695.o(.ARM.exidx.text.gpio_init), (8 bytes).
    Removing lto-llvm-bd6695.o(.ARM.exidx.text.SystemInit), (8 bytes).
    Removing lto-llvm-bd6695.o(.ARM.use_no_argv), (4 bytes).

22 unused section(s) (total 152 bytes) removed from the image.

==============================================================================

Image Symbol Table

    Local Symbols

    Symbol Name                              Value     Ov Type        Size  Object(Section)

    ../../libraries/cmsis/cm4/device_support/startup/mdk/startup_at32f403.s 0x00000000   Number         0  startup_at32f403.o ABSOLUTE
    ../clib/angel/boardlib.s                 0x00000000   Number         0  boardinit1.o ABSOLUTE
    ../clib/angel/boardlib.s                 0x00000000   Number         0  boardinit2.o ABSOLUTE
    ../clib/angel/boardlib.s                 0x00000000   Number         0  boardinit3.o ABSOLUTE
    ../clib/angel/boardlib.s                 0x00000000   Number         0  boardshut.o ABSOLUTE
    ../clib/angel/handlers.s                 0x00000000   Number         0  __scatter_copy.o ABSOLUTE
    ../clib/angel/handlers.s                 0x00000000   Number         0  __scatter_zi.o ABSOLUTE
    ../clib/angel/kernel.s                   0x00000000   Number         0  __rtentry.o ABSOLUTE
    ../clib/angel/kernel.s                   0x00000000   Number         0  __rtentry2.o ABSOLUTE
    ../clib/angel/kernel.s                   0x00000000   Number         0  __rtentry4.o ABSOLUTE
    ../clib/angel/kernel.s                   0x00000000   Number         0  rtexit.o ABSOLUTE
    ../clib/angel/kernel.s                   0x00000000   Number         0  rtexit2.o ABSOLUTE
    ../clib/angel/rt.s                       0x00000000   Number         0  rt_raise.o ABSOLUTE
    ../clib/angel/scatter.s                  0x00000000   Number         0  __scatter.o ABSOLUTE
    ../clib/angel/startup.s                  0x00000000   Number         0  __main.o ABSOLUTE
    ../clib/angel/sys.s                      0x00000000   Number         0  use_no_semi_2.o ABSOLUTE
    ../clib/angel/sys.s                      0x00000000   Number         0  use_no_semi.o ABSOLUTE
    ../clib/angel/sys.s                      0x00000000   Number         0  sys_stackheap_outer.o ABSOLUTE
    ../clib/angel/sys.s                      0x00000000   Number         0  libspace.o ABSOLUTE
    ../clib/angel/sys.s                      0x00000000   Number         0  indicate_semi.o ABSOLUTE
    ../clib/angel/sysapp.c                   0x00000000   Number         0  sys_command.o ABSOLUTE
    ../clib/angel/sysapp.c                   0x00000000   Number         0  sys_command_hlt.o ABSOLUTE
    ../clib/armsys.c                         0x00000000   Number         0  argv_veneer.o ABSOLUTE
    ../clib/armsys.c                         0x00000000   Number         0  argv_veneer.o ABSOLUTE
    ../clib/armsys.c                         0x00000000   Number         0  _get_argv_nomalloc.o ABSOLUTE
    ../clib/armsys.c                         0x00000000   Number         0  no_argv.o ABSOLUTE
    ../clib/heapalloc.c                      0x00000000   Number         0  hrguard.o ABSOLUTE
    ../clib/heapaux.c                        0x00000000   Number         0  heapauxi.o ABSOLUTE
    ../clib/libinit.s                        0x00000000   Number         0  libinit.o ABSOLUTE
    ../clib/libinit.s                        0x00000000   Number         0  libinit2.o ABSOLUTE
    ../clib/libinit.s                        0x00000000   Number         0  libshutdown.o ABSOLUTE
    ../clib/libinit.s                        0x00000000   Number         0  libshutdown2.o ABSOLUTE
    ../clib/signal.c                         0x00000000   Number         0  defsig_rtmem_outer.o ABSOLUTE
    ../clib/signal.c                         0x00000000   Number         0  defsig_rtmem_formal.o ABSOLUTE
    ../clib/signal.c                         0x00000000   Number         0  defsig_exit.o ABSOLUTE
    ../clib/signal.c                         0x00000000   Number         0  defsig_rtmem_inner.o ABSOLUTE
    ../clib/signal.c                         0x00000000   Number         0  __raise.o ABSOLUTE
    ../clib/signal.c                         0x00000000   Number         0  defsig_general.o ABSOLUTE
    ../clib/signal.c                         0x00000000   Number         0  defsig_abrt_inner.o ABSOLUTE
    ../clib/signal.c                         0x00000000   Number         0  defsig_fpe_inner.o ABSOLUTE
    ../clib/signal.c                         0x00000000   Number         0  defsig_rtred_inner.o ABSOLUTE
    ../clib/signal.c                         0x00000000   Number         0  defsig_stak_inner.o ABSOLUTE
    ../clib/signal.c                         0x00000000   Number         0  defsig_pvfn_inner.o ABSOLUTE
    ../clib/signal.c                         0x00000000   Number         0  defsig_cppl_inner.o ABSOLUTE
    ../clib/signal.c                         0x00000000   Number         0  defsig_segv_inner.o ABSOLUTE
    ../clib/signal.c                         0x00000000   Number         0  defsig_other.o ABSOLUTE
    ../clib/signal.s                         0x00000000   Number         0  defsig.o ABSOLUTE
    ../clib/stdio.c                          0x00000000   Number         0  puts.o ABSOLUTE
    ../clib/stdlib.c                         0x00000000   Number         0  exit.o ABSOLUTE
    ../fplib/fpinit.s                        0x00000000   Number         0  fpinit.o ABSOLUTE
    dc.s                                     0x00000000   Number         0  dc.o ABSOLUTE
    ld-temp.o                                0x00000000   Number         0  lto-llvm-bd6695.o ABSOLUTE
    RESET                                    0x08000000   Section      336  startup_at32f403.o(RESET)
    !!!main                                  0x08000150   Section        8  __main.o(!!!main)
    !!!scatter                               0x08000158   Section       92  __scatter.o(!!!scatter)
    !!handler_copy                           0x080001b4   Section       26  __scatter_copy.o(!!handler_copy)
    !!handler_null                           0x080001d0   Section        2  __scatter.o(!!handler_null)
    !!handler_zi                             0x080001d4   Section       28  __scatter_zi.o(!!handler_zi)
    .ARM.Collect$$libinit$$00000000          0x080001f0   Section        2  libinit.o(.ARM.Collect$$libinit$$00000000)
    .ARM.Collect$$libinit$$00000001          0x080001f2   Section        4  libinit2.o(.ARM.Collect$$libinit$$00000001)
    .ARM.Collect$$libinit$$00000004          0x080001f6   Section        0  libinit2.o(.ARM.Collect$$libinit$$00000004)
    .ARM.Collect$$libinit$$00000006          0x080001f6   Section        0  libinit2.o(.ARM.Collect$$libinit$$00000006)
    .ARM.Collect$$libinit$$0000000C          0x080001f6   Section        0  libinit2.o(.ARM.Collect$$libinit$$0000000C)
    .ARM.Collect$$libinit$$0000000E          0x080001f6   Section        0  libinit2.o(.ARM.Collect$$libinit$$0000000E)
    .ARM.Collect$$libinit$$00000010          0x080001f6   Section        0  libinit2.o(.ARM.Collect$$libinit$$00000010)
    .ARM.Collect$$libinit$$00000013          0x080001f6   Section        0  libinit2.o(.ARM.Collect$$libinit$$00000013)
    .ARM.Collect$$libinit$$00000015          0x080001f6   Section        0  libinit2.o(.ARM.Collect$$libinit$$00000015)
    .ARM.Collect$$libinit$$00000017          0x080001f6   Section        0  libinit2.o(.ARM.Collect$$libinit$$00000017)
    .ARM.Collect$$libinit$$00000019          0x080001f6   Section        0  libinit2.o(.ARM.Collect$$libinit$$00000019)
    .ARM.Collect$$libinit$$0000001B          0x080001f6   Section        0  libinit2.o(.ARM.Collect$$libinit$$0000001B)
    .ARM.Collect$$libinit$$0000001D          0x080001f6   Section        0  libinit2.o(.ARM.Collect$$libinit$$0000001D)
    .ARM.Collect$$libinit$$0000001F          0x080001f6   Section        0  libinit2.o(.ARM.Collect$$libinit$$0000001F)
    .ARM.Collect$$libinit$$00000021          0x080001f6   Section        0  libinit2.o(.ARM.Collect$$libinit$$00000021)
    .ARM.Collect$$libinit$$00000023          0x080001f6   Section        0  libinit2.o(.ARM.Collect$$libinit$$00000023)
    .ARM.Collect$$libinit$$00000025          0x080001f6   Section        0  libinit2.o(.ARM.Collect$$libinit$$00000025)
    .ARM.Collect$$libinit$$00000027          0x080001f6   Section        0  libinit2.o(.ARM.Collect$$libinit$$00000027)
    .ARM.Collect$$libinit$$0000002E          0x080001f6   Section        0  libinit2.o(.ARM.Collect$$libinit$$0000002E)
    .ARM.Collect$$libinit$$00000030          0x080001f6   Section        0  libinit2.o(.ARM.Collect$$libinit$$00000030)
    .ARM.Collect$$libinit$$00000032          0x080001f6   Section        0  libinit2.o(.ARM.Collect$$libinit$$00000032)
    .ARM.Collect$$libinit$$00000034          0x080001f6   Section        0  libinit2.o(.ARM.Collect$$libinit$$00000034)
    .ARM.Collect$$libinit$$00000035          0x080001f6   Section        2  libinit2.o(.ARM.Collect$$libinit$$00000035)
    .ARM.Collect$$libshutdown$$00000000      0x080001f8   Section        2  libshutdown.o(.ARM.Collect$$libshutdown$$00000000)
    .ARM.Collect$$libshutdown$$00000002      0x080001fa   Section        0  libshutdown2.o(.ARM.Collect$$libshutdown$$00000002)
    .ARM.Collect$$libshutdown$$00000004      0x080001fa   Section        0  libshutdown2.o(.ARM.Collect$$libshutdown$$00000004)
    .ARM.Collect$$libshutdown$$00000007      0x080001fa   Section        0  libshutdown2.o(.ARM.Collect$$libshutdown$$00000007)
    .ARM.Collect$$libshutdown$$0000000A      0x080001fa   Section        0  libshutdown2.o(.ARM.Collect$$libshutdown$$0000000A)
    .ARM.Collect$$libshutdown$$0000000C      0x080001fa   Section        0  libshutdown2.o(.ARM.Collect$$libshutdown$$0000000C)
    .ARM.Collect$$libshutdown$$0000000F      0x080001fa   Section        0  libshutdown2.o(.ARM.Collect$$libshutdown$$0000000F)
    .ARM.Collect$$libshutdown$$00000010      0x080001fa   Section        2  libshutdown2.o(.ARM.Collect$$libshutdown$$00000010)
    .ARM.Collect$$rtentry$$00000000          0x080001fc   Section        0  __rtentry.o(.ARM.Collect$$rtentry$$00000000)
    .ARM.Collect$$rtentry$$00000002          0x080001fc   Section        0  __rtentry2.o(.ARM.Collect$$rtentry$$00000002)
    .ARM.Collect$$rtentry$$00000004          0x080001fc   Section        6  __rtentry4.o(.ARM.Collect$$rtentry$$00000004)
    .ARM.Collect$$rtentry$$00000009          0x08000202   Section        0  __rtentry2.o(.ARM.Collect$$rtentry$$00000009)
    .ARM.Collect$$rtentry$$0000000A          0x08000202   Section        4  __rtentry2.o(.ARM.Collect$$rtentry$$0000000A)
    .ARM.Collect$$rtentry$$0000000C          0x08000206   Section        0  __rtentry2.o(.ARM.Collect$$rtentry$$0000000C)
    .ARM.Collect$$rtentry$$0000000D          0x08000206   Section        8  __rtentry2.o(.ARM.Collect$$rtentry$$0000000D)
    .ARM.Collect$$rtexit$$00000000           0x0800020e   Section        2  rtexit.o(.ARM.Collect$$rtexit$$00000000)
    .ARM.Collect$$rtexit$$00000002           0x08000210   Section        0  rtexit2.o(.ARM.Collect$$rtexit$$00000002)
    .ARM.Collect$$rtexit$$00000003           0x08000210   Section        4  rtexit2.o(.ARM.Collect$$rtexit$$00000003)
    .ARM.Collect$$rtexit$$00000004           0x08000214   Section        6  rtexit2.o(.ARM.Collect$$rtexit$$00000004)
    $v0                                      0x0800021c   Number         0  startup_at32f403.o(.text)
    .text                                    0x0800021c   Section       64  startup_at32f403.o(.text)
    .text                                    0x0800025c   Section        2  use_no_semi_2.o(.text)
    .text                                    0x08000260   Section        0  puts.o(.text)
    .text                                    0x0800028c   Section        0  heapauxi.o(.text)
    .text                                    0x08000292   Section        2  use_no_semi.o(.text)
    .text                                    0x08000294   Section       74  sys_stackheap_outer.o(.text)
    .text                                    0x080002de   Section        0  exit.o(.text)
    .text                                    0x080002f0   Section        8  libspace.o(.text)
    [Anonymous Symbol]                       0x080002f8   Section        0  lto-llvm-bd6695.o(.text.BusFault_Handler)
    [Anonymous Symbol]                       0x080002fc   Section        0  lto-llvm-bd6695.o(.text.DebugMon_Handler)
    [Anonymous Symbol]                       0x08000300   Section        0  lto-llvm-bd6695.o(.text.HardFault_Handler)
    Led_task                                 0x08000305   Thumb Code    12  lto-llvm-bd6695.o(.text.Led_task)
    [Anonymous Symbol]                       0x08000304   Section        0  lto-llvm-bd6695.o(.text.Led_task)
    [Anonymous Symbol]                       0x08000310   Section        0  lto-llvm-bd6695.o(.text.MemManage_Handler)
    [Anonymous Symbol]                       0x08000314   Section        0  lto-llvm-bd6695.o(.text.NMI_Handler)
    [Anonymous Symbol]                       0x08000318   Section        0  lto-llvm-bd6695.o(.text.PendSV_Handler)
    Printf_task                              0x0800031d   Thumb Code   116  lto-llvm-bd6695.o(.text.Printf_task)
    [Anonymous Symbol]                       0x0800031c   Section        0  lto-llvm-bd6695.o(.text.Printf_task)
    [Anonymous Symbol]                       0x08000390   Section        0  lto-llvm-bd6695.o(.text.SVC_Handler)
    [Anonymous Symbol]                       0x08000394   Section        0  lto-llvm-bd6695.o(.text.SysTick_Handler)
    [Anonymous Symbol]                       0x08000398   Section        0  lto-llvm-bd6695.o(.text.SystemInit)
    [Anonymous Symbol]                       0x08000404   Section        0  lto-llvm-bd6695.o(.text.TMR3_GLOBAL_IRQHandler)
    [Anonymous Symbol]                       0x08000448   Section        0  lto-llvm-bd6695.o(.text.UsageFault_Handler)
    [Anonymous Symbol]                       0x0800044c   Section        0  lto-llvm-bd6695.o(.text.fputc)
    gpio_init                                0x0800046d   Thumb Code   190  lto-llvm-bd6695.o(.text.gpio_init)
    [Anonymous Symbol]                       0x0800046c   Section        0  lto-llvm-bd6695.o(.text.gpio_init)
    [Anonymous Symbol]                       0x0800052c   Section        0  lto-llvm-bd6695.o(.text.main)
    $v0                                      0x08000a58   Number         0  fpinit.o(x$fpl$fpinit)
    x$fpl$fpinit                             0x08000a58   Section       26  fpinit.o(x$fpl$fpinit)
    system_core_clock_update.sys_ahb_div_table 0x08000a72   Data          16  lto-llvm-bd6695.o(.rodata.cst16)
    [Anonymous Symbol]                       0x08000a72   Section        0  lto-llvm-bd6695.o(.rodata.cst16)
    crm_clocks_freq_get.ahb_apb2_div_table   0x08000a82   Data           8  lto-llvm-bd6695.o(.rodata.cst8)
    [Anonymous Symbol]                       0x08000a82   Section        0  lto-llvm-bd6695.o(.rodata.cst8)
    .Lstr                                    0x08000a8a   Data          20  lto-llvm-bd6695.o(.rodata.str1.1)
    [Anonymous Symbol]                       0x08000a8a   Section        0  lto-llvm-bd6695.o(.rodata.str1.1)
    .Lstr.3                                  0x08000a9e   Data          24  lto-llvm-bd6695.o(.rodata.str1.1)
    .Lstr.4                                  0x08000ab6   Data          14  lto-llvm-bd6695.o(.rodata.str1.1)
    system_core_clock                        0x20000000   Data           4  lto-llvm-bd6695.o(.data.system_core_clock)
    [Anonymous Symbol]                       0x20000000   Section        0  lto-llvm-bd6695.o(.data.system_core_clock)
    .bss                                     0x20000008   Section       96  libspace.o(.bss)
    TimerEvent                               0x20000068   Data          96  lto-llvm-bd6695.o(.bss.TimerEvent)
    [Anonymous Symbol]                       0x20000068   Section        0  lto-llvm-bd6695.o(.bss.TimerEvent)
    fac_ms                                   0x2000011c   Data           4  lto-llvm-bd6695.o(.bss.fac_ms)
    [Anonymous Symbol]                       0x2000011c   Section        0  lto-llvm-bd6695.o(.bss.fac_ms)
    fac_us                                   0x20000120   Data           4  lto-llvm-bd6695.o(.bss.fac_us)
    [Anonymous Symbol]                       0x20000120   Section        0  lto-llvm-bd6695.o(.bss.fac_us)
    Heap_Mem                                 0x20000128   Data         512  startup_at32f403.o(HEAP)
    HEAP                                     0x20000128   Section      512  startup_at32f403.o(HEAP)
    Stack_Mem                                0x20000328   Data        1024  startup_at32f403.o(STACK)
    STACK                                    0x20000328   Section     1024  startup_at32f403.o(STACK)
    __initial_sp                             0x20000728   Data           0  startup_at32f403.o(STACK)

    Global Symbols

    Symbol Name                              Value     Ov Type        Size  Object(Section)

    BuildAttributes$$THM_ISAv4$E$P$D$K$B$S$7EM$VFPi3$EXTD16$VFPS$VFMA$PE$A:L22UL41UL21$X:L11$S22US41US21$IEEE1$IW$~IW$USESV6$~STKCKD$USESV7$~SHL$OTIME$ROPI$IEEEF$EBA8$UX$STANDARDLIB$REQ8$PRES8$EABIv2 0x00000000   Number         0  anon$$obj.o ABSOLUTE
    __ARM_exceptions_init                     - Undefined Weak Reference
    __alloca_initialize                       - Undefined Weak Reference
    __arm_preinit_                            - Undefined Weak Reference
    __arm_relocate_pie_                       - Undefined Weak Reference
    __cpp_initialize__aeabi_                  - Undefined Weak Reference
    __cxa_finalize                            - Undefined Weak Reference
    __rt_locale                               - Undefined Weak Reference
    __sigvec_lookup                           - Undefined Weak Reference
    _atexit_init                              - Undefined Weak Reference
    _call_atexit_fns                          - Undefined Weak Reference
    _clock_init                               - Undefined Weak Reference
    _fp_trap_init                             - Undefined Weak Reference
    _fp_trap_shutdown                         - Undefined Weak Reference
    _get_lc_collate                           - Undefined Weak Reference
    _get_lc_ctype                             - Undefined Weak Reference
    _get_lc_monetary                          - Undefined Weak Reference
    _get_lc_numeric                           - Undefined Weak Reference
    _get_lc_time                              - Undefined Weak Reference
    _getenv_init                              - Undefined Weak Reference
    _handle_redirection                       - Undefined Weak Reference
    _init_alloc                               - Undefined Weak Reference
    _init_user_alloc                          - Undefined Weak Reference
    _initio                                   - Undefined Weak Reference
    _rand_init                                - Undefined Weak Reference
    _signal_finish                            - Undefined Weak Reference
    _signal_init                              - Undefined Weak Reference
    _terminate_alloc                          - Undefined Weak Reference
    _terminate_user_alloc                     - Undefined Weak Reference
    _terminateio                              - Undefined Weak Reference
    __Vectors_Size                           0x00000150   Number         0  startup_at32f403.o ABSOLUTE
    __Vectors                                0x08000000   Data           4  startup_at32f403.o(RESET)
    __Vectors_End                            0x08000150   Data           0  startup_at32f403.o(RESET)
    __main                                   0x08000151   Thumb Code     8  __main.o(!!!main)
    __scatterload                            0x08000159   Thumb Code     0  __scatter.o(!!!scatter)
    __scatterload_rt2                        0x08000159   Thumb Code    84  __scatter.o(!!!scatter)
    __scatterload_rt2_thumb_only             0x08000159   Thumb Code     0  __scatter.o(!!!scatter)
    __scatterload_loop                       0x08000163   Thumb Code     0  __scatter.o(!!!scatter)
    __scatterload_copy                       0x080001b5   Thumb Code    26  __scatter_copy.o(!!handler_copy)
    __scatterload_null                       0x080001d1   Thumb Code     2  __scatter.o(!!handler_null)
    __scatterload_zeroinit                   0x080001d5   Thumb Code    28  __scatter_zi.o(!!handler_zi)
    __rt_lib_init                            0x080001f1   Thumb Code     0  libinit.o(.ARM.Collect$$libinit$$00000000)
    __rt_lib_init_fp_1                       0x080001f3   Thumb Code     0  libinit2.o(.ARM.Collect$$libinit$$00000001)
    __rt_lib_init_alloca_1                   0x080001f7   Thumb Code     0  libinit2.o(.ARM.Collect$$libinit$$00000030)
    __rt_lib_init_argv_1                     0x080001f7   Thumb Code     0  libinit2.o(.ARM.Collect$$libinit$$0000002E)
    __rt_lib_init_atexit_1                   0x080001f7   Thumb Code     0  libinit2.o(.ARM.Collect$$libinit$$0000001D)
    __rt_lib_init_clock_1                    0x080001f7   Thumb Code     0  libinit2.o(.ARM.Collect$$libinit$$00000023)
    __rt_lib_init_cpp_1                      0x080001f7   Thumb Code     0  libinit2.o(.ARM.Collect$$libinit$$00000034)
    __rt_lib_init_exceptions_1               0x080001f7   Thumb Code     0  libinit2.o(.ARM.Collect$$libinit$$00000032)
    __rt_lib_init_fp_trap_1                  0x080001f7   Thumb Code     0  libinit2.o(.ARM.Collect$$libinit$$00000021)
    __rt_lib_init_getenv_1                   0x080001f7   Thumb Code     0  libinit2.o(.ARM.Collect$$libinit$$00000025)
    __rt_lib_init_heap_1                     0x080001f7   Thumb Code     0  libinit2.o(.ARM.Collect$$libinit$$0000000C)
    __rt_lib_init_lc_collate_1               0x080001f7   Thumb Code     0  libinit2.o(.ARM.Collect$$libinit$$00000013)
    __rt_lib_init_lc_ctype_1                 0x080001f7   Thumb Code     0  libinit2.o(.ARM.Collect$$libinit$$00000015)
    __rt_lib_init_lc_monetary_1              0x080001f7   Thumb Code     0  libinit2.o(.ARM.Collect$$libinit$$00000017)
    __rt_lib_init_lc_numeric_1               0x080001f7   Thumb Code     0  libinit2.o(.ARM.Collect$$libinit$$00000019)
    __rt_lib_init_lc_time_1                  0x080001f7   Thumb Code     0  libinit2.o(.ARM.Collect$$libinit$$0000001B)
    __rt_lib_init_preinit_1                  0x080001f7   Thumb Code     0  libinit2.o(.ARM.Collect$$libinit$$00000006)
    __rt_lib_init_rand_1                     0x080001f7   Thumb Code     0  libinit2.o(.ARM.Collect$$libinit$$00000010)
    __rt_lib_init_relocate_pie_1             0x080001f7   Thumb Code     0  libinit2.o(.ARM.Collect$$libinit$$00000004)
    __rt_lib_init_return                     0x080001f7   Thumb Code     0  libinit2.o(.ARM.Collect$$libinit$$00000035)
    __rt_lib_init_signal_1                   0x080001f7   Thumb Code     0  libinit2.o(.ARM.Collect$$libinit$$0000001F)
    __rt_lib_init_stdio_1                    0x080001f7   Thumb Code     0  libinit2.o(.ARM.Collect$$libinit$$00000027)
    __rt_lib_init_user_alloc_1               0x080001f7   Thumb Code     0  libinit2.o(.ARM.Collect$$libinit$$0000000E)
    __rt_lib_shutdown                        0x080001f9   Thumb Code     0  libshutdown.o(.ARM.Collect$$libshutdown$$00000000)
    __rt_lib_shutdown_cpp_1                  0x080001fb   Thumb Code     0  libshutdown2.o(.ARM.Collect$$libshutdown$$00000002)
    __rt_lib_shutdown_fp_trap_1              0x080001fb   Thumb Code     0  libshutdown2.o(.ARM.Collect$$libshutdown$$00000007)
    __rt_lib_shutdown_heap_1                 0x080001fb   Thumb Code     0  libshutdown2.o(.ARM.Collect$$libshutdown$$0000000F)
    __rt_lib_shutdown_return                 0x080001fb   Thumb Code     0  libshutdown2.o(.ARM.Collect$$libshutdown$$00000010)
    __rt_lib_shutdown_signal_1               0x080001fb   Thumb Code     0  libshutdown2.o(.ARM.Collect$$libshutdown$$0000000A)
    __rt_lib_shutdown_stdio_1                0x080001fb   Thumb Code     0  libshutdown2.o(.ARM.Collect$$libshutdown$$00000004)
    __rt_lib_shutdown_user_alloc_1           0x080001fb   Thumb Code     0  libshutdown2.o(.ARM.Collect$$libshutdown$$0000000C)
    __rt_entry                               0x080001fd   Thumb Code     0  __rtentry.o(.ARM.Collect$$rtentry$$00000000)
    __rt_entry_presh_1                       0x080001fd   Thumb Code     0  __rtentry2.o(.ARM.Collect$$rtentry$$00000002)
    __rt_entry_sh                            0x080001fd   Thumb Code     0  __rtentry4.o(.ARM.Collect$$rtentry$$00000004)
    __rt_entry_li                            0x08000203   Thumb Code     0  __rtentry2.o(.ARM.Collect$$rtentry$$0000000A)
    __rt_entry_postsh_1                      0x08000203   Thumb Code     0  __rtentry2.o(.ARM.Collect$$rtentry$$00000009)
    __rt_entry_main                          0x08000207   Thumb Code     0  __rtentry2.o(.ARM.Collect$$rtentry$$0000000D)
    __rt_entry_postli_1                      0x08000207   Thumb Code     0  __rtentry2.o(.ARM.Collect$$rtentry$$0000000C)
    __rt_exit                                0x0800020f   Thumb Code     0  rtexit.o(.ARM.Collect$$rtexit$$00000000)
    __rt_exit_ls                             0x08000211   Thumb Code     0  rtexit2.o(.ARM.Collect$$rtexit$$00000003)
    __rt_exit_prels_1                        0x08000211   Thumb Code     0  rtexit2.o(.ARM.Collect$$rtexit$$00000002)
    __rt_exit_exit                           0x08000215   Thumb Code     0  rtexit2.o(.ARM.Collect$$rtexit$$00000004)
    Reset_Handler                            0x0800021d   Thumb Code     8  startup_at32f403.o(.text)
    ADC1_2_IRQHandler                        0x08000237   Thumb Code     0  startup_at32f403.o(.text)
    ADC3_IRQHandler                          0x08000237   Thumb Code     0  startup_at32f403.o(.text)
    CAN1_RX1_IRQHandler                      0x08000237   Thumb Code     0  startup_at32f403.o(.text)
    CAN1_SE_IRQHandler                       0x08000237   Thumb Code     0  startup_at32f403.o(.text)
    CRM_IRQHandler                           0x08000237   Thumb Code     0  startup_at32f403.o(.text)
    DMA1_Channel1_IRQHandler                 0x08000237   Thumb Code     0  startup_at32f403.o(.text)
    DMA1_Channel2_IRQHandler                 0x08000237   Thumb Code     0  startup_at32f403.o(.text)
    DMA1_Channel3_IRQHandler                 0x08000237   Thumb Code     0  startup_at32f403.o(.text)
    DMA1_Channel4_IRQHandler                 0x08000237   Thumb Code     0  startup_at32f403.o(.text)
    DMA1_Channel5_IRQHandler                 0x08000237   Thumb Code     0  startup_at32f403.o(.text)
    DMA1_Channel6_IRQHandler                 0x08000237   Thumb Code     0  startup_at32f403.o(.text)
    DMA1_Channel7_IRQHandler                 0x08000237   Thumb Code     0  startup_at32f403.o(.text)
    DMA2_Channel1_IRQHandler                 0x08000237   Thumb Code     0  startup_at32f403.o(.text)
    DMA2_Channel2_IRQHandler                 0x08000237   Thumb Code     0  startup_at32f403.o(.text)
    DMA2_Channel3_IRQHandler                 0x08000237   Thumb Code     0  startup_at32f403.o(.text)
    DMA2_Channel4_5_IRQHandler               0x08000237   Thumb Code     0  startup_at32f403.o(.text)
    EXINT0_IRQHandler                        0x08000237   Thumb Code     0  startup_at32f403.o(.text)
    EXINT15_10_IRQHandler                    0x08000237   Thumb Code     0  startup_at32f403.o(.text)
    EXINT1_IRQHandler                        0x08000237   Thumb Code     0  startup_at32f403.o(.text)
    EXINT2_IRQHandler                        0x08000237   Thumb Code     0  startup_at32f403.o(.text)
    EXINT3_IRQHandler                        0x08000237   Thumb Code     0  startup_at32f403.o(.text)
    EXINT4_IRQHandler                        0x08000237   Thumb Code     0  startup_at32f403.o(.text)
    EXINT9_5_IRQHandler                      0x08000237   Thumb Code     0  startup_at32f403.o(.text)
    FLASH_IRQHandler                         0x08000237   Thumb Code     0  startup_at32f403.o(.text)
    I2C1_ERR_IRQHandler                      0x08000237   Thumb Code     0  startup_at32f403.o(.text)
    I2C1_EVT_IRQHandler                      0x08000237   Thumb Code     0  startup_at32f403.o(.text)
    I2C2_ERR_IRQHandler                      0x08000237   Thumb Code     0  startup_at32f403.o(.text)
    I2C2_EVT_IRQHandler                      0x08000237   Thumb Code     0  startup_at32f403.o(.text)
    I2C3_ERR_IRQHandler                      0x08000237   Thumb Code     0  startup_at32f403.o(.text)
    I2C3_EVT_IRQHandler                      0x08000237   Thumb Code     0  startup_at32f403.o(.text)
    PVM_IRQHandler                           0x08000237   Thumb Code     0  startup_at32f403.o(.text)
    RTCAlarm_IRQHandler                      0x08000237   Thumb Code     0  startup_at32f403.o(.text)
    RTC_IRQHandler                           0x08000237   Thumb Code     0  startup_at32f403.o(.text)
    SDIO1_IRQHandler                         0x08000237   Thumb Code     0  startup_at32f403.o(.text)
    SDIO2_IRQHandler                         0x08000237   Thumb Code     0  startup_at32f403.o(.text)
    SPI1_IRQHandler                          0x08000237   Thumb Code     0  startup_at32f403.o(.text)
    SPI2_IRQHandler                          0x08000237   Thumb Code     0  startup_at32f403.o(.text)
    SPI3_IRQHandler                          0x08000237   Thumb Code     0  startup_at32f403.o(.text)
    SPI4_IRQHandler                          0x08000237   Thumb Code     0  startup_at32f403.o(.text)
    TAMPER_IRQHandler                        0x08000237   Thumb Code     0  startup_at32f403.o(.text)
    TMR15_BRK_IRQHandler                     0x08000237   Thumb Code     0  startup_at32f403.o(.text)
    TMR15_CH_IRQHandler                      0x08000237   Thumb Code     0  startup_at32f403.o(.text)
    TMR15_OVF_IRQHandler                     0x08000237   Thumb Code     0  startup_at32f403.o(.text)
    TMR15_TRG_HALL_IRQHandler                0x08000237   Thumb Code     0  startup_at32f403.o(.text)
    TMR1_BRK_TMR9_IRQHandler                 0x08000237   Thumb Code     0  startup_at32f403.o(.text)
    TMR1_CH_IRQHandler                       0x08000237   Thumb Code     0  startup_at32f403.o(.text)
    TMR1_OVF_TMR10_IRQHandler                0x08000237   Thumb Code     0  startup_at32f403.o(.text)
    TMR1_TRG_HALL_TMR11_IRQHandler           0x08000237   Thumb Code     0  startup_at32f403.o(.text)
    TMR2_GLOBAL_IRQHandler                   0x08000237   Thumb Code     0  startup_at32f403.o(.text)
    TMR4_GLOBAL_IRQHandler                   0x08000237   Thumb Code     0  startup_at32f403.o(.text)
    TMR5_GLOBAL_IRQHandler                   0x08000237   Thumb Code     0  startup_at32f403.o(.text)
    TMR6_GLOBAL_IRQHandler                   0x08000237   Thumb Code     0  startup_at32f403.o(.text)
    TMR7_GLOBAL_IRQHandler                   0x08000237   Thumb Code     0  startup_at32f403.o(.text)
    TMR8_BRK_TMR12_IRQHandler                0x08000237   Thumb Code     0  startup_at32f403.o(.text)
    TMR8_CH_IRQHandler                       0x08000237   Thumb Code     0  startup_at32f403.o(.text)
    TMR8_OVF_TMR13_IRQHandler                0x08000237   Thumb Code     0  startup_at32f403.o(.text)
    TMR8_TRG_HALL_TMR14_IRQHandler           0x08000237   Thumb Code     0  startup_at32f403.o(.text)
    UART4_IRQHandler                         0x08000237   Thumb Code     0  startup_at32f403.o(.text)
    UART5_IRQHandler                         0x08000237   Thumb Code     0  startup_at32f403.o(.text)
    USART1_IRQHandler                        0x08000237   Thumb Code     0  startup_at32f403.o(.text)
    USART2_IRQHandler                        0x08000237   Thumb Code     0  startup_at32f403.o(.text)
    USART3_IRQHandler                        0x08000237   Thumb Code     0  startup_at32f403.o(.text)
    USBFSWakeUp_IRQHandler                   0x08000237   Thumb Code     0  startup_at32f403.o(.text)
    USBFS_H_CAN1_TX_IRQHandler               0x08000237   Thumb Code     0  startup_at32f403.o(.text)
    USBFS_L_CAN1_RX0_IRQHandler              0x08000237   Thumb Code     0  startup_at32f403.o(.text)
    WWDT_IRQHandler                          0x08000237   Thumb Code     0  startup_at32f403.o(.text)
    XMC_IRQHandler                           0x08000237   Thumb Code     0  startup_at32f403.o(.text)
    __user_initial_stackheap                 0x08000239   Thumb Code     0  startup_at32f403.o(.text)
    __use_no_semihosting                     0x0800025d   Thumb Code     2  use_no_semi_2.o(.text)
    puts                                     0x08000261   Thumb Code    40  puts.o(.text)
    __use_two_region_memory                  0x0800028d   Thumb Code     2  heapauxi.o(.text)
    __rt_heap_escrow$2region                 0x0800028f   Thumb Code     2  heapauxi.o(.text)
    __rt_heap_expand$2region                 0x08000291   Thumb Code     2  heapauxi.o(.text)
    __I$use$semihosting                      0x08000293   Thumb Code     0  use_no_semi.o(.text)
    __use_no_semihosting_swi                 0x08000293   Thumb Code     2  use_no_semi.o(.text)
    __user_setup_stackheap                   0x08000295   Thumb Code    74  sys_stackheap_outer.o(.text)
    exit                                     0x080002df   Thumb Code    18  exit.o(.text)
    __user_libspace                          0x080002f1   Thumb Code     8  libspace.o(.text)
    __user_perproc_libspace                  0x080002f1   Thumb Code     0  libspace.o(.text)
    __user_perthread_libspace                0x080002f1   Thumb Code     0  libspace.o(.text)
    BusFault_Handler                         0x080002f9   Thumb Code     2  lto-llvm-bd6695.o(.text.BusFault_Handler)
    DebugMon_Handler                         0x080002fd   Thumb Code     2  lto-llvm-bd6695.o(.text.DebugMon_Handler)
    HardFault_Handler                        0x08000301   Thumb Code     2  lto-llvm-bd6695.o(.text.HardFault_Handler)
    MemManage_Handler                        0x08000311   Thumb Code     2  lto-llvm-bd6695.o(.text.MemManage_Handler)
    NMI_Handler                              0x08000315   Thumb Code     2  lto-llvm-bd6695.o(.text.NMI_Handler)
    PendSV_Handler                           0x08000319   Thumb Code     2  lto-llvm-bd6695.o(.text.PendSV_Handler)
    SVC_Handler                              0x08000391   Thumb Code     2  lto-llvm-bd6695.o(.text.SVC_Handler)
    SysTick_Handler                          0x08000395   Thumb Code     2  lto-llvm-bd6695.o(.text.SysTick_Handler)
    SystemInit                               0x08000399   Thumb Code   108  lto-llvm-bd6695.o(.text.SystemInit)
    TMR3_GLOBAL_IRQHandler                   0x08000405   Thumb Code    68  lto-llvm-bd6695.o(.text.TMR3_GLOBAL_IRQHandler)
    UsageFault_Handler                       0x08000449   Thumb Code     2  lto-llvm-bd6695.o(.text.UsageFault_Handler)
    fputc                                    0x0800044d   Thumb Code    32  lto-llvm-bd6695.o(.text.fputc)
    main                                     0x0800052d   Thumb Code  1324  lto-llvm-bd6695.o(.text.main)
    _fp_init                                 0x08000a59   Thumb Code    26  fpinit.o(x$fpl$fpinit)
    __fplib_config_fpu_vfp                   0x08000a71   Thumb Code     0  fpinit.o(x$fpl$fpinit)
    __fplib_config_pureend_doubles           0x08000a71   Thumb Code     0  fpinit.o(x$fpl$fpinit)
    Region$$Table$$Base                      0x08000ac4   Number         0  anon$$obj.o(Region$$Table)
    Region$$Table$$Limit                     0x08000ae4   Number         0  anon$$obj.o(Region$$Table)
    __libspace_start                         0x20000008   Data          96  libspace.o(.bss)
    __temporary_stack_top$libspace           0x20000068   Data           0  libspace.o(.bss)
    __stdout                                 0x200000c8   Data          84  lto-llvm-bd6695.o(.bss.__stdout)



==============================================================================

Memory Map of the image

  Image Entry point : 0x08000151

  Load Region LR_IROM1 (Base: 0x08000000, Size: 0x00000af0, Max: 0x00100000, ABSOLUTE)

    Execution Region ER_IROM1 (Exec base: 0x08000000, Load base: 0x08000000, Size: 0x00000ae4, Max: 0x00100000, ABSOLUTE)

    Exec Addr    Load Addr    Size         Type   Attr      Idx    E Section Name        Object

    0x08000000   0x08000000   0x00000150   Data   RO           34    RESET               startup_at32f403.o
    0x08000150   0x08000150   0x00000008   Code   RO           50  * !!!main             c_w.l(__main.o)
    0x08000158   0x08000158   0x0000005c   Code   RO          260    !!!scatter          c_w.l(__scatter.o)
    0x080001b4   0x080001b4   0x0000001a   Code   RO          264    !!handler_copy      c_w.l(__scatter_copy.o)
    0x080001ce   0x080001ce   0x00000002   PAD
    0x080001d0   0x080001d0   0x00000002   Code   RO          261    !!handler_null      c_w.l(__scatter.o)
    0x080001d2   0x080001d2   0x00000002   PAD
    0x080001d4   0x080001d4   0x0000001c   Code   RO          266    !!handler_zi        c_w.l(__scatter_zi.o)
    0x080001f0   0x080001f0   0x00000002   Code   RO           79    .ARM.Collect$$libinit$$00000000  c_w.l(libinit.o)
    0x080001f2   0x080001f2   0x00000004   Code   RO           85    .ARM.Collect$$libinit$$00000001  c_w.l(libinit2.o)
    0x080001f6   0x080001f6   0x00000000   Code   RO           88    .ARM.Collect$$libinit$$00000004  c_w.l(libinit2.o)
    0x080001f6   0x080001f6   0x00000000   Code   RO           90    .ARM.Collect$$libinit$$00000006  c_w.l(libinit2.o)
    0x080001f6   0x080001f6   0x00000000   Code   RO           93    .ARM.Collect$$libinit$$0000000C  c_w.l(libinit2.o)
    0x080001f6   0x080001f6   0x00000000   Code   RO           95    .ARM.Collect$$libinit$$0000000E  c_w.l(libinit2.o)
    0x080001f6   0x080001f6   0x00000000   Code   RO           97    .ARM.Collect$$libinit$$00000010  c_w.l(libinit2.o)
    0x080001f6   0x080001f6   0x00000000   Code   RO          100    .ARM.Collect$$libinit$$00000013  c_w.l(libinit2.o)
    0x080001f6   0x080001f6   0x00000000   Code   RO          102    .ARM.Collect$$libinit$$00000015  c_w.l(libinit2.o)
    0x080001f6   0x080001f6   0x00000000   Code   RO          104    .ARM.Collect$$libinit$$00000017  c_w.l(libinit2.o)
    0x080001f6   0x080001f6   0x00000000   Code   RO          106    .ARM.Collect$$libinit$$00000019  c_w.l(libinit2.o)
    0x080001f6   0x080001f6   0x00000000   Code   RO          108    .ARM.Collect$$libinit$$0000001B  c_w.l(libinit2.o)
    0x080001f6   0x080001f6   0x00000000   Code   RO          110    .ARM.Collect$$libinit$$0000001D  c_w.l(libinit2.o)
    0x080001f6   0x080001f6   0x00000000   Code   RO          112    .ARM.Collect$$libinit$$0000001F  c_w.l(libinit2.o)
    0x080001f6   0x080001f6   0x00000000   Code   RO          114    .ARM.Collect$$libinit$$00000021  c_w.l(libinit2.o)
    0x080001f6   0x080001f6   0x00000000   Code   RO          116    .ARM.Collect$$libinit$$00000023  c_w.l(libinit2.o)
    0x080001f6   0x080001f6   0x00000000   Code   RO          118    .ARM.Collect$$libinit$$00000025  c_w.l(libinit2.o)
    0x080001f6   0x080001f6   0x00000000   Code   RO          120    .ARM.Collect$$libinit$$00000027  c_w.l(libinit2.o)
    0x080001f6   0x080001f6   0x00000000   Code   RO          124    .ARM.Collect$$libinit$$0000002E  c_w.l(libinit2.o)
    0x080001f6   0x080001f6   0x00000000   Code   RO          126    .ARM.Collect$$libinit$$00000030  c_w.l(libinit2.o)
    0x080001f6   0x080001f6   0x00000000   Code   RO          128    .ARM.Collect$$libinit$$00000032  c_w.l(libinit2.o)
    0x080001f6   0x080001f6   0x00000000   Code   RO          130    .ARM.Collect$$libinit$$00000034  c_w.l(libinit2.o)
    0x080001f6   0x080001f6   0x00000002   Code   RO          131    .ARM.Collect$$libinit$$00000035  c_w.l(libinit2.o)
    0x080001f8   0x080001f8   0x00000002   Code   RO          149    .ARM.Collect$$libshutdown$$00000000  c_w.l(libshutdown.o)
    0x080001fa   0x080001fa   0x00000000   Code   RO          161    .ARM.Collect$$libshutdown$$00000002  c_w.l(libshutdown2.o)
    0x080001fa   0x080001fa   0x00000000   Code   RO          163    .ARM.Collect$$libshutdown$$00000004  c_w.l(libshutdown2.o)
    0x080001fa   0x080001fa   0x00000000   Code   RO          166    .ARM.Collect$$libshutdown$$00000007  c_w.l(libshutdown2.o)
    0x080001fa   0x080001fa   0x00000000   Code   RO          169    .ARM.Collect$$libshutdown$$0000000A  c_w.l(libshutdown2.o)
    0x080001fa   0x080001fa   0x00000000   Code   RO          171    .ARM.Collect$$libshutdown$$0000000C  c_w.l(libshutdown2.o)
    0x080001fa   0x080001fa   0x00000000   Code   RO          174    .ARM.Collect$$libshutdown$$0000000F  c_w.l(libshutdown2.o)
    0x080001fa   0x080001fa   0x00000002   Code   RO          175    .ARM.Collect$$libshutdown$$00000010  c_w.l(libshutdown2.o)
    0x080001fc   0x080001fc   0x00000000   Code   RO           54    .ARM.Collect$$rtentry$$00000000  c_w.l(__rtentry.o)
    0x080001fc   0x080001fc   0x00000000   Code   RO           56    .ARM.Collect$$rtentry$$00000002  c_w.l(__rtentry2.o)
    0x080001fc   0x080001fc   0x00000006   Code   RO           68    .ARM.Collect$$rtentry$$00000004  c_w.l(__rtentry4.o)
    0x08000202   0x08000202   0x00000000   Code   RO           58    .ARM.Collect$$rtentry$$00000009  c_w.l(__rtentry2.o)
    0x08000202   0x08000202   0x00000004   Code   RO           59    .ARM.Collect$$rtentry$$0000000A  c_w.l(__rtentry2.o)
    0x08000206   0x08000206   0x00000000   Code   RO           61    .ARM.Collect$$rtentry$$0000000C  c_w.l(__rtentry2.o)
    0x08000206   0x08000206   0x00000008   Code   RO           62    .ARM.Collect$$rtentry$$0000000D  c_w.l(__rtentry2.o)
    0x0800020e   0x0800020e   0x00000002   Code   RO           83    .ARM.Collect$$rtexit$$00000000  c_w.l(rtexit.o)
    0x08000210   0x08000210   0x00000000   Code   RO          133    .ARM.Collect$$rtexit$$00000002  c_w.l(rtexit2.o)
    0x08000210   0x08000210   0x00000004   Code   RO          134    .ARM.Collect$$rtexit$$00000003  c_w.l(rtexit2.o)
    0x08000214   0x08000214   0x00000006   Code   RO          135    .ARM.Collect$$rtexit$$00000004  c_w.l(rtexit2.o)
    0x0800021a   0x0800021a   0x00000002   PAD
    0x0800021c   0x0800021c   0x00000040   Code   RO           35    .text               startup_at32f403.o
    0x0800025c   0x0800025c   0x00000002   Code   RO           44    .text               c_w.l(use_no_semi_2.o)
    0x0800025e   0x0800025e   0x00000002   PAD
    0x08000260   0x08000260   0x0000002c   Code   RO           46    .text               c_w.l(puts.o)
    0x0800028c   0x0800028c   0x00000006   Code   RO           48    .text               c_w.l(heapauxi.o)
    0x08000292   0x08000292   0x00000002   Code   RO           52    .text               c_w.l(use_no_semi.o)
    0x08000294   0x08000294   0x0000004a   Code   RO           70    .text               c_w.l(sys_stackheap_outer.o)
    0x080002de   0x080002de   0x00000012   Code   RO           72    .text               c_w.l(exit.o)
    0x080002f0   0x080002f0   0x00000008   Code   RO           80    .text               c_w.l(libspace.o)
    0x080002f8   0x080002f8   0x00000002   Code   RO          212    .text.BusFault_Handler  lto-llvm-bd6695.o
    0x080002fa   0x080002fa   0x00000002   PAD
    0x080002fc   0x080002fc   0x00000002   Code   RO          218    .text.DebugMon_Handler  lto-llvm-bd6695.o
    0x080002fe   0x080002fe   0x00000002   PAD
    0x08000300   0x08000300   0x00000002   Code   RO          208    .text.HardFault_Handler  lto-llvm-bd6695.o
    0x08000302   0x08000302   0x00000002   PAD
    0x08000304   0x08000304   0x0000000c   Code   RO          228    .text.Led_task      lto-llvm-bd6695.o
    0x08000310   0x08000310   0x00000002   Code   RO          210    .text.MemManage_Handler  lto-llvm-bd6695.o
    0x08000312   0x08000312   0x00000002   PAD
    0x08000314   0x08000314   0x00000002   Code   RO          206    .text.NMI_Handler   lto-llvm-bd6695.o
    0x08000316   0x08000316   0x00000002   PAD
    0x08000318   0x08000318   0x00000002   Code   RO          220    .text.PendSV_Handler  lto-llvm-bd6695.o
    0x0800031a   0x0800031a   0x00000002   PAD
    0x0800031c   0x0800031c   0x00000074   Code   RO          226    .text.Printf_task   lto-llvm-bd6695.o
    0x08000390   0x08000390   0x00000002   Code   RO          216    .text.SVC_Handler   lto-llvm-bd6695.o
    0x08000392   0x08000392   0x00000002   PAD
    0x08000394   0x08000394   0x00000002   Code   RO          222    .text.SysTick_Handler  lto-llvm-bd6695.o
    0x08000396   0x08000396   0x00000002   PAD
    0x08000398   0x08000398   0x0000006c   Code   RO          240    .text.SystemInit    lto-llvm-bd6695.o
    0x08000404   0x08000404   0x00000044   Code   RO          224    .text.TMR3_GLOBAL_IRQHandler  lto-llvm-bd6695.o
    0x08000448   0x08000448   0x00000002   Code   RO          214    .text.UsageFault_Handler  lto-llvm-bd6695.o
    0x0800044a   0x0800044a   0x00000002   PAD
    0x0800044c   0x0800044c   0x00000020   Code   RO          236    .text.fputc         lto-llvm-bd6695.o
    0x0800046c   0x0800046c   0x000000be   Code   RO          238    .text.gpio_init     lto-llvm-bd6695.o
    0x0800052a   0x0800052a   0x00000002   PAD
    0x0800052c   0x0800052c   0x0000052c   Code   RO          230    .text.main          lto-llvm-bd6695.o
    0x08000a58   0x08000a58   0x0000001a   Code   RO          141    x$fpl$fpinit        fz_wm.l(fpinit.o)
    0x08000a72   0x08000a72   0x00000010   Data   RO          249    .rodata.cst16       lto-llvm-bd6695.o
    0x08000a82   0x08000a82   0x00000008   Data   RO          247    .rodata.cst8        lto-llvm-bd6695.o
    0x08000a8a   0x08000a8a   0x0000003a   Data   RO          242    .rodata.str1.1      lto-llvm-bd6695.o
    0x08000ac4   0x08000ac4   0x00000020   Data   RO          259    Region$$Table       anon$$obj.o


    Execution Region RW_IRAM1 (Exec base: 0x20000000, Load base: 0x08000ae8, Size: 0x00000728, Max: 0x00038000, ABSOLUTE)

    Exec Addr    Load Addr    Size         Type   Attr      Idx    E Section Name        Object

    0x20000000   0x08000ae8   0x00000004   Data   RW          248    .data.system_core_clock  lto-llvm-bd6695.o
    0x20000004   0x08000aec   0x00000004   PAD
    0x20000008        -       0x00000060   Zero   RW           81    .bss                c_w.l(libspace.o)
    0x20000068        -       0x00000060   Zero   RW          250    .bss.TimerEvent     lto-llvm-bd6695.o
    0x200000c8        -       0x00000054   Zero   RW          246    .bss.__stdout       lto-llvm-bd6695.o
    0x2000011c        -       0x00000004   Zero   RW          245    .bss.fac_ms         lto-llvm-bd6695.o
    0x20000120        -       0x00000004   Zero   RW          244    .bss.fac_us         lto-llvm-bd6695.o
    0x20000124   0x08000aec   0x00000004   PAD
    0x20000128        -       0x00000200   Zero   RW           33    HEAP                startup_at32f403.o
    0x20000328        -       0x00000400   Zero   RW           32    STACK               startup_at32f403.o


==============================================================================

Image component sizes


      Code (inc. data)   RO Data    RW Data    ZI Data      Debug   Object Name

      1868          0         82          4        188     114583   lto-llvm-bd6695.o
        64         26        336          0       1536        972   startup_at32f403.o

    ----------------------------------------------------------------------
      1952         26        450          4       1732     115555   Object Totals
         0          0         32          0          0          0   (incl. Generated)
        20          0          0          0          8          0   (incl. Padding)

    ----------------------------------------------------------------------

      Code (inc. data)   RO Data    RW Data    ZI Data      Debug   Library Member Name

         8          0          0          0          0         68   __main.o
         0          0          0          0          0          0   __rtentry.o
        12          0          0          0          0          0   __rtentry2.o
         6          0          0          0          0          0   __rtentry4.o
        94          8          0          0          0          0   __scatter.o
        26          0          0          0          0          0   __scatter_copy.o
        28          0          0          0          0          0   __scatter_zi.o
        18          0          0          0          0         80   exit.o
         6          0          0          0          0        152   heapauxi.o
         2          0          0          0          0          0   libinit.o
         6          0          0          0          0          0   libinit2.o
         2          0          0          0          0          0   libshutdown.o
         2          0          0          0          0          0   libshutdown2.o
         8          4          0          0         96         68   libspace.o
        44          4          0          0          0         84   puts.o
         2          0          0          0          0          0   rtexit.o
        10          0          0          0          0          0   rtexit2.o
        74          0          0          0          0         80   sys_stackheap_outer.o
         2          0          0          0          0         68   use_no_semi.o
         2          0          0          0          0         68   use_no_semi_2.o
        26          0          0          0          0        116   fpinit.o

    ----------------------------------------------------------------------
       386         16          0          0         96        784   Library Totals
         8          0          0          0          0          0   (incl. Padding)

    ----------------------------------------------------------------------

      Code (inc. data)   RO Data    RW Data    ZI Data      Debug   Library Name

       352         16          0          0         96        668   c_w.l
        26          0          0          0          0        116   fz_wm.l

    ----------------------------------------------------------------------
       386         16          0          0         96        784   Library Totals

    ----------------------------------------------------------------------

==============================================================================


      Code (inc. data)   RO Data    RW Data    ZI Data      Debug   

      2338         42        450          4       1828     116199   Grand Totals
      2338         42        450          4       1828     116199   ELF Image Totals
      2338         42        450          4          0          0   ROM Totals

==============================================================================

    Total RO  Size (Code + RO Data)                 2788 (   2.72kB)
    Total RW  Size (RW Data + ZI Data)              1832 (   1.79kB)
    Total ROM Size (Code + RO Data + RW Data)       2792 (   2.73kB)

==============================================================================

