Component: ARM Compiler 5.06 update 4 (build 422) Tool: armlink [4d35d2]

==============================================================================

Section Cross References

    at32f403_clock.o(i.system_clock_config) refers to at32f403_crm.o(i.crm_reset) for crm_reset
    at32f403_clock.o(i.system_clock_config) refers to at32f403_crm.o(i.crm_clock_source_enable) for crm_clock_source_enable
    at32f403_clock.o(i.system_clock_config) refers to at32f403_clock.o(i.wait_stbl) for wait_stbl
    at32f403_clock.o(i.system_clock_config) refers to at32f403_crm.o(i.crm_flag_get) for crm_flag_get
    at32f403_clock.o(i.system_clock_config) refers to at32f403_crm.o(i.crm_pll_config) for crm_pll_config
    at32f403_clock.o(i.system_clock_config) refers to at32f403_crm.o(i.crm_apb2_div_set) for crm_apb2_div_set
    at32f403_clock.o(i.system_clock_config) refers to at32f403_crm.o(i.crm_apb1_div_set) for crm_apb1_div_set
    at32f403_clock.o(i.system_clock_config) refers to at32f403_crm.o(i.crm_ahb_div_set) for crm_ahb_div_set
    at32f403_clock.o(i.system_clock_config) refers to at32f403_crm.o(i.crm_sysclk_switch) for crm_sysclk_switch
    at32f403_clock.o(i.system_clock_config) refers to at32f403_crm.o(i.crm_sysclk_switch_status_get) for crm_sysclk_switch_status_get
    at32f403_clock.o(i.system_clock_config) refers to system_at32f403.o(i.system_core_clock_update) for system_core_clock_update
    main.o(i.EXINT0_IRQHandler) refers to main.o(i.button_isr) for button_isr
    main.o(i.button_exint_init) refers to at32f403_crm.o(i.crm_periph_clock_enable) for crm_periph_clock_enable
    main.o(i.button_exint_init) refers to at32f403_gpio.o(i.gpio_exint_line_config) for gpio_exint_line_config
    main.o(i.button_exint_init) refers to at32f403_exint.o(i.exint_default_para_init) for exint_default_para_init
    main.o(i.button_exint_init) refers to at32f403_exint.o(i.exint_init) for exint_init
    main.o(i.button_exint_init) refers to at32f403_misc.o(i.nvic_priority_group_config) for nvic_priority_group_config
    main.o(i.button_exint_init) refers to at32f403_misc.o(i.nvic_irq_enable) for nvic_irq_enable
    main.o(i.button_isr) refers to at32f403_board.o(i.delay_ms) for delay_ms
    main.o(i.button_isr) refers to at32f403_exint.o(i.exint_flag_clear) for exint_flag_clear
    main.o(i.button_isr) refers to at32f403_gpio.o(i.gpio_input_data_bit_read) for gpio_input_data_bit_read
    main.o(i.button_isr) refers to main.o(.data) for g_speed
    main.o(i.main) refers to at32f403_clock.o(i.system_clock_config) for system_clock_config
    main.o(i.main) refers to at32f403_board.o(i.at32_board_init) for at32_board_init
    main.o(i.main) refers to main.o(i.button_exint_init) for button_exint_init
    main.o(i.main) refers to at32f403_board.o(i.uart_print_init) for uart_print_init
    main.o(i.main) refers to printf1.o(i.__0printf$1) for __2printf
    at32f403_board.o(i.at32_board_init) refers to at32f403_board.o(i.delay_init) for delay_init
    at32f403_board.o(i.at32_board_init) refers to at32f403_board.o(i.at32_led_init) for at32_led_init
    at32f403_board.o(i.at32_board_init) refers to at32f403_board.o(i.at32_led_off) for at32_led_off
    at32f403_board.o(i.at32_board_init) refers to at32f403_board.o(i.at32_button_init) for at32_button_init
    at32f403_board.o(i.at32_button_init) refers to at32f403_crm.o(i.crm_periph_clock_enable) for crm_periph_clock_enable
    at32f403_board.o(i.at32_button_init) refers to at32f403_gpio.o(i.gpio_default_para_init) for gpio_default_para_init
    at32f403_board.o(i.at32_button_init) refers to at32f403_gpio.o(i.gpio_init) for gpio_init
    at32f403_board.o(i.at32_button_press) refers to at32f403_board.o(i.at32_button_state) for at32_button_state
    at32f403_board.o(i.at32_button_press) refers to at32f403_board.o(i.delay_ms) for delay_ms
    at32f403_board.o(i.at32_button_press) refers to at32f403_board.o(.data) for pressed
    at32f403_board.o(i.at32_button_state) refers to at32f403_gpio.o(i.gpio_input_data_bit_read) for gpio_input_data_bit_read
    at32f403_board.o(i.at32_led_init) refers to at32f403_crm.o(i.crm_periph_clock_enable) for crm_periph_clock_enable
    at32f403_board.o(i.at32_led_init) refers to at32f403_gpio.o(i.gpio_default_para_init) for gpio_default_para_init
    at32f403_board.o(i.at32_led_init) refers to at32f403_gpio.o(i.gpio_init) for gpio_init
    at32f403_board.o(i.at32_led_init) refers to at32f403_board.o(.data) for led_gpio_crm_clk
    at32f403_board.o(i.at32_led_off) refers to at32f403_board.o(.data) for led_gpio_pin
    at32f403_board.o(i.at32_led_on) refers to at32f403_board.o(.data) for led_gpio_pin
    at32f403_board.o(i.at32_led_toggle) refers to at32f403_board.o(.data) for led_gpio_pin
    at32f403_board.o(i.delay_init) refers to at32f403_misc.o(i.systick_clock_source_config) for systick_clock_source_config
    at32f403_board.o(i.delay_init) refers to system_at32f403.o(.data) for system_core_clock
[...]
    printf8.o(i.__0fprintf$8) refers to printf8.o(i._printf_core) for _printf_core
    printf8.o(i.__0fprintf$8) refers to at32f403_board.o(i.fputc) for fputc
    printf8.o(i.__0printf$8) refers to printf8.o(i._printf_core) for _printf_core
    printf8.o(i.__0printf$8) refers to at32f403_board.o(i.fputc) for fputc
    printf8.o(i.__0printf$8) refers to at32f403_board.o(.data) for __stdout
    printf8.o(i.__0snprintf$8) refers to printf8.o(i._printf_core) for _printf_core
    printf8.o(i.__0snprintf$8) refers to printf8.o(i._snputc) for _snputc
    printf8.o(i.__0sprintf$8) refers to printf8.o(i._printf_core) for _printf_core
    printf8.o(i.__0sprintf$8) refers to printf8.o(i._sputc) for _sputc
    printf8.o(i.__0vfprintf$8) refers to printf8.o(i._printf_core) for _printf_core
    printf8.o(i.__0vfprintf$8) refers to at32f403_board.o(i.fputc) for fputc
    printf8.o(i.__0vprintf$8) refers to printf8.o(i._printf_core) for _printf_core
    printf8.o(i.__0vprintf$8) refers to at32f403_board.o(i.fputc) for fputc
    printf8.o(i.__0vprintf$8) refers to at32f403_board.o(.data) for __stdout
    printf8.o(i.__0vsnprintf$8) refers to printf8.o(i._printf_core) for _printf_core
    printf8.o(i.__0vsnprintf$8) refers to printf8.o(i._snputc) for _snputc
    printf8.o(i.__0vsprintf$8) refers to printf8.o(i._printf_core) for _printf_core
    printf8.o(i.__0vsprintf$8) refers to printf8.o(i._sputc) for _sputc
    printf8.o(i._printf_core) refers to printf8.o(i._printf_pre_padding) for _printf_pre_padding
    printf8.o(i._printf_core) refers to uldiv.o(.text) for __aeabi_uldivmod
    printf8.o(i._printf_core) refers to printf8.o(i._printf_post_padding) for _printf_post_padding
    printfa.o(i.__0fprintf) refers (Special) to iusefp.o(.text) for __I$use$fp
    printfa.o(i.__0fprintf) refers to printfa.o(i._printf_core) for _printf_core
    printfa.o(i.__0fprintf) refers to at32f403_board.o(i.fputc) for fputc
    printfa.o(i.__0printf) refers (Special) to iusefp.o(.text) for __I$use$fp
    printfa.o(i.__0printf) refers to printfa.o(i._printf_core) for _printf_core
    printfa.o(i.__0printf) refers to at32f403_board.o(i.fputc) for fputc
    printfa.o(i.__0printf) refers to at32f403_board.o(.data) for __stdout
    printfa.o(i.__0snprintf) refers (Special) to iusefp.o(.text) for __I$use$fp
    printfa.o(i.__0snprintf) refers to printfa.o(i._printf_core) for _printf_core
    printfa.o(i.__0snprintf) refers to printfa.o(i._snputc) for _snputc
    printfa.o(i.__0sprintf) refers (Special) to iusefp.o(.text) for __I$use$fp
    printfa.o(i.__0sprintf) refers to printfa.o(i._printf_core) for _printf_core
    printfa.o(i.__0sprintf) refers to printfa.o(i._sputc) for _sputc
    printfa.o(i.__0vfprintf) refers (Special) to iusefp.o(.text) for __I$use$fp
    printfa.o(i.__0vfprintf) refers to printfa.o(i._printf_core) for _printf_core
    printfa.o(i.__0vfprintf) refers to at32f403_board.o(i.fputc) for fputc
    printfa.o(i.__0vprintf) refers (Special) to iusefp.o(.text) for __I$use$fp
    printfa.o(i.__0vprintf) refers to printfa.o(i._printf_core) for _printf_core
    printfa.o(i.__0vprintf) refers to at32f403_board.o(i.fputc) for fputc
    printfa.o(i.__0vprintf) refers to at32f403_board.o(.data) for __stdout
    printfa.o(i.__0vsnprintf) refers (Special) to iusefp.o(.text) for __I$use$fp
    printfa.o(i.__0vsnprintf) refers to printfa.o(i._printf_core) for _printf_core
    printfa.o(i.__0vsnprintf) refers to printfa.o(i._snputc) for _snputc
    printfa.o(i.__0vsprintf) refers (Special) to iusefp.o(.text) for __I$use$fp
    printfa.o(i.__0vsprintf) refers to printfa.o(i._printf_core) for _printf_core
    printfa.o(i.__0vsprintf) refers to printfa.o(i._sputc) for _sputc
    printfa.o(i._fp_digits) refers (Special) to iusefp.o(.text) for __I$use$fp
    printfa.o(i._fp_digits) refers to dmul.o(.text) for __aeabi_dmul
    printfa.o(i._fp_digits) refers to ddiv.o(.text) for __aeabi_ddiv
    printfa.o(i._fp_digits) refers to cdrcmple.o(.text) for __aeabi_cdrcmple
    printfa.o(i._fp_digits) refers to dadd.o(.text) for __aeabi_dadd
    printfa.o(i._fp_digits) refers to dfixul.o(.text) for __aeabi_d2ulz
    printfa.o(i._fp_digits) refers to uldiv.o(.text) for __aeabi_uldivmod
    printfa.o(i._printf_core) refers (Special) to iusefp.o(.text) for __I$use$fp
    printfa.o(i._printf_core) refers to printfa.o(i._printf_pre_padding) for _printf_pre_padding
    printfa.o(i._printf_core) refers to uldiv.o(.text) for __aeabi_uldivmod
    printfa.o(i._printf_core) refers to printfa.o(i._printf_post_padding) for _printf_post_padding
    printfa.o(i._printf_core) refers to printfa.o(i._fp_digits) for _fp_digits
    printfa.o(i._printf_core) refers to uidiv.o(.text) for __aeabi_uidivmod
    printfa.o(i._printf_post_padding) refers (Special) to iusefp.o(.text) for __I$use$fp
    printfa.o(i._printf_pre_padding) refers (Special) to iusefp.o(.text) for __I$use$fp
    printfa.o(i._snputc) refers (Special) to iusefp.o(.text) for __I$use$fp
    printfa.o(i._sputc) refers (Special) to iusefp.o(.text) for __I$use$fp
    entry2.o(.ARM.Collect$$$$00000001) refers to entry2.o(.ARM.Collect$$$$00002712) for __lit__00000000
    entry2.o(.ARM.Collect$$$$00002712) refers to startup_at32f403.o(STACK) for __initial_sp
    entry2.o(__vectab_stack_and_reset_area) refers to startup_at32f403.o(STACK) for __initial_sp
    entry2.o(__vectab_stack_and_reset_area) refers to entry.o(.ARM.Collect$$$$00000000) for __main
    entry5.o(.ARM.Collect$$$$00000004) refers to init.o(.text) for __scatterload
    entry9a.o(.ARM.Collect$$$$0000000B) refers to main.o(i.main) for main
    entry9b.o(.ARM.Collect$$$$0000000C) refers to main.o(i.main) for main
    uldiv.o(.text) refers to llushr.o(.text) for __aeabi_llsr
    uldiv.o(.text) refers to llshl.o(.text) for __aeabi_llsl
    dadd.o(.text) refers to llshl.o(.text) for __aeabi_llsl
    dadd.o(.text) refers to llsshr.o(.text) for __aeabi_lasr
    dadd.o(.text) refers to depilogue.o(.text) for _double_epilogue
    dmul.o(.text) refers to depilogue.o(.text) for _double_epilogue
    ddiv.o(.text) refers to depilogue.o(.text) for _double_round
    dfixul.o(.text) refers to llushr.o(.text) for __aeabi_llsr
    dfixul.o(.text) refers to llshl.o(.text) for __aeabi_llsl
    init.o(.text) refers to entry5.o(.ARM.Collect$$$$00000004) for __main_after_scatterload
    depilogue.o(.text) refers to llshl.o(.text) for __aeabi_llsl
    depilogue.o(.text) refers to llushr.o(.text) for __aeabi_llsr


==============================================================================

Removing Unused input sections from the image.

    Removing at32f403_clock.o(.rev16_text), (4 bytes).
    Removing at32f403_clock.o(.revsh_text), (4 bytes).
    Removing at32f403_clock.o(.rrx_text), (6 bytes).
    Removing at32f403_int.o(.rev16_text), (4 bytes).
    Removing at32f403_int.o(.revsh_text), (4 bytes).
    Removing at32f403_int.o(.rrx_text), (6 bytes).
    Removing main.o(.rev16_text), (4 bytes).
    Removing main.o(.revsh_text), (4 bytes).
    Removing main.o(.rrx_text), (6 bytes).
    Removing at32f403_board.o(.rev16_text), (4 bytes).
    Removing at32f403_board.o(.revsh_text), (4 bytes).
    Removing at32f403_board.o(.rrx_text), (6 bytes).
    Removing at32f403_board.o(i._sys_exit), (4 bytes).
    Removing at32f403_board.o(i._ttywrch), (4 bytes).
    Removing at32f403_board.o(i.at32_button_press), (60 bytes).
    Removing at32f403_board.o(i.at32_button_state), (16 bytes).
    Removing at32f403_board.o(i.at32_led_on), (40 bytes).
    Removing at32f403_board.o(i.at32_led_toggle), (52 bytes).
    Removing at32f403_board.o(i.delay_sec), (34 bytes).
    Removing at32f403_board.o(i.delay_us), (80 bytes).
    Removing at32f403_adc.o(.rev16_text), (4 bytes).
    Removing at32f403_adc.o(.revsh_text), (4 bytes).
    Removing at32f403_adc.o(.rrx_text), (6 bytes).
    Removing at32f403_adc.o(i.adc_base_config), (44 bytes).
    Removing at32f403_adc.o(i.adc_base_default_para_init), (14 bytes).
    Removing at32f403_adc.o(i.adc_calibration_init), (12 bytes).
    Removing at32f403_adc.o(i.adc_calibration_init_status_get), (18 bytes).
    Removing at32f403_adc.o(i.adc_calibration_start), (12 bytes).
    Removing at32f403_adc.o(i.adc_calibration_status_get), (18 bytes).
    Removing at32f403_adc.o(i.adc_combine_mode_select), (20 bytes).
    Removing at32f403_adc.o(i.adc_combine_ordinary_conversion_data_get), (12 bytes).
    Removing at32f403_adc.o(i.adc_dma_mode_enable), (10 bytes).
    Removing at32f403_adc.o(i.adc_enable), (10 bytes).
    Removing at32f403_adc.o(i.adc_flag_clear), (6 bytes).
    Removing at32f403_adc.o(i.adc_flag_get), (16 bytes).
    Removing at32f403_adc.o(i.adc_interrupt_enable), (22 bytes).
    Removing at32f403_adc.o(i.adc_interrupt_flag_get), (84 bytes).
    Removing at32f403_adc.o(i.adc_ordinary_channel_set), (168 bytes).
    Removing at32f403_adc.o(i.adc_ordinary_conversion_data_get), (8 bytes).
    Removing at32f403_adc.o(i.adc_ordinary_conversion_trigger_set), (52 bytes).
    Removing at32f403_adc.o(i.adc_ordinary_part_count_set), (12 bytes).
    Removing at32f403_adc.o(i.adc_ordinary_part_mode_enable), (10 bytes).
    Removing at32f403_adc.o(i.adc_ordinary_software_trigger_enable), (10 bytes).
    Removing at32f403_adc.o(i.adc_ordinary_software_trigger_status_get), (18 bytes).
    Removing at32f403_adc.o(i.adc_preempt_auto_mode_enable), (10 bytes).
    Removing at32f403_adc.o(i.adc_preempt_channel_length_set), (12 bytes).
    Removing at32f403_adc.o(i.adc_preempt_channel_set), (142 bytes).
    Removing at32f403_adc.o(i.adc_preempt_conversion_data_get), (50 bytes).
    Removing at32f403_adc.o(i.adc_preempt_conversion_trigger_set), (52 bytes).
    Removing at32f403_adc.o(i.adc_preempt_offset_value_set), (62 bytes).
    Removing at32f403_adc.o(i.adc_preempt_part_mode_enable), (10 bytes).
    Removing at32f403_adc.o(i.adc_preempt_software_trigger_enable), (10 bytes).
    Removing at32f403_adc.o(i.adc_preempt_software_trigger_status_get), (18 bytes).
    Removing at32f403_adc.o(i.adc_reset), (100 bytes).
    Removing at32f403_adc.o(i.adc_tempersensor_vintrv_enable), (20 bytes).
    Removing at32f403_adc.o(i.adc_voltage_monitor_enable), (32 bytes).
    Removing at32f403_adc.o(i.adc_voltage_monitor_single_channel_select), (10 bytes).
    Removing at32f403_adc.o(i.adc_voltage_monitor_threshold_value_set), (18 bytes).
    Removing at32f403_bpr.o(.rev16_text), (4 bytes).
    Removing at32f403_bpr.o(.revsh_text), (4 bytes).
    Removing at32f403_bpr.o(.rrx_text), (6 bytes).
    Removing at32f403_bpr.o(i.bpr_data_read), (16 bytes).
    Removing at32f403_bpr.o(i.bpr_data_write), (16 bytes).
    Removing at32f403_bpr.o(i.bpr_flag_clear), (40 bytes).
    Removing at32f403_bpr.o(i.bpr_flag_get), (32 bytes).
    Removing at32f403_bpr.o(i.bpr_interrupt_enable), (20 bytes).
    Removing at32f403_bpr.o(i.bpr_interrupt_flag_get), (68 bytes).
    Removing at32f403_bpr.o(i.bpr_reset), (16 bytes).
    Removing at32f403_bpr.o(i.bpr_rtc_clock_calibration_value_set), (20 bytes).
    Removing at32f403_bpr.o(i.bpr_rtc_output_select), (28 bytes).
    Removing at32f403_bpr.o(i.bpr_tamper_pin_active_level_set), (20 bytes).
    Removing at32f403_bpr.o(i.bpr_tamper_pin_enable), (20 bytes).
    Removing at32f403_can.o(.rev16_text), (4 bytes).
    Removing at32f403_can.o(.revsh_text), (4 bytes).
    Removing at32f403_can.o(.rrx_text), (6 bytes).
    Removing at32f403_can.o(i.can_base_init), (188 bytes).
    Removing at32f403_can.o(i.can_baudrate_default_para_init), (16 bytes).
    Removing at32f403_can.o(i.can_baudrate_set), (146 bytes).
    Removing at32f403_can.o(i.can_debug_transmission_prohibit), (10 bytes).
    Removing at32f403_can.o(i.can_default_para_init), (18 bytes).
    Removing at32f403_can.o(i.can_doze_mode_enter), (74 bytes).
    Removing at32f403_can.o(i.can_doze_mode_exit), (44 bytes).
    Removing at32f403_can.o(i.can_error_type_record_get), (12 bytes).
    Removing at32f403_can.o(i.can_filter_default_para_init), (22 bytes).
    Removing at32f403_can.o(i.can_filter_init), (356 bytes).
    Removing at32f403_can.o(i.can_flag_clear), (124 bytes).
    Removing at32f403_can.o(i.can_flag_get), (240 bytes).
    Removing at32f403_can.o(i.can_interrupt_enable), (18 bytes).
    Removing at32f403_can.o(i.can_interrupt_flag_get), (260 bytes).
    Removing at32f403_can.o(i.can_message_receive), (240 bytes).
    Removing at32f403_can.o(i.can_message_transmit), (312 bytes).
    Removing at32f403_can.o(i.can_operating_mode_set), (222 bytes).
    Removing at32f403_can.o(i.can_receive_error_counter_get), (10 bytes).
    Removing at32f403_can.o(i.can_receive_fifo_release), (26 bytes).
    Removing at32f403_can.o(i.can_receive_message_pending_get), (34 bytes).
    Removing at32f403_can.o(i.can_reset), (32 bytes).
    Removing at32f403_can.o(i.can_transmit_cancel), (60 bytes).
    Removing at32f403_can.o(i.can_transmit_error_counter_get), (12 bytes).
    Removing at32f403_can.o(i.can_transmit_status_get), (108 bytes).
    Removing at32f403_can.o(i.can_ttc_mode_enable), (50 bytes).
    Removing at32f403_crc.o(.rev16_text), (4 bytes).
    Removing at32f403_crc.o(.revsh_text), (4 bytes).
    Removing at32f403_crc.o(.rrx_text), (6 bytes).
    Removing at32f403_crc.o(i.crc_block_calculate), (36 bytes).
    Removing at32f403_crc.o(i.crc_common_data_get), (12 bytes).
    Removing at32f403_crc.o(i.crc_common_data_set), (20 bytes).
    Removing at32f403_crc.o(i.crc_data_get), (12 bytes).
    Removing at32f403_crc.o(i.crc_data_reset), (20 bytes).
    Removing at32f403_crc.o(i.crc_init_data_set), (12 bytes).
    Removing at32f403_crc.o(i.crc_one_word_calculate), (16 bytes).
    Removing at32f403_crc.o(i.crc_poly_size_get), (16 bytes).
    Removing at32f403_crc.o(i.crc_poly_size_set), (20 bytes).
    Removing at32f403_crc.o(i.crc_poly_value_get), (12 bytes).
    Removing at32f403_crc.o(i.crc_poly_value_set), (12 bytes).
    Removing at32f403_crc.o(i.crc_reverse_input_data_set), (20 bytes).
    Removing at32f403_crc.o(i.crc_reverse_output_data_set), (20 bytes).
    Removing at32f403_crm.o(.rev16_text), (4 bytes).
    Removing at32f403_crm.o(.revsh_text), (4 bytes).
    Removing at32f403_crm.o(.rrx_text), (6 bytes).
    Removing at32f403_crm.o(i.crm_adc_clock_div_set), (32 bytes).
    Removing at32f403_crm.o(i.crm_battery_powered_domain_reset), (20 bytes).
    Removing at32f403_crm.o(i.crm_clock_failure_detection_enable), (20 bytes).
    Removing at32f403_crm.o(i.crm_clock_out_set), (32 bytes).
    Removing at32f403_crm.o(i.crm_flag_clear), (212 bytes).
    Removing at32f403_crm.o(i.crm_hext_bypass), (20 bytes).
    Removing at32f403_crm.o(i.crm_hext_stable_wait), (46 bytes).
    Removing at32f403_crm.o(i.crm_hick_clock_calibration_set), (40 bytes).
    Removing at32f403_crm.o(i.crm_hick_clock_trimming_set), (20 bytes).
    Removing at32f403_crm.o(i.crm_interrupt_enable), (32 bytes).
    Removing at32f403_crm.o(i.crm_interrupt_flag_get), (176 bytes).
    Removing at32f403_crm.o(i.crm_lext_bypass), (20 bytes).
    Removing at32f403_crm.o(i.crm_periph_reset), (68 bytes).
    Removing at32f403_crm.o(i.crm_periph_sleep_mode_clock_enable), (68 bytes).
    Removing at32f403_crm.o(i.crm_rtc_clock_enable), (20 bytes).
    Removing at32f403_crm.o(i.crm_rtc_clock_select), (20 bytes).
    Removing at32f403_crm.o(i.crm_usb_clock_div_set), (32 bytes).
    Removing at32f403_dac.o(.rev16_text), (4 bytes).
    Removing at32f403_dac.o(.revsh_text), (4 bytes).
    Removing at32f403_dac.o(.rrx_text), (6 bytes).
    Removing at32f403_dac.o(i.dac_1_data_set), (4 bytes).
    Removing at32f403_dac.o(i.dac_2_data_set), (4 bytes).
    Removing at32f403_dac.o(i.dac_data_output_get), (48 bytes).
    Removing at32f403_dac.o(i.dac_dma_enable), (48 bytes).
    Removing at32f403_dac.o(i.dac_dual_data_set), (52 bytes).
    Removing at32f403_dac.o(i.dac_dual_software_trigger_generate), (20 bytes).
    Removing at32f403_dac.o(i.dac_enable), (48 bytes).
    Removing at32f403_dac.o(i.dac_mask_amplitude_select), (48 bytes).
    Removing at32f403_dac.o(i.dac_output_buffer_enable), (60 bytes).
    Removing at32f403_dac.o(i.dac_reset), (24 bytes).
    Removing at32f403_dac.o(i.dac_software_trigger_generate), (52 bytes).
    Removing at32f403_dac.o(i.dac_trigger_enable), (48 bytes).
    Removing at32f403_dac.o(i.dac_trigger_select), (48 bytes).
    Removing at32f403_dac.o(i.dac_wave_generate), (48 bytes).
    Removing at32f403_debug.o(.rev16_text), (4 bytes).
    Removing at32f403_debug.o(.revsh_text), (4 bytes).
    Removing at32f403_debug.o(.rrx_text), (6 bytes).
    Removing at32f403_debug.o(i.debug_device_id_get), (12 bytes).
    Removing at32f403_debug.o(i.debug_periph_mode_set), (32 bytes).
    Removing at32f403_dma.o(.rev16_text), (4 bytes).
    Removing at32f403_dma.o(.revsh_text), (4 bytes).
    Removing at32f403_dma.o(.rrx_text), (6 bytes).
    Removing at32f403_dma.o(i.dma_channel_enable), (10 bytes).
    Removing at32f403_dma.o(i.dma_data_number_get), (8 bytes).
    Removing at32f403_dma.o(i.dma_data_number_set), (4 bytes).
    Removing at32f403_dma.o(i.dma_default_para_init), (24 bytes).
    Removing at32f403_dma.o(i.dma_flag_clear), (32 bytes).
    Removing at32f403_dma.o(i.dma_flag_get), (44 bytes).
    Removing at32f403_dma.o(i.dma_init), (92 bytes).
    Removing at32f403_dma.o(i.dma_interrupt_enable), (18 bytes).
    Removing at32f403_dma.o(i.dma_interrupt_flag_get), (44 bytes).
    Removing at32f403_dma.o(i.dma_reset), (112 bytes).
    Removing at32f403_exint.o(.rev16_text), (4 bytes).
    Removing at32f403_exint.o(.revsh_text), (4 bytes).
    Removing at32f403_exint.o(.rrx_text), (6 bytes).
    Removing at32f403_exint.o(i.exint_event_enable), (32 bytes).
    Removing at32f403_exint.o(i.exint_flag_get), (28 bytes).
    Removing at32f403_exint.o(i.exint_interrupt_enable), (32 bytes).
    Removing at32f403_exint.o(i.exint_interrupt_flag_get), (36 bytes).
    Removing at32f403_exint.o(i.exint_reset), (40 bytes).
    Removing at32f403_exint.o(i.exint_software_interrupt_event_generate), (16 bytes).
    Removing at32f403_flash.o(.rev16_text), (4 bytes).
    Removing at32f403_flash.o(.revsh_text), (4 bytes).
    Removing at32f403_flash.o(.rrx_text), (6 bytes).
    Removing at32f403_flash.o(i.flash_bank1_erase), (60 bytes).
    Removing at32f403_flash.o(i.flash_bank1_lock), (20 bytes).
    Removing at32f403_flash.o(i.flash_bank1_operation_status_get), (52 bytes).
    Removing at32f403_flash.o(i.flash_bank1_operation_wait_for), (36 bytes).
    Removing at32f403_flash.o(i.flash_bank1_unlock), (24 bytes).
    Removing at32f403_flash.o(i.flash_bank2_erase), (60 bytes).
    Removing at32f403_flash.o(i.flash_bank2_lock), (20 bytes).
    Removing at32f403_flash.o(i.flash_bank2_operation_status_get), (52 bytes).
    Removing at32f403_flash.o(i.flash_bank2_operation_wait_for), (36 bytes).
    Removing at32f403_flash.o(i.flash_bank2_unlock), (24 bytes).
    Removing at32f403_flash.o(i.flash_byte_program), (124 bytes).
    Removing at32f403_flash.o(i.flash_epp_set), (220 bytes).
    Removing at32f403_flash.o(i.flash_epp_status_get), (12 bytes).
    Removing at32f403_flash.o(i.flash_fap_enable), (140 bytes).
    Removing at32f403_flash.o(i.flash_fap_status_get), (16 bytes).
    Removing at32f403_flash.o(i.flash_flag_clear), (56 bytes).
    Removing at32f403_flash.o(i.flash_flag_get), (96 bytes).
    Removing at32f403_flash.o(i.flash_halfword_program), (184 bytes).
    Removing at32f403_flash.o(i.flash_internal_all_erase), (108 bytes).
    Removing at32f403_flash.o(i.flash_interrupt_enable), (124 bytes).
    Removing at32f403_flash.o(i.flash_lock), (32 bytes).
    Removing at32f403_flash.o(i.flash_operation_status_get), (52 bytes).
    Removing at32f403_flash.o(i.flash_operation_wait_for), (36 bytes).
    Removing at32f403_flash.o(i.flash_sector_erase), (224 bytes).
    Removing at32f403_flash.o(i.flash_spim_all_erase), (76 bytes).
    Removing at32f403_flash.o(i.flash_spim_dummy_read), (24 bytes).
    Removing at32f403_flash.o(i.flash_spim_encryption_range_set), (12 bytes).
    Removing at32f403_flash.o(i.flash_spim_lock), (24 bytes).
    Removing at32f403_flash.o(i.flash_spim_mass_program), (144 bytes).
    Removing at32f403_flash.o(i.flash_spim_model_select), (20 bytes).
    Removing at32f403_flash.o(i.flash_spim_operation_status_get), (52 bytes).
    Removing at32f403_flash.o(i.flash_spim_operation_wait_for), (36 bytes).
    Removing at32f403_flash.o(i.flash_spim_unlock), (40 bytes).
    Removing at32f403_flash.o(i.flash_ssb_set), (92 bytes).
    Removing at32f403_flash.o(i.flash_ssb_status_get), (16 bytes).
    Removing at32f403_flash.o(i.flash_unlock), (32 bytes).
    Removing at32f403_flash.o(i.flash_user_system_data_erase), (152 bytes).
    Removing at32f403_flash.o(i.flash_user_system_data_program), (88 bytes).
    Removing at32f403_flash.o(i.flash_word_program), (184 bytes).
    Removing at32f403_flash.o(.constdata), (8 bytes).
    Removing at32f403_gpio.o(.rev16_text), (4 bytes).
    Removing at32f403_gpio.o(.revsh_text), (4 bytes).
    Removing at32f403_gpio.o(.rrx_text), (6 bytes).
    Removing at32f403_gpio.o(i.gpio_bits_reset), (4 bytes).
    Removing at32f403_gpio.o(i.gpio_bits_set), (4 bytes).
    Removing at32f403_gpio.o(i.gpio_bits_write), (10 bytes).
    Removing at32f403_gpio.o(i.gpio_event_output_config), (28 bytes).
    Removing at32f403_gpio.o(i.gpio_event_output_enable), (20 bytes).
    Removing at32f403_gpio.o(i.gpio_input_data_read), (8 bytes).
    Removing at32f403_gpio.o(i.gpio_iomux_reset), (24 bytes).
    Removing at32f403_gpio.o(i.gpio_output_data_bit_read), (18 bytes).
    Removing at32f403_gpio.o(i.gpio_output_data_read), (8 bytes).
    Removing at32f403_gpio.o(i.gpio_pin_remap_config), (124 bytes).
    Removing at32f403_gpio.o(i.gpio_pin_wp_config), (18 bytes).
    Removing at32f403_gpio.o(i.gpio_port_write), (4 bytes).
    Removing at32f403_gpio.o(i.gpio_reset), (228 bytes).
    Removing at32f403_i2c.o(.rev16_text), (4 bytes).
    Removing at32f403_i2c.o(.revsh_text), (4 bytes).
    Removing at32f403_i2c.o(.rrx_text), (6 bytes).
    Removing at32f403_i2c.o(i.i2c_7bit_address_send), (18 bytes).
    Removing at32f403_i2c.o(i.i2c_ack_enable), (10 bytes).
    Removing at32f403_i2c.o(i.i2c_arp_mode_enable), (10 bytes).
    Removing at32f403_i2c.o(i.i2c_clock_stretch_enable), (18 bytes).
    Removing at32f403_i2c.o(i.i2c_data_receive), (8 bytes).
    Removing at32f403_i2c.o(i.i2c_data_send), (4 bytes).
    Removing at32f403_i2c.o(i.i2c_dma_enable), (10 bytes).
    Removing at32f403_i2c.o(i.i2c_dma_end_transfer_set), (10 bytes).
    Removing at32f403_i2c.o(i.i2c_enable), (10 bytes).
    Removing at32f403_i2c.o(i.i2c_fast_mode_duty_set), (10 bytes).
    Removing at32f403_i2c.o(i.i2c_flag_clear), (40 bytes).
    Removing at32f403_i2c.o(i.i2c_flag_get), (48 bytes).
    Removing at32f403_i2c.o(i.i2c_general_call_enable), (10 bytes).
    Removing at32f403_i2c.o(i.i2c_init), (308 bytes).
    Removing at32f403_i2c.o(i.i2c_interrupt_enable), (24 bytes).
    Removing at32f403_i2c.o(i.i2c_interrupt_flag_get), (210 bytes).
    Removing at32f403_i2c.o(i.i2c_master_receive_ack_set), (10 bytes).
    Removing at32f403_i2c.o(i.i2c_own_address1_set), (18 bytes).
    Removing at32f403_i2c.o(i.i2c_own_address2_enable), (10 bytes).
    Removing at32f403_i2c.o(i.i2c_own_address2_set), (12 bytes).
    Removing at32f403_i2c.o(i.i2c_pec_calculate_enable), (10 bytes).
    Removing at32f403_i2c.o(i.i2c_pec_position_set), (10 bytes).
    Removing at32f403_i2c.o(i.i2c_pec_transmit_enable), (10 bytes).
    Removing at32f403_i2c.o(i.i2c_pec_value_get), (10 bytes).
    Removing at32f403_i2c.o(i.i2c_reset), (88 bytes).
    Removing at32f403_i2c.o(i.i2c_smbus_alert_set), (10 bytes).
    Removing at32f403_i2c.o(i.i2c_smbus_enable), (10 bytes).
    Removing at32f403_i2c.o(i.i2c_smbus_mode_set), (10 bytes).
    Removing at32f403_i2c.o(i.i2c_software_reset), (10 bytes).
    Removing at32f403_i2c.o(i.i2c_start_generate), (14 bytes).
    Removing at32f403_i2c.o(i.i2c_stop_generate), (14 bytes).
    Removing at32f403_misc.o(.rev16_text), (4 bytes).
    Removing at32f403_misc.o(.revsh_text), (4 bytes).
    Removing at32f403_misc.o(.rrx_text), (6 bytes).
    Removing at32f403_misc.o(i.nvic_irq_disable), (44 bytes).
    Removing at32f403_misc.o(i.nvic_lowpower_mode_config), (32 bytes).
    Removing at32f403_misc.o(i.nvic_system_reset), (44 bytes).
    Removing at32f403_misc.o(i.nvic_vector_table_set), (20 bytes).
    Removing at32f403_pwc.o(.rev16_text), (4 bytes).
    Removing at32f403_pwc.o(.revsh_text), (4 bytes).
    Removing at32f403_pwc.o(.rrx_text), (6 bytes).
    Removing at32f403_pwc.o(i.pwc_battery_powered_domain_access), (20 bytes).
    Removing at32f403_pwc.o(i.pwc_deep_sleep_mode_enter), (48 bytes).
    Removing at32f403_pwc.o(i.pwc_flag_clear), (48 bytes).
    Removing at32f403_pwc.o(i.pwc_flag_get), (24 bytes).
    Removing at32f403_pwc.o(i.pwc_power_voltage_monitor_enable), (20 bytes).
    Removing at32f403_pwc.o(i.pwc_pvm_level_select), (20 bytes).
    Removing at32f403_pwc.o(i.pwc_reset), (24 bytes).
    Removing at32f403_pwc.o(i.pwc_sleep_mode_enter), (36 bytes).
    Removing at32f403_pwc.o(i.pwc_standby_mode_enter), (56 bytes).
    Removing at32f403_pwc.o(i.pwc_wakeup_pin_enable), (32 bytes).
    Removing at32f403_rtc.o(.rev16_text), (4 bytes).
    Removing at32f403_rtc.o(.revsh_text), (4 bytes).
    Removing at32f403_rtc.o(.rrx_text), (6 bytes).
    Removing at32f403_rtc.o(i.rtc_alarm_set), (48 bytes).
    Removing at32f403_rtc.o(i.rtc_counter_get), (20 bytes).
    Removing at32f403_rtc.o(i.rtc_counter_set), (48 bytes).
    Removing at32f403_rtc.o(i.rtc_divider_get), (20 bytes).
    Removing at32f403_rtc.o(i.rtc_divider_set), (48 bytes).
    Removing at32f403_rtc.o(i.rtc_flag_clear), (28 bytes).
    Removing at32f403_rtc.o(i.rtc_flag_get), (24 bytes).
    Removing at32f403_rtc.o(i.rtc_interrupt_enable), (32 bytes).
    Removing at32f403_rtc.o(i.rtc_interrupt_flag_get), (36 bytes).
    Removing at32f403_rtc.o(i.rtc_wait_config_finish), (20 bytes).
    Removing at32f403_rtc.o(i.rtc_wait_update_finish), (20 bytes).
    Removing at32f403_sdio.o(.rev16_text), (4 bytes).
    Removing at32f403_sdio.o(.revsh_text), (4 bytes).
    Removing at32f403_sdio.o(.rrx_text), (6 bytes).
    Removing at32f403_sdio.o(i.sdio_buffer_counter_get), (6 bytes).
    Removing at32f403_sdio.o(i.sdio_bus_width_config), (10 bytes).
    Removing at32f403_sdio.o(i.sdio_clock_bypass), (10 bytes).
    Removing at32f403_sdio.o(i.sdio_clock_config), (30 bytes).
    Removing at32f403_sdio.o(i.sdio_clock_enable), (10 bytes).
    Removing at32f403_sdio.o(i.sdio_command_config), (56 bytes).
    Removing at32f403_sdio.o(i.sdio_command_response_get), (10 bytes).
    Removing at32f403_sdio.o(i.sdio_command_state_machine_enable), (10 bytes).
    Removing at32f403_sdio.o(i.sdio_data_config), (56 bytes).
    Removing at32f403_sdio.o(i.sdio_data_counter_get), (6 bytes).
    Removing at32f403_sdio.o(i.sdio_data_read), (8 bytes).
    Removing at32f403_sdio.o(i.sdio_data_state_machine_enable), (10 bytes).
    Removing at32f403_sdio.o(i.sdio_data_write), (6 bytes).
    Removing at32f403_sdio.o(i.sdio_dma_enable), (10 bytes).
    Removing at32f403_sdio.o(i.sdio_flag_clear), (4 bytes).
    Removing at32f403_sdio.o(i.sdio_flag_get), (20 bytes).
    Removing at32f403_sdio.o(i.sdio_flow_control_enable), (10 bytes).
    Removing at32f403_sdio.o(i.sdio_interrupt_enable), (20 bytes).
    Removing at32f403_sdio.o(i.sdio_interrupt_flag_get), (20 bytes).
    Removing at32f403_sdio.o(i.sdio_io_function_enable), (10 bytes).
    Removing at32f403_sdio.o(i.sdio_io_suspend_command_set), (10 bytes).
    Removing at32f403_sdio.o(i.sdio_power_saving_mode_enable), (10 bytes).
    Removing at32f403_sdio.o(i.sdio_power_set), (10 bytes).
    Removing at32f403_sdio.o(i.sdio_power_status_get), (10 bytes).
    Removing at32f403_sdio.o(i.sdio_read_wait_mode_set), (10 bytes).
    Removing at32f403_sdio.o(i.sdio_read_wait_start), (10 bytes).
    Removing at32f403_sdio.o(i.sdio_read_wait_stop), (10 bytes).
    Removing at32f403_sdio.o(i.sdio_reset), (28 bytes).
    Removing at32f403_sdio.o(i.sdio_response_get), (42 bytes).
    Removing at32f403_spi.o(.rev16_text), (4 bytes).
    Removing at32f403_spi.o(.revsh_text), (4 bytes).
    Removing at32f403_spi.o(.rrx_text), (6 bytes).
    Removing at32f403_spi.o(i.i2s_default_para_init), (22 bytes).
    Removing at32f403_spi.o(i.i2s_enable), (10 bytes).
    Removing at32f403_spi.o(i.i2s_init), (554 bytes).
    Removing at32f403_spi.o(i.spi_crc_enable), (10 bytes).
    Removing at32f403_spi.o(i.spi_crc_next_transmit), (14 bytes).
    Removing at32f403_spi.o(i.spi_crc_polynomial_get), (8 bytes).
    Removing at32f403_spi.o(i.spi_crc_polynomial_set), (10 bytes).
    Removing at32f403_spi.o(i.spi_crc_value_get), (18 bytes).
    Removing at32f403_spi.o(i.spi_default_para_init), (22 bytes).
    Removing at32f403_spi.o(i.spi_enable), (10 bytes).
    Removing at32f403_spi.o(i.spi_frame_bit_num_set), (10 bytes).
    Removing at32f403_spi.o(i.spi_half_duplex_direction_set), (10 bytes).
    Removing at32f403_spi.o(i.spi_hardware_cs_output_enable), (10 bytes).
    Removing at32f403_spi.o(i.spi_i2s_data_receive), (8 bytes).
    Removing at32f403_spi.o(i.spi_i2s_data_transmit), (4 bytes).
    Removing at32f403_spi.o(i.spi_i2s_dma_receiver_enable), (10 bytes).
    Removing at32f403_spi.o(i.spi_i2s_dma_transmitter_enable), (10 bytes).
    Removing at32f403_spi.o(i.spi_i2s_flag_clear), (48 bytes).
    Removing at32f403_spi.o(i.spi_i2s_flag_get), (16 bytes).
    Removing at32f403_spi.o(i.spi_i2s_interrupt_enable), (18 bytes).
    Removing at32f403_spi.o(i.spi_i2s_interrupt_flag_get), (160 bytes).
    Removing at32f403_spi.o(i.spi_i2s_reset), (120 bytes).
    Removing at32f403_spi.o(i.spi_init), (292 bytes).
    Removing at32f403_spi.o(i.spi_software_cs_internal_level_set), (10 bytes).
    Removing at32f403_tmr.o(.rev16_text), (4 bytes).
    Removing at32f403_tmr.o(.revsh_text), (4 bytes).
    Removing at32f403_tmr.o(.rrx_text), (6 bytes).
    Removing at32f403_tmr.o(i.tmr_32_bit_function_enable), (28 bytes).
    Removing at32f403_tmr.o(i.tmr_base_init), (16 bytes).
    Removing at32f403_tmr.o(i.tmr_brkdt_config), (72 bytes).
    Removing at32f403_tmr.o(i.tmr_brkdt_default_para_init), (18 bytes).
    Removing at32f403_tmr.o(i.tmr_channel1_input_select), (10 bytes).
    Removing at32f403_tmr.o(i.tmr_channel_buffer_enable), (10 bytes).
    Removing at32f403_tmr.o(i.tmr_channel_dma_select), (10 bytes).
    Removing at32f403_tmr.o(i.tmr_channel_enable), (96 bytes).
    Removing at32f403_tmr.o(i.tmr_channel_value_get), (46 bytes).
    Removing at32f403_tmr.o(i.tmr_channel_value_set), (40 bytes).
    Removing at32f403_tmr.o(i.tmr_clock_source_div_set), (10 bytes).
    Removing at32f403_tmr.o(i.tmr_cnt_dir_set), (10 bytes).
    Removing at32f403_tmr.o(i.tmr_counter_enable), (10 bytes).
    Removing at32f403_tmr.o(i.tmr_counter_value_get), (6 bytes).
    Removing at32f403_tmr.o(i.tmr_counter_value_set), (4 bytes).
    Removing at32f403_tmr.o(i.tmr_div_value_get), (6 bytes).
    Removing at32f403_tmr.o(i.tmr_div_value_set), (4 bytes).
    Removing at32f403_tmr.o(i.tmr_dma_control_config), (18 bytes).
    Removing at32f403_tmr.o(i.tmr_dma_request_enable), (22 bytes).
    Removing at32f403_tmr.o(i.tmr_encoder_mode_config), (70 bytes).
    Removing at32f403_tmr.o(i.tmr_event_sw_trigger), (8 bytes).
    Removing at32f403_tmr.o(i.tmr_external_clock_config), (28 bytes).
    Removing at32f403_tmr.o(i.tmr_external_clock_mode1_config), (44 bytes).
    Removing at32f403_tmr.o(i.tmr_external_clock_mode2_config), (36 bytes).
    Removing at32f403_tmr.o(i.tmr_flag_clear), (6 bytes).
    Removing at32f403_tmr.o(i.tmr_flag_get), (18 bytes).
    Removing at32f403_tmr.o(i.tmr_force_output_set), (66 bytes).
    Removing at32f403_tmr.o(i.tmr_hall_select), (10 bytes).
    Removing at32f403_tmr.o(i.tmr_input_channel_divider_set), (66 bytes).
    Removing at32f403_tmr.o(i.tmr_input_channel_filter_set), (66 bytes).
    Removing at32f403_tmr.o(i.tmr_input_channel_init), (304 bytes).
    Removing at32f403_tmr.o(i.tmr_input_default_para_init), (16 bytes).
    Removing at32f403_tmr.o(i.tmr_internal_clock_set), (10 bytes).
    Removing at32f403_tmr.o(i.tmr_interrupt_enable), (22 bytes).
    Removing at32f403_tmr.o(i.tmr_interrupt_flag_get), (24 bytes).
    Removing at32f403_tmr.o(i.tmr_one_cycle_mode_enable), (10 bytes).
    Removing at32f403_tmr.o(i.tmr_output_channel_buffer_enable), (66 bytes).
    Removing at32f403_tmr.o(i.tmr_output_channel_config), (416 bytes).
    Removing at32f403_tmr.o(i.tmr_output_channel_immediately_set), (66 bytes).
    Removing at32f403_tmr.o(i.tmr_output_channel_mode_select), (66 bytes).
    Removing at32f403_tmr.o(i.tmr_output_channel_polarity_set), (96 bytes).
    Removing at32f403_tmr.o(i.tmr_output_channel_switch_set), (66 bytes).
    Removing at32f403_tmr.o(i.tmr_output_default_para_init), (18 bytes).
    Removing at32f403_tmr.o(i.tmr_output_enable), (10 bytes).
    Removing at32f403_tmr.o(i.tmr_overflow_event_disable), (10 bytes).
    Removing at32f403_tmr.o(i.tmr_overflow_request_source_set), (10 bytes).
    Removing at32f403_tmr.o(i.tmr_period_buffer_enable), (10 bytes).
    Removing at32f403_tmr.o(i.tmr_period_value_get), (6 bytes).
    Removing at32f403_tmr.o(i.tmr_period_value_set), (4 bytes).
    Removing at32f403_tmr.o(i.tmr_primary_mode_select), (10 bytes).
    Removing at32f403_tmr.o(i.tmr_pwm_input_config), (350 bytes).
    Removing at32f403_tmr.o(i.tmr_repetition_counter_set), (10 bytes).
    Removing at32f403_tmr.o(i.tmr_reset), (416 bytes).
    Removing at32f403_tmr.o(i.tmr_sub_mode_select), (10 bytes).
    Removing at32f403_tmr.o(i.tmr_sub_sync_mode_set), (10 bytes).
    Removing at32f403_tmr.o(i.tmr_trigger_input_select), (10 bytes).
    Removing at32f403_usart.o(.rev16_text), (4 bytes).
    Removing at32f403_usart.o(.revsh_text), (4 bytes).
    Removing at32f403_usart.o(.rrx_text), (6 bytes).
    Removing at32f403_usart.o(i.usart_break_bit_num_set), (10 bytes).
    Removing at32f403_usart.o(i.usart_break_send), (12 bytes).
    Removing at32f403_usart.o(i.usart_clock_config), (28 bytes).
    Removing at32f403_usart.o(i.usart_clock_enable), (10 bytes).
    Removing at32f403_usart.o(i.usart_data_receive), (8 bytes).
    Removing at32f403_usart.o(i.usart_dma_receiver_enable), (10 bytes).
    Removing at32f403_usart.o(i.usart_dma_transmitter_enable), (10 bytes).
    Removing at32f403_usart.o(i.usart_flag_clear), (18 bytes).
    Removing at32f403_usart.o(i.usart_hardware_flow_control_set), (102 bytes).
    Removing at32f403_usart.o(i.usart_interrupt_enable), (54 bytes).
    Removing at32f403_usart.o(i.usart_interrupt_flag_get), (176 bytes).
    Removing at32f403_usart.o(i.usart_irda_low_power_enable), (10 bytes).
    Removing at32f403_usart.o(i.usart_irda_mode_enable), (10 bytes).
    Removing at32f403_usart.o(i.usart_irda_smartcard_division_set), (10 bytes).
    Removing at32f403_usart.o(i.usart_lin_mode_enable), (10 bytes).
    Removing at32f403_usart.o(i.usart_parity_selection_config), (76 bytes).
    Removing at32f403_usart.o(i.usart_receiver_enable), (10 bytes).
    Removing at32f403_usart.o(i.usart_receiver_mute_enable), (10 bytes).
    Removing at32f403_usart.o(i.usart_reset), (148 bytes).
    Removing at32f403_usart.o(i.usart_single_line_halfduplex_select), (10 bytes).
    Removing at32f403_usart.o(i.usart_smartcard_guard_time_set), (10 bytes).
    Removing at32f403_usart.o(i.usart_smartcard_mode_enable), (10 bytes).
    Removing at32f403_usart.o(i.usart_smartcard_nack_set), (10 bytes).
    Removing at32f403_usart.o(i.usart_wakeup_id_set), (10 bytes).
    Removing at32f403_usart.o(i.usart_wakeup_mode_set), (10 bytes).
    Removing at32f403_usb.o(.rev16_text), (4 bytes).
    Removing at32f403_usb.o(.revsh_text), (4 bytes).
    Removing at32f403_usb.o(.rrx_text), (6 bytes).
    Removing at32f403_usb.o(i.usb_buffer_free), (12 bytes).
    Removing at32f403_usb.o(i.usb_buffer_malloc), (20 bytes).
    Removing at32f403_usb.o(i.usb_connect), (10 bytes).
    Removing at32f403_usb.o(i.usb_dev_init), (36 bytes).
    Removing at32f403_usb.o(i.usb_disconnect), (12 bytes).
    Removing at32f403_usb.o(i.usb_enter_suspend), (22 bytes).
    Removing at32f403_usb.o(i.usb_ept_close), (572 bytes).
    Removing at32f403_usb.o(i.usb_ept_open), (1296 bytes).
    Removing at32f403_usb.o(i.usb_ept_stall), (108 bytes).
    Removing at32f403_usb.o(i.usb_exit_suspend), (18 bytes).
    Removing at32f403_usb.o(i.usb_flag_clear), (6 bytes).
    Removing at32f403_usb.o(i.usb_flag_get), (16 bytes).
    Removing at32f403_usb.o(i.usb_interrupt_enable), (20 bytes).
    Removing at32f403_usb.o(i.usb_interrupt_flag_get), (38 bytes).
    Removing at32f403_usb.o(i.usb_read_packet), (44 bytes).
    Removing at32f403_usb.o(i.usb_remote_wkup_clear), (10 bytes).
    Removing at32f403_usb.o(i.usb_remote_wkup_set), (12 bytes).
    Removing at32f403_usb.o(i.usb_set_address), (20 bytes).
    Removing at32f403_usb.o(i.usb_usbbufs_enable), (64 bytes).
    Removing at32f403_usb.o(i.usb_write_packet), (44 bytes).
    Removing at32f403_usb.o(.data), (6 bytes).
    Removing at32f403_wdt.o(.rev16_text), (4 bytes).
    Removing at32f403_wdt.o(.revsh_text), (4 bytes).
    Removing at32f403_wdt.o(.rrx_text), (6 bytes).
    Removing at32f403_wdt.o(i.wdt_counter_reload), (16 bytes).
    Removing at32f403_wdt.o(i.wdt_divider_set), (20 bytes).
    Removing at32f403_wdt.o(i.wdt_enable), (16 bytes).
    Removing at32f403_wdt.o(i.wdt_flag_get), (24 bytes).
    Removing at32f403_wdt.o(i.wdt_register_write_enable), (24 bytes).
    Removing at32f403_wdt.o(i.wdt_reload_value_set), (12 bytes).
    Removing at32f403_wwdt.o(.rev16_text), (4 bytes).
    Removing at32f403_wwdt.o(.revsh_text), (4 bytes).
    Removing at32f403_wwdt.o(.rrx_text), (6 bytes).
    Removing at32f403_wwdt.o(i.wwdt_counter_set), (20 bytes).
    Removing at32f403_wwdt.o(i.wwdt_divider_set), (20 bytes).
    Removing at32f403_wwdt.o(i.wwdt_enable), (16 bytes).
    Removing at32f403_wwdt.o(i.wwdt_flag_clear), (12 bytes).
    Removing at32f403_wwdt.o(i.wwdt_flag_get), (16 bytes).
    Removing at32f403_wwdt.o(i.wwdt_interrupt_enable), (24 bytes).
    Removing at32f403_wwdt.o(i.wwdt_interrupt_flag_get), (36 bytes).
    Removing at32f403_wwdt.o(i.wwdt_reset), (24 bytes).
    Removing at32f403_wwdt.o(i.wwdt_window_counter_set), (20 bytes).
    Removing at32f403_xmc.o(.rev16_text), (4 bytes).
    Removing at32f403_xmc.o(.revsh_text), (4 bytes).
    Removing at32f403_xmc.o(.rrx_text), (6 bytes).
    Removing at32f403_xmc.o(i.xmc_ecc_get), (14 bytes).
    Removing at32f403_xmc.o(i.xmc_ext_timing_config), (44 bytes).
    Removing at32f403_xmc.o(i.xmc_flag_clear), (34 bytes).
    Removing at32f403_xmc.o(i.xmc_flag_status_get), (30 bytes).
    Removing at32f403_xmc.o(i.xmc_interrupt_enable), (40 bytes).
    Removing at32f403_xmc.o(i.xmc_interrupt_flag_status_get), (108 bytes).
    Removing at32f403_xmc.o(i.xmc_nand_default_para_init), (18 bytes).
    Removing at32f403_xmc.o(i.xmc_nand_ecc_enable), (20 bytes).
    Removing at32f403_xmc.o(i.xmc_nand_enable), (20 bytes).
    Removing at32f403_xmc.o(i.xmc_nand_init), (44 bytes).
    Removing at32f403_xmc.o(i.xmc_nand_reset), (24 bytes).
    Removing at32f403_xmc.o(i.xmc_nand_timing_config), (60 bytes).
    Removing at32f403_xmc.o(i.xmc_nand_timing_default_para_init), (30 bytes).
    Removing at32f403_xmc.o(i.xmc_nor_sram_enable), (22 bytes).
    Removing at32f403_xmc.o(i.xmc_nor_sram_init), (90 bytes).
    Removing at32f403_xmc.o(i.xmc_nor_sram_reset), (56 bytes).
    Removing at32f403_xmc.o(i.xmc_nor_sram_timing_config), (124 bytes).
    Removing at32f403_xmc.o(i.xmc_norsram_default_para_init), (42 bytes).
    Removing at32f403_xmc.o(i.xmc_norsram_timing_default_para_init), (56 bytes).
    Removing at32f403_xmc.o(i.xmc_pccard_default_para_init), (10 bytes).
    Removing at32f403_xmc.o(i.xmc_pccard_enable), (24 bytes).
    Removing at32f403_xmc.o(i.xmc_pccard_init), (28 bytes).
    Removing at32f403_xmc.o(i.xmc_pccard_reset), (40 bytes).
    Removing at32f403_xmc.o(i.xmc_pccard_timing_config), (84 bytes).
    Removing at32f403_xmc.o(i.xmc_pccard_timing_default_para_init), (44 bytes).
    Removing system_at32f403.o(.rev16_text), (4 bytes).
    Removing system_at32f403.o(.revsh_text), (4 bytes).
    Removing system_at32f403.o(.rrx_text), (6 bytes).
    Removing startup_at32f403.o(HEAP), (512 bytes).
    Removing dadd.o(.text), (334 bytes).
    Removing dmul.o(.text), (228 bytes).
    Removing ddiv.o(.text), (222 bytes).
    Removing dfixul.o(.text), (48 bytes).
    Removing cdrcmple.o(.text), (48 bytes).
    Removing depilogue.o(.text), (186 bytes).

536 unused section(s) (total 23038 bytes) removed from the image.

==============================================================================

Image Symbol Table

    Local Symbols

    Symbol Name                              Value     Ov Type        Size  Object(Section)

    ../clib/microlib/division.c              0x00000000   Number         0  uidiv.o ABSOLUTE
    ../clib/microlib/division.c              0x00000000   Number         0  uldiv.o ABSOLUTE
    ../clib/microlib/init/entry.s            0x00000000   Number         0  entry10a.o ABSOLUTE
    ../clib/microlib/init/entry.s            0x00000000   Number         0  entry2.o ABSOLUTE
    ../clib/microlib/init/entry.s            0x00000000   Number         0  entry.o ABSOLUTE
    ../clib/microlib/init/entry.s            0x00000000   Number         0  entry11b.o ABSOLUTE
    ../clib/microlib/init/entry.s            0x00000000   Number         0  entry11a.o ABSOLUTE
    ../clib/microlib/init/entry.s            0x00000000   Number         0  entry10b.o ABSOLUTE
    ../clib/microlib/init/entry.s            0x00000000   Number         0  entry9b.o ABSOLUTE
    ../clib/microlib/init/entry.s            0x00000000   Number         0  entry9a.o ABSOLUTE
    ../clib/microlib/init/entry.s            0x00000000   Number         0  entry8b.o ABSOLUTE
    ../clib/microlib/init/entry.s            0x00000000   Number         0  entry8a.o ABSOLUTE
    ../clib/microlib/init/entry.s            0x00000000   Number         0  entry7b.o ABSOLUTE
    ../clib/microlib/init/entry.s            0x00000000   Number         0  entry7a.o ABSOLUTE
    ../clib/microlib/init/entry.s            0x00000000   Number         0  entry5.o ABSOLUTE
    ../clib/microlib/longlong.c              0x00000000   Number         0  llsshr.o ABSOLUTE
    ../clib/microlib/longlong.c              0x00000000   Number         0  llushr.o ABSOLUTE
    ../clib/microlib/longlong.c              0x00000000   Number         0  llshl.o ABSOLUTE
    ../clib/microlib/printf/printf.c         0x00000000   Number         0  printf7.o ABSOLUTE
    ../clib/microlib/printf/printf.c         0x00000000   Number         0  printf6.o ABSOLUTE
    ../clib/microlib/printf/printf.c         0x00000000   Number         0  printf0.o ABSOLUTE
    ../clib/microlib/printf/printf.c         0x00000000   Number         0  printf1.o ABSOLUTE
    ../clib/microlib/printf/printf.c         0x00000000   Number         0  printf2.o ABSOLUTE
    ../clib/microlib/printf/printf.c         0x00000000   Number         0  printfa.o ABSOLUTE
    ../clib/microlib/printf/printf.c         0x00000000   Number         0  printf3.o ABSOLUTE
    ../clib/microlib/printf/printf.c         0x00000000   Number         0  printf5.o ABSOLUTE
    ../clib/microlib/printf/printf.c         0x00000000   Number         0  printfb.o ABSOLUTE
    ../clib/microlib/printf/printf.c         0x00000000   Number         0  printf4.o ABSOLUTE
    ../clib/microlib/printf/printf.c         0x00000000   Number         0  printf8.o ABSOLUTE
    ../clib/microlib/printf/stubs.s          0x00000000   Number         0  stubs.o ABSOLUTE
    ../clib/microlib/stubs.s                 0x00000000   Number         0  iusefp.o ABSOLUTE
    ../clib/microlib/stubs.s                 0x00000000   Number         0  useno.o ABSOLUTE
    ../fplib/microlib/fpadd.c                0x00000000   Number         0  dadd.o ABSOLUTE
    ../fplib/microlib/fpdiv.c                0x00000000   Number         0  ddiv.o ABSOLUTE
    ../fplib/microlib/fpepilogue.c           0x00000000   Number         0  depilogue.o ABSOLUTE
    ../fplib/microlib/fpfix.c                0x00000000   Number         0  dfixul.o ABSOLUTE
    ../fplib/microlib/fpmul.c                0x00000000   Number         0  dmul.o ABSOLUTE
    ..\..\..\..\libraries\cmsis\cm4\device_support\startup\mdk\startup_at32f403.s 0x00000000   Number         0  startup_at32f403.o ABSOLUTE
    ..\..\..\..\libraries\cmsis\cm4\device_support\system_at32f403.c 0x00000000   Number         0  system_at32f403.o ABSOLUTE
    ..\..\..\..\libraries\drivers\src\at32f403_adc.c 0x00000000   Number         0  at32f403_adc.o ABSOLUTE
    ..\..\..\..\libraries\drivers\src\at32f403_bpr.c 0x00000000   Number         0  at32f403_bpr.o ABSOLUTE
    ..\..\..\..\libraries\drivers\src\at32f403_can.c 0x00000000   Number         0  at32f403_can.o ABSOLUTE
    ..\..\..\..\libraries\drivers\src\at32f403_crc.c 0x00000000   Number         0  at32f403_crc.o ABSOLUTE
    ..\..\..\..\libraries\drivers\src\at32f403_crm.c 0x00000000   Number         0  at32f403_crm.o ABSOLUTE
    ..\..\..\..\libraries\drivers\src\at32f403_dac.c 0x00000000   Number         0  at32f403_dac.o ABSOLUTE
    ..\..\..\..\libraries\drivers\src\at32f403_debug.c 0x00000000   Number         0  at32f403_debug.o ABSOLUTE
    ..\..\..\..\libraries\drivers\src\at32f403_dma.c 0x00000000   Number         0  at32f403_dma.o ABSOLUTE
    ..\..\..\..\libraries\drivers\src\at32f403_exint.c 0x00000000   Number         0  at32f403_exint.o ABSOLUTE
    ..\..\..\..\libraries\drivers\src\at32f403_flash.c 0x00000000   Number         0  at32f403_flash.o ABSOLUTE
    ..\..\..\..\libraries\drivers\src\at32f403_gpio.c 0x00000000   Number         0  at32f403_gpio.o ABSOLUTE
    ..\..\..\..\libraries\drivers\src\at32f403_i2c.c 0x00000000   Number         0  at32f403_i2c.o ABSOLUTE
    ..\..\..\..\libraries\drivers\src\at32f403_misc.c 0x00000000   Number         0  at32f403_misc.o ABSOLUTE
    ..\..\..\..\libraries\drivers\src\at32f403_pwc.c 0x00000000   Number         0  at32f403_pwc.o ABSOLUTE
    ..\..\..\..\libraries\drivers\src\at32f403_rtc.c 0x00000000   Number         0  at32f403_rtc.o ABSOLUTE
    ..\..\..\..\libraries\drivers\src\at32f403_sdio.c 0x00000000   Number         0  at32f403_sdio.o ABSOLUTE
    ..\..\..\..\libraries\drivers\src\at32f403_spi.c 0x00000000   Number         0  at32f403_spi.o ABSOLUTE
    ..\..\..\..\libraries\drivers\src\at32f403_tmr.c 0x00000000   Number         0  at32f403_tmr.o ABSOLUTE
    ..\..\..\..\libraries\drivers\src\at32f403_usart.c 0x00000000   Number         0  at32f403_usart.o ABSOLUTE
    ..\..\..\..\libraries\drivers\src\at32f403_usb.c 0x00000000   Number         0  at32f403_usb.o ABSOLUTE
    ..\..\..\..\libraries\drivers\src\at32f403_wdt.c 0x00000000   Number         0  at32f403_wdt.o ABSOLUTE
    ..\..\..\..\libraries\drivers\src\at32f403_wwdt.c 0x00000000   Number         0  at32f403_wwdt.o ABSOLUTE
    ..\..\..\..\libraries\drivers\src\at32f403_xmc.c 0x00000000   Number         0  at32f403_xmc.o ABSOLUTE
    ..\..\..\at32f403_board\at32f403_board.c 0x00000000   Number         0  at32f403_board.o ABSOLUTE
    ..\\..\\..\\..\\libraries\\cmsis\\cm4\\device_support\\system_at32f403.c 0x00000000   Number         0  system_at32f403.o ABSOLUTE
    ..\\..\\..\\..\\libraries\\drivers\\src\\at32f403_adc.c 0x00000000   Number         0  at32f403_adc.o ABSOLUTE
    ..\\..\\..\\..\\libraries\\drivers\\src\\at32f403_bpr.c 0x00000000   Number         0  at32f403_bpr.o ABSOLUTE
    ..\\..\\..\\..\\libraries\\drivers\\src\\at32f403_can.c 0x00000000   Number         0  at32f403_can.o ABSOLUTE
    ..\\..\\..\\..\\libraries\\drivers\\src\\at32f403_crc.c 0x00000000   Number         0  at32f403_crc.o ABSOLUTE
    ..\\..\\..\\..\\libraries\\drivers\\src\\at32f403_crm.c 0x00000000   Number         0  at32f403_crm.o ABSOLUTE
    ..\\..\\..\\..\\libraries\\drivers\\src\\at32f403_dac.c 0x00000000   Number         0  at32f403_dac.o ABSOLUTE
    ..\\..\\..\\..\\libraries\\drivers\\src\\at32f403_debug.c 0x00000000   Number         0  at32f403_debug.o ABSOLUTE
    ..\\..\\..\\..\\libraries\\drivers\\src\\at32f403_dma.c 0x00000000   Number         0  at32f403_dma.o ABSOLUTE
    ..\\..\\..\\..\\libraries\\drivers\\src\\at32f403_exint.c 0x00000000   Number         0  at32f403_exint.o ABSOLUTE
    ..\\..\\..\\..\\libraries\\drivers\\src\\at32f403_flash.c 0x00000000   Number         0  at32f403_flash.o ABSOLUTE
    ..\\..\\..\\..\\libraries\\drivers\\src\\at32f403_gpio.c 0x00000000   Number         0  at32f403_gpio.o ABSOLUTE
    ..\\..\\..\\..\\libraries\\drivers\\src\\at32f403_i2c.c 0x00000000   Number         0  at32f403_i2c.o ABSOLUTE
    ..\\..\\..\\..\\libraries\\drivers\\src\\at32f403_misc.c 0x00000000   Number         0  at32f403_misc.o ABSOLUTE
    ..\\..\\..\\..\\libraries\\drivers\\src\\at32f403_pwc.c 0x00000000   Number         0  at32f403_pwc.o ABSOLUTE
    ..\\..\\..\\..\\libraries\\drivers\\src\\at32f403_rtc.c 0x00000000   Number         0  at32f403_rtc.o ABSOLUTE
    ..\\..\\..\\..\\libraries\\drivers\\src\\at32f403_sdio.c 0x00000000   Number         0  at32f403_sdio.o ABSOLUTE
    ..\\..\\..\\..\\libraries\\drivers\\src\\at32f403_spi.c 0x00000000   Number         0  at32f403_spi.o ABSOLUTE
    ..\\..\\..\\..\\libraries\\drivers\\src\\at32f403_tmr.c 0x00000000   Number         0  at32f403_tmr.o ABSOLUTE
    ..\\..\\..\\..\\libraries\\drivers\\src\\at32f403_usart.c 0x00000000   Number         0  at32f403_usart.o ABSOLUTE
    ..\\..\\..\\..\\libraries\\drivers\\src\\at32f403_usb.c 0x00000000   Number         0  at32f403_usb.o ABSOLUTE
    ..\\..\\..\\..\\libraries\\drivers\\src\\at32f403_wdt.c 0x00000000   Number         0  at32f403_wdt.o ABSOLUTE
    ..\\..\\..\\..\\libraries\\drivers\\src\\at32f403_wwdt.c 0x00000000   Number         0  at32f403_wwdt.o ABSOLUTE
    ..\\..\\..\\..\\libraries\\drivers\\src\\at32f403_xmc.c 0x00000000   Number         0  at32f403_xmc.o ABSOLUTE
    ..\\..\\..\\at32f403_board\\at32f403_board.c 0x00000000   Number         0  at32f403_board.o ABSOLUTE
    ..\\src\\at32f403_clock.c                0x00000000   Number         0  at32f403_clock.o ABSOLUTE
    ..\\src\\at32f403_int.c                  0x00000000   Number         0  at32f403_int.o ABSOLUTE
    ..\\src\\main.c                          0x00000000   Number         0  main.o ABSOLUTE
    ..\src\at32f403_clock.c                  0x00000000   Number         0  at32f403_clock.o ABSOLUTE
    ..\src\at32f403_int.c                    0x00000000   Number         0  at32f403_int.o ABSOLUTE
    ..\src\main.c                            0x00000000   Number         0  main.o ABSOLUTE
    cdrcmple.s                               0x00000000   Number         0  cdrcmple.o ABSOLUTE
    dc.s                                     0x00000000   Number         0  dc.o ABSOLUTE
    handlers.s                               0x00000000   Number         0  handlers.o ABSOLUTE
    init.s                                   0x00000000   Number         0  init.o ABSOLUTE
    RESET                                    0x08000000   Section      336  startup_at32f403.o(RESET)
    .ARM.Collect$$$$00000000                 0x08000150   Section        0  entry.o(.ARM.Collect$$$$00000000)
    .ARM.Collect$$$$00000001                 0x08000150   Section        4  entry2.o(.ARM.Collect$$$$00000001)
    .ARM.Collect$$$$00000004                 0x08000154   Section        4  entry5.o(.ARM.Collect$$$$00000004)
    .ARM.Collect$$$$00000008                 0x08000158   Section        0  entry7b.o(.ARM.Collect$$$$00000008)
    .ARM.Collect$$$$0000000A                 0x08000158   Section        0  entry8b.o(.ARM.Collect$$$$0000000A)
    .ARM.Collect$$$$0000000B                 0x08000158   Section        8  entry9a.o(.ARM.Collect$$$$0000000B)
    .ARM.Collect$$$$0000000D                 0x08000160   Section        0  entry10a.o(.ARM.Collect$$$$0000000D)
    .ARM.Collect$$$$0000000F                 0x08000160   Section        0  entry11a.o(.ARM.Collect$$$$0000000F)
    .ARM.Collect$$$$00002712                 0x08000160   Section        4  entry2.o(.ARM.Collect$$$$00002712)
    __lit__00000000                          0x08000160   Data           4  entry2.o(.ARM.Collect$$$$00002712)
    .text                                    0x08000164   Section       36  startup_at32f403.o(.text)
    $v0                                      0x08000164   Number         0  startup_at32f403.o(.text)
    .text                                    0x08000188   Section        0  uidiv.o(.text)
    .text                                    0x080001b4   Section       36  init.o(.text)
    i.BusFault_Handler                       0x080001d8   Section        0  at32f403_int.o(i.BusFault_Handler)
    i.DebugMon_Handler                       0x080001dc   Section        0  at32f403_int.o(i.DebugMon_Handler)
    i.EXINT0_IRQHandler                      0x080001de   Section        0  main.o(i.EXINT0_IRQHandler)
    i.HardFault_Handler                      0x080001e6   Section        0  at32f403_int.o(i.HardFault_Handler)
    i.MemManage_Handler                      0x080001ea   Section        0  at32f403_int.o(i.MemManage_Handler)
    i.NMI_Handler                            0x080001ee   Section        0  at32f403_int.o(i.NMI_Handler)
    i.PendSV_Handler                         0x080001f0   Section        0  at32f403_int.o(i.PendSV_Handler)
    i.SVC_Handler                            0x080001f2   Section        0  at32f403_int.o(i.SVC_Handler)
    i.SysTick_Handler                        0x080001f4   Section        0  at32f403_int.o(i.SysTick_Handler)
    i.SystemInit                             0x080001f8   Section        0  system_at32f403.o(i.SystemInit)
    i.UsageFault_Handler                     0x08000274   Section        0  at32f403_int.o(i.UsageFault_Handler)
    i.__0printf$1                            0x08000278   Section        0  printf1.o(i.__0printf$1)
    i.__scatterload_copy                     0x08000298   Section       14  handlers.o(i.__scatterload_copy)
    i.__scatterload_null                     0x080002a6   Section        2  handlers.o(i.__scatterload_null)
    i.__scatterload_zeroinit                 0x080002a8   Section       14  handlers.o(i.__scatterload_zeroinit)
    i._printf_core                           0x080002b8   Section        0  printf1.o(i._printf_core)
    _printf_core                             0x080002b9   Thumb Code   336  printf1.o(i._printf_core)
    i.at32_board_init                        0x0800040c   Section        0  at32f403_board.o(i.at32_board_init)
    i.at32_button_init                       0x0800043c   Section        0  at32f403_board.o(i.at32_button_init)
    i.at32_led_init                          0x08000478   Section        0  at32f403_board.o(i.at32_led_init)
    i.at32_led_off                           0x080004c8   Section        0  at32f403_board.o(i.at32_led_off)
    i.button_exint_init                      0x080004f0   Section        0  main.o(i.button_exint_init)
    i.button_isr                             0x08000538   Section        0  main.o(i.button_isr)
    i.crm_ahb_div_set                        0x08000574   Section        0  at32f403_crm.o(i.crm_ahb_div_set)
    i.crm_apb1_div_set                       0x08000588   Section        0  at32f403_crm.o(i.crm_apb1_div_set)
    i.crm_apb2_div_set                       0x0800059c   Section        0  at32f403_crm.o(i.crm_apb2_div_set)
    i.crm_clock_source_enable                0x080005b0   Section        0  at32f403_crm.o(i.crm_clock_source_enable)
    i.crm_clocks_freq_get                    0x08000610   Section        0  at32f403_crm.o(i.crm_clocks_freq_get)
    i.crm_flag_get                           0x08000704   Section        0  at32f403_crm.o(i.crm_flag_get)
    i.crm_periph_clock_enable                0x08000734   Section        0  at32f403_crm.o(i.crm_periph_clock_enable)
    i.crm_pll_config                         0x08000778   Section        0  at32f403_crm.o(i.crm_pll_config)
    i.crm_reset                              0x080007e4   Section        0  at32f403_crm.o(i.crm_reset)
    i.crm_sysclk_switch                      0x08000848   Section        0  at32f403_crm.o(i.crm_sysclk_switch)
    i.crm_sysclk_switch_status_get           0x0800085c   Section        0  at32f403_crm.o(i.crm_sysclk_switch_status_get)
    i.delay_init                             0x0800086c   Section        0  at32f403_board.o(i.delay_init)
    i.delay_ms                               0x080008a4   Section        0  at32f403_board.o(i.delay_ms)
    i.exint_default_para_init                0x08000918   Section        0  at32f403_exint.o(i.exint_default_para_init)
    i.exint_flag_clear                       0x08000928   Section        0  at32f403_exint.o(i.exint_flag_clear)
    i.exint_init                             0x08000934   Section        0  at32f403_exint.o(i.exint_init)
    i.fputc                                  0x080009cc   Section        0  at32f403_board.o(i.fputc)
    i.gpio_default_para_init                 0x08000a00   Section        0  at32f403_gpio.o(i.gpio_default_para_init)
    i.gpio_exint_line_config                 0x08000a18   Section        0  at32f403_gpio.o(i.gpio_exint_line_config)
    i.gpio_init                              0x08000abc   Section        0  at32f403_gpio.o(i.gpio_init)
    i.gpio_input_data_bit_read               0x08000b64   Section        0  at32f403_gpio.o(i.gpio_input_data_bit_read)
    i.main                                   0x08000b78   Section        0  main.o(i.main)
    i.nvic_irq_enable                        0x08000bd4   Section        0  at32f403_misc.o(i.nvic_irq_enable)
    i.nvic_priority_group_config             0x08000c9c   Section        0  at32f403_misc.o(i.nvic_priority_group_config)
    i.system_clock_config                    0x08000cc4   Section        0  at32f403_clock.o(i.system_clock_config)
    i.system_core_clock_update               0x08000d48   Section        0  system_at32f403.o(i.system_core_clock_update)
    i.systick_clock_source_config            0x08000e10   Section        0  at32f403_misc.o(i.systick_clock_source_config)
    i.uart_print_init                        0x08000e38   Section        0  at32f403_board.o(i.uart_print_init)
    i.usart_data_transmit                    0x08000ea4   Section        0  at32f403_usart.o(i.usart_data_transmit)
    i.usart_enable                           0x08000eac   Section        0  at32f403_usart.o(i.usart_enable)
    i.usart_flag_get                         0x08000eb6   Section        0  at32f403_usart.o(i.usart_flag_get)
    i.usart_init                             0x08000ec8   Section        0  at32f403_usart.o(i.usart_init)
    i.usart_transmitter_enable               0x08000f34   Section        0  at32f403_usart.o(i.usart_transmitter_enable)
    i.wait_stbl                              0x08000f3e   Section        0  at32f403_clock.o(i.wait_stbl)
    wait_stbl                                0x08000f3f   Thumb Code    22  at32f403_clock.o(i.wait_stbl)
    .constdata                               0x08000f54   Section       40  at32f403_crm.o(.constdata)
    sclk_ahb_div_table                       0x08000f54   Data          16  at32f403_crm.o(.constdata)
    ahb_apb1_div_table                       0x08000f64   Data           8  at32f403_crm.o(.constdata)
    ahb_apb2_div_table                       0x08000f6c   Data           8  at32f403_crm.o(.constdata)
    adc_div_table                            0x08000f74   Data           8  at32f403_crm.o(.constdata)
    .constdata                               0x08000f7c   Section       16  system_at32f403.o(.constdata)
    sys_ahb_div_table                        0x08000f7c   Data          16  system_at32f403.o(.constdata)
    .data                                    0x20000000   Section        1  main.o(.data)
    .data                                    0x20000004   Section       45  at32f403_board.o(.data)
    fac_us                                   0x20000024   Data           4  at32f403_board.o(.data)
    fac_ms                                   0x20000028   Data           4  at32f403_board.o(.data)
    pressed                                  0x20000030   Data           1  at32f403_board.o(.data)
    .data                                    0x20000034   Section        4  system_at32f403.o(.data)
    STACK                                    0x20000038   Section     1024  startup_at32f403.o(STACK)

    Global Symbols

    Symbol Name                              Value     Ov Type        Size  Object(Section)

    BuildAttributes$$THM_ISAv4$E$P$D$K$B$S$7EM$VFPi3$EXTD16$VFPS$VFMA$PE$A:L22UL41UL21$X:L11$S22US41US21$IEEE1$IW$USESV6$~STKCKD$USESV7$~SHL$OSPACE$ROPI$EBA8$MICROLIB$REQ8$PRES8$EABIv2 0x00000000   Number         0  anon$$obj.o ABSOLUTE
    __ARM_use_no_argv                        0x00000000   Number         0  main.o ABSOLUTE
    __use_no_errno                           0x00000000   Number         0  useno.o ABSOLUTE
    __use_no_exception_handling              0x00000000   Number         0  useno.o ABSOLUTE
    __use_no_fp                              0x00000000   Number         0  useno.o ABSOLUTE
    __use_no_heap                            0x00000000   Number         0  useno.o ABSOLUTE
    __use_no_heap_region                     0x00000000   Number         0  useno.o ABSOLUTE
    __use_no_semihosting                     0x00000000   Number         0  useno.o ABSOLUTE
    __use_no_semihosting_swi                 0x00000000   Number         0  useno.o ABSOLUTE
    __use_no_signal_handling                 0x00000000   Number         0  useno.o ABSOLUTE
    _printf_a                                0x00000000   Number         0  stubs.o ABSOLUTE
    _printf_c                                0x00000000   Number         0  stubs.o ABSOLUTE
    _printf_charcount                        0x00000000   Number         0  stubs.o ABSOLUTE
    _printf_d                                0x00000000   Number         0  stubs.o ABSOLUTE
    _printf_e                                0x00000000   Number         0  stubs.o ABSOLUTE
    _printf_f                                0x00000000   Number         0  stubs.o ABSOLUTE
    _printf_flags                            0x00000000   Number         0  stubs.o ABSOLUTE
    _printf_fp_dec                           0x00000000   Number         0  stubs.o ABSOLUTE
    _printf_fp_hex                           0x00000000   Number         0  stubs.o ABSOLUTE
    _printf_g                                0x00000000   Number         0  stubs.o ABSOLUTE
    _printf_i                                0x00000000   Number         0  stubs.o ABSOLUTE
    _printf_int_dec                          0x00000000   Number         0  stubs.o ABSOLUTE
    _printf_l                                0x00000000   Number         0  stubs.o ABSOLUTE
    _printf_lc                               0x00000000   Number         0  stubs.o ABSOLUTE
    _printf_ll                               0x00000000   Number         0  stubs.o ABSOLUTE
    _printf_lld                              0x00000000   Number         0  stubs.o ABSOLUTE
    _printf_lli                              0x00000000   Number         0  stubs.o ABSOLUTE
    _printf_llo                              0x00000000   Number         0  stubs.o ABSOLUTE
    _printf_llu                              0x00000000   Number         0  stubs.o ABSOLUTE
    _printf_llx                              0x00000000   Number         0  stubs.o ABSOLUTE
    _printf_longlong_dec                     0x00000000   Number         0  stubs.o ABSOLUTE
    _printf_longlong_hex                     0x00000000   Number         0  stubs.o ABSOLUTE
    _printf_longlong_oct                     0x00000000   Number         0  stubs.o ABSOLUTE
    _printf_ls                               0x00000000   Number         0  stubs.o ABSOLUTE
    _printf_mbtowc                           0x00000000   Number         0  stubs.o ABSOLUTE
    _printf_n                                0x00000000   Number         0  stubs.o ABSOLUTE
    _printf_o                                0x00000000   Number         0  stubs.o ABSOLUTE
    _printf_p                                0x00000000   Number         0  stubs.o ABSOLUTE
    _printf_percent                          0x00000000   Number         0  stubs.o ABSOLUTE
    _printf_pre_padding                      0x00000000   Number         0  stubs.o ABSOLUTE
    _printf_return_value                     0x00000000   Number         0  stubs.o ABSOLUTE
    _printf_s                                0x00000000   Number         0  stubs.o ABSOLUTE
    _printf_sizespec                         0x00000000   Number         0  stubs.o ABSOLUTE
    _printf_str                              0x00000000   Number         0  stubs.o ABSOLUTE
    _printf_truncate_signed                  0x00000000   Number         0  stubs.o ABSOLUTE
    _printf_truncate_unsigned                0x00000000   Number         0  stubs.o ABSOLUTE
    _printf_u                                0x00000000   Number         0  stubs.o ABSOLUTE
    _printf_wc                               0x00000000   Number         0  stubs.o ABSOLUTE
    _printf_wctomb                           0x00000000   Number         0  stubs.o ABSOLUTE
    _printf_widthprec                        0x00000000   Number         0  stubs.o ABSOLUTE
    _printf_x                                0x00000000   Number         0  stubs.o ABSOLUTE
    __cpp_initialize__aeabi_                  - Undefined Weak Reference
    __cxa_finalize                            - Undefined Weak Reference
    __decompress                              - Undefined Weak Reference
    _clock_init                               - Undefined Weak Reference
    _microlib_exit                            - Undefined Weak Reference
    __Vectors_Size                           0x00000150   Number         0  startup_at32f403.o ABSOLUTE
    __Vectors                                0x08000000   Data           4  startup_at32f403.o(RESET)
    __Vectors_End                            0x08000150   Data           0  startup_at32f403.o(RESET)
    __main                                   0x08000151   Thumb Code     0  entry.o(.ARM.Collect$$$$00000000)
    _main_stk                                0x08000151   Thumb Code     0  entry2.o(.ARM.Collect$$$$00000001)
    _main_scatterload                        0x08000155   Thumb Code     0  entry5.o(.ARM.Collect$$$$00000004)
    __main_after_scatterload                 0x08000159   Thumb Code     0  entry5.o(.ARM.Collect$$$$00000004)
    _main_clock                              0x08000159   Thumb Code     0  entry7b.o(.ARM.Collect$$$$00000008)
    _main_cpp_init                           0x08000159   Thumb Code     0  entry8b.o(.ARM.Collect$$$$0000000A)
    _main_init                               0x08000159   Thumb Code     0  entry9a.o(.ARM.Collect$$$$0000000B)
    __rt_final_cpp                           0x08000161   Thumb Code     0  entry10a.o(.ARM.Collect$$$$0000000D)
    __rt_final_exit                          0x08000161   Thumb Code     0  entry11a.o(.ARM.Collect$$$$0000000F)
    Reset_Handler                            0x08000165   Thumb Code     8  startup_at32f403.o(.text)
    ADC1_2_IRQHandler                        0x0800017f   Thumb Code     0  startup_at32f403.o(.text)
    ADC3_IRQHandler                          0x0800017f   Thumb Code     0  startup_at32f403.o(.text)
    CAN1_RX1_IRQHandler                      0x0800017f   Thumb Code     0  startup_at32f403.o(.text)
    CAN1_SE_IRQHandler                       0x0800017f   Thumb Code     0  startup_at32f403.o(.text)
    CRM_IRQHandler                           0x0800017f   Thumb Code     0  startup_at32f403.o(.text)
    DMA1_Channel1_IRQHandler                 0x0800017f   Thumb Code     0  startup_at32f403.o(.text)
    DMA1_Channel2_IRQHandler                 0x0800017f   Thumb Code     0  startup_at32f403.o(.text)
    DMA1_Channel3_IRQHandler                 0x0800017f   Thumb Code     0  startup_at32f403.o(.text)
    DMA1_Channel4_IRQHandler                 0x0800017f   Thumb Code     0  startup_at32f403.o(.text)
    DMA1_Channel5_IRQHandler                 0x0800017f   Thumb Code     0  startup_at32f403.o(.text)
    DMA1_Channel6_IRQHandler                 0x0800017f   Thumb Code     0  startup_at32f403.o(.text)
    DMA1_Channel7_IRQHandler                 0x0800017f   Thumb Code     0  startup_at32f403.o(.text)
    DMA2_Channel1_IRQHandler                 0x0800017f   Thumb Code     0  startup_at32f403.o(.text)
    DMA2_Channel2_IRQHandler                 0x0800017f   Thumb Code     0  startup_at32f403.o(.text)
    DMA2_Channel3_IRQHandler                 0x0800017f   Thumb Code     0  startup_at32f403.o(.text)
    DMA2_Channel4_5_IRQHandler               0x0800017f   Thumb Code     0  startup_at32f403.o(.text)
    EXINT15_10_IRQHandler                    0x0800017f   Thumb Code     0  startup_at32f403.o(.text)
    EXINT1_IRQHandler                        0x0800017f   Thumb Code     0  startup_at32f403.o(.text)
    EXINT2_IRQHandler                        0x0800017f   Thumb Code     0  startup_at32f403.o(.text)
    EXINT3_IRQHandler                        0x0800017f   Thumb Code     0  startup_at32f403.o(.text)
    EXINT4_IRQHandler                        0x0800017f   Thumb Code     0  startup_at32f403.o(.text)
    EXINT9_5_IRQHandler                      0x0800017f   Thumb Code     0  startup_at32f403.o(.text)
    FLASH_IRQHandler                         0x0800017f   Thumb Code     0  startup_at32f403.o(.text)
    I2C1_ERR_IRQHandler                      0x0800017f   Thumb Code     0  startup_at32f403.o(.text)
    I2C1_EVT_IRQHandler                      0x0800017f   Thumb Code     0  startup_at32f403.o(.text)
    I2C2_ERR_IRQHandler                      0x0800017f   Thumb Code     0  startup_at32f403.o(.text)
    I2C2_EVT_IRQHandler                      0x0800017f   Thumb Code     0  startup_at32f403.o(.text)
    I2C3_ERR_IRQHandler                      0x0800017f   Thumb Code     0  startup_at32f403.o(.text)
    I2C3_EVT_IRQHandler                      0x0800017f   Thumb Code     0  startup_at32f403.o(.text)
    PVM_IRQHandler                           0x0800017f   Thumb Code     0  startup_at32f403.o(.text)
    RTCAlarm_IRQHandler                      0x0800017f   Thumb Code     0  startup_at32f403.o(.text)
    RTC_IRQHandler                           0x0800017f   Thumb Code     0  startup_at32f403.o(.text)
    SDIO1_IRQHandler                         0x0800017f   Thumb Code     0  startup_at32f403.o(.text)
    SDIO2_IRQHandler                         0x0800017f   Thumb Code     0  startup_at32f403.o(.text)
    SPI1_IRQHandler                          0x0800017f   Thumb Code     0  startup_at32f403.o(.text)
    SPI2_IRQHandler                          0x0800017f   Thumb Code     0  startup_at32f403.o(.text)
    SPI3_IRQHandler                          0x0800017f   Thumb Code     0  startup_at32f403.o(.text)
    SPI4_IRQHandler                          0x0800017f   Thumb Code     0  startup_at32f403.o(.text)
    TAMPER_IRQHandler                        0x0800017f   Thumb Code     0  startup_at32f403.o(.text)
    TMR15_BRK_IRQHandler                     0x0800017f   Thumb Code     0  startup_at32f403.o(.text)
    TMR15_CH_IRQHandler                      0x0800017f   Thumb Code     0  startup_at32f403.o(.text)
    TMR15_OVF_IRQHandler                     0x0800017f   Thumb Code     0  startup_at32f403.o(.text)
    TMR15_TRG_HALL_IRQHandler                0x0800017f   Thumb Code     0  startup_at32f403.o(.text)
    TMR1_BRK_TMR9_IRQHandler                 0x0800017f   Thumb Code     0  startup_at32f403.o(.text)
    TMR1_CH_IRQHandler                       0x0800017f   Thumb Code     0  startup_at32f403.o(.text)
    TMR1_OVF_TMR10_IRQHandler                0x0800017f   Thumb Code     0  startup_at32f403.o(.text)
    TMR1_TRG_HALL_TMR11_IRQHandler           0x0800017f   Thumb Code     0  startup_at32f403.o(.text)
    TMR2_GLOBAL_IRQHandler                   0x0800017f   Thumb Code     0  startup_at32f403.o(.text)
    TMR3_GLOBAL_IRQHandler                   0x0800017f   Thumb Code     0  startup_at32f403.o(.text)
    TMR4_GLOBAL_IRQHandler                   0x0800017f   Thumb Code     0  startup_at32f403.o(.text)
    TMR5_GLOBAL_IRQHandler                   0x0800017f   Thumb Code     0  startup_at32f403.o(.text)
    TMR6_GLOBAL_IRQHandler                   0x0800017f   Thumb Code     0  startup_at32f403.o(.text)
    TMR7_GLOBAL_IRQHandler                   0x0800017f   Thumb Code     0  startup_at32f403.o(.text)
    TMR8_BRK_TMR12_IRQHandler                0x0800017f   Thumb Code     0  startup_at32f403.o(.text)
    TMR8_CH_IRQHandler                       0x0800017f   Thumb Code     0  startup_at32f403.o(.text)
    TMR8_OVF_TMR13_IRQHandler                0x0800017f   Thumb Code     0  startup_at32f403.o(.text)
    TMR8_TRG_HALL_TMR14_IRQHandler           0x0800017f   Thumb Code     0  startup_at32f403.o(.text)
    UART4_IRQHandler                         0x0800017f   Thumb Code     0  startup_at32f403.o(.text)
    UART5_IRQHandler                         0x0800017f   Thumb Code     0  startup_at32f403.o(.text)
    USART1_IRQHandler                        0x0800017f   Thumb Code     0  startup_at32f403.o(.text)
    USART2_IRQHandler                        0x0800017f   Thumb Code     0  startup_at32f403.o(.text)
    USART3_IRQHandler                        0x0800017f   Thumb Code     0  startup_at32f403.o(.text)
    USBFSWakeUp_IRQHandler                   0x0800017f   Thumb Code     0  startup_at32f403.o(.text)
    USBFS_H_CAN1_TX_IRQHandler               0x0800017f   Thumb Code     0  startup_at32f403.o(.text)
    USBFS_L_CAN1_RX0_IRQHandler              0x0800017f   Thumb Code     0  startup_at32f403.o(.text)
    WWDT_IRQHandler                          0x0800017f   Thumb Code     0  startup_at32f403.o(.text)
    XMC_IRQHandler                           0x0800017f   Thumb Code     0  startup_at32f403.o(.text)
    __aeabi_uidiv                            0x08000189   Thumb Code     0  uidiv.o(.text)
    __aeabi_uidivmod                         0x08000189   Thumb Code    44  uidiv.o(.text)
    __scatterload                            0x080001b5   Thumb Code    28  init.o(.text)
    __scatterload_rt2                        0x080001b5   Thumb Code     0  init.o(.text)
    BusFault_Handler                         0x080001d9   Thumb Code     4  at32f403_int.o(i.BusFault_Handler)
    DebugMon_Handler                         0x080001dd   Thumb Code     2  at32f403_int.o(i.DebugMon_Handler)
    EXINT0_IRQHandler                        0x080001df   Thumb Code     8  main.o(i.EXINT0_IRQHandler)
    HardFault_Handler                        0x080001e7   Thumb Code     4  at32f403_int.o(i.HardFault_Handler)
    MemManage_Handler                        0x080001eb   Thumb Code     4  at32f403_int.o(i.MemManage_Handler)
    NMI_Handler                              0x080001ef   Thumb Code     2  at32f403_int.o(i.NMI_Handler)
    PendSV_Handler                           0x080001f1   Thumb Code     2  at32f403_int.o(i.PendSV_Handler)
    SVC_Handler                              0x080001f3   Thumb Code     2  at32f403_int.o(i.SVC_Handler)
    SysTick_Handler                          0x080001f5   Thumb Code     2  at32f403_int.o(i.SysTick_Handler)
    SystemInit                               0x080001f9   Thumb Code   112  system_at32f403.o(i.SystemInit)
    UsageFault_Handler                       0x08000275   Thumb Code     4  at32f403_int.o(i.UsageFault_Handler)
    __0printf$1                              0x08000279   Thumb Code    22  printf1.o(i.__0printf$1)
    __1printf$1                              0x08000279   Thumb Code     0  printf1.o(i.__0printf$1)
    __2printf                                0x08000279   Thumb Code     0  printf1.o(i.__0printf$1)
    __scatterload_copy                       0x08000299   Thumb Code    14  handlers.o(i.__scatterload_copy)
    __scatterload_null                       0x080002a7   Thumb Code     2  handlers.o(i.__scatterload_null)
    __scatterload_zeroinit                   0x080002a9   Thumb Code    14  handlers.o(i.__scatterload_zeroinit)
    at32_board_init                          0x0800040d   Thumb Code    48  at32f403_board.o(i.at32_board_init)
    at32_button_init                         0x0800043d   Thumb Code    52  at32f403_board.o(i.at32_button_init)
    at32_led_init                            0x08000479   Thumb Code    68  at32f403_board.o(i.at32_led_init)
    at32_led_off                             0x080004c9   Thumb Code    32  at32f403_board.o(i.at32_led_off)
    button_exint_init                        0x080004f1   Thumb Code    72  main.o(i.button_exint_init)
    button_isr                               0x08000539   Thumb Code    50  main.o(i.button_isr)
    crm_ahb_div_set                          0x08000575   Thumb Code    14  at32f403_crm.o(i.crm_ahb_div_set)
    crm_apb1_div_set                         0x08000589   Thumb Code    14  at32f403_crm.o(i.crm_apb1_div_set)
    crm_apb2_div_set                         0x0800059d   Thumb Code    14  at32f403_crm.o(i.crm_apb2_div_set)
    crm_clock_source_enable                  0x080005b1   Thumb Code    90  at32f403_crm.o(i.crm_clock_source_enable)
    crm_clocks_freq_get                      0x08000611   Thumb Code   216  at32f403_crm.o(i.crm_clocks_freq_get)
    crm_flag_get                             0x08000705   Thumb Code    42  at32f403_crm.o(i.crm_flag_get)
    crm_periph_clock_enable                  0x08000735   Thumb Code    62  at32f403_crm.o(i.crm_periph_clock_enable)
    crm_pll_config                           0x08000779   Thumb Code   104  at32f403_crm.o(i.crm_pll_config)
    crm_reset                                0x080007e5   Thumb Code    92  at32f403_crm.o(i.crm_reset)
    crm_sysclk_switch                        0x08000849   Thumb Code    14  at32f403_crm.o(i.crm_sysclk_switch)
    crm_sysclk_switch_status_get             0x0800085d   Thumb Code    10  at32f403_crm.o(i.crm_sysclk_switch_status_get)
    delay_init                               0x0800086d   Thumb Code    38  at32f403_board.o(i.delay_init)
    delay_ms                                 0x080008a5   Thumb Code   110  at32f403_board.o(i.delay_ms)
    exint_default_para_init                  0x08000919   Thumb Code    14  at32f403_exint.o(i.exint_default_para_init)
    exint_flag_clear                         0x08000929   Thumb Code     6  at32f403_exint.o(i.exint_flag_clear)
    exint_init                               0x08000935   Thumb Code   148  at32f403_exint.o(i.exint_init)
    fputc                                    0x080009cd   Thumb Code    46  at32f403_board.o(i.fputc)
    gpio_default_para_init                   0x08000a01   Thumb Code    22  at32f403_gpio.o(i.gpio_default_para_init)
    gpio_exint_line_config                   0x08000a19   Thumb Code   158  at32f403_gpio.o(i.gpio_exint_line_config)
    gpio_init                                0x08000abd   Thumb Code   168  at32f403_gpio.o(i.gpio_init)
    gpio_input_data_bit_read                 0x08000b65   Thumb Code    18  at32f403_gpio.o(i.gpio_input_data_bit_read)
    main                                     0x08000b79   Thumb Code    38  main.o(i.main)
    nvic_irq_enable                          0x08000bd5   Thumb Code   190  at32f403_misc.o(i.nvic_irq_enable)
    nvic_priority_group_config               0x08000c9d   Thumb Code    32  at32f403_misc.o(i.nvic_priority_group_config)
    system_clock_config                      0x08000cc5   Thumb Code   132  at32f403_clock.o(i.system_clock_config)
    system_core_clock_update                 0x08000d49   Thumb Code   178  system_at32f403.o(i.system_core_clock_update)
    systick_clock_source_config              0x08000e11   Thumb Code    40  at32f403_misc.o(i.systick_clock_source_config)
    uart_print_init                          0x08000e39   Thumb Code    94  at32f403_board.o(i.uart_print_init)
    usart_data_transmit                      0x08000ea5   Thumb Code     8  at32f403_usart.o(i.usart_data_transmit)
    usart_enable                             0x08000ead   Thumb Code    10  at32f403_usart.o(i.usart_enable)
    usart_flag_get                           0x08000eb7   Thumb Code    16  at32f403_usart.o(i.usart_flag_get)
    usart_init                               0x08000ec9   Thumb Code   102  at32f403_usart.o(i.usart_init)
    usart_transmitter_enable                 0x08000f35   Thumb Code    10  at32f403_usart.o(i.usart_transmitter_enable)
    Region$$Table$$Base                      0x08000f8c   Number         0  anon$$obj.o(Region$$Table)
    Region$$Table$$Limit                     0x08000fac   Number         0  anon$$obj.o(Region$$Table)
    g_speed                                  0x20000000   Data           1  main.o(.data)
    led_gpio_port                            0x20000004   Data          12  at32f403_board.o(.data)
    led_gpio_pin                             0x20000010   Data           6  at32f403_board.o(.data)
    led_gpio_crm_clk                         0x20000018   Data          12  at32f403_board.o(.data)
    __stdout                                 0x2000002c   Data           4  at32f403_board.o(.data)
    system_core_clock                        0x20000034   Data           4  system_at32f403.o(.data)
    __initial_sp                             0x20000438   Data           0  startup_at32f403.o(STACK)



==============================================================================

Memory Map of the image

  Image Entry point : 0x08000151

  Load Region LR_IROM1 (Base: 0x08000000, Size: 0x00000fe4, Max: 0x00100000, ABSOLUTE)

    Execution Region ER_IROM1 (Exec base: 0x08000000, Load base: 0x08000000, Size: 0x00000fac, Max: 0x00100000, ABSOLUTE)

    Exec Addr    Load Addr    Size         Type   Attr      Idx    E Section Name        Object

    0x08000000   0x08000000   0x00000150   Data   RO         3617    RESET               startup_at32f403.o
    0x08000150   0x08000150   0x00000000   Code   RO         3622  * .ARM.Collect$$$$00000000  mc_w.l(entry.o)
    0x08000150   0x08000150   0x00000004   Code   RO         3886    .ARM.Collect$$$$00000001  mc_w.l(entry2.o)
    0x08000154   0x08000154   0x00000004   Code   RO         3889    .ARM.Collect$$$$00000004  mc_w.l(entry5.o)
    0x08000158   0x08000158   0x00000000   Code   RO         3891    .ARM.Collect$$$$00000008  mc_w.l(entry7b.o)
    0x08000158   0x08000158   0x00000000   Code   RO         3893    .ARM.Collect$$$$0000000A  mc_w.l(entry8b.o)
    0x08000158   0x08000158   0x00000008   Code   RO         3894    .ARM.Collect$$$$0000000B  mc_w.l(entry9a.o)
    0x08000160   0x08000160   0x00000000   Code   RO         3896    .ARM.Collect$$$$0000000D  mc_w.l(entry10a.o)
    0x08000160   0x08000160   0x00000000   Code   RO         3898    .ARM.Collect$$$$0000000F  mc_w.l(entry11a.o)
    0x08000160   0x08000160   0x00000004   Code   RO         3887    .ARM.Collect$$$$00002712  mc_w.l(entry2.o)
    0x08000164   0x08000164   0x00000024   Code   RO         3618    .text               startup_at32f403.o
    0x08000188   0x08000188   0x0000002c   Code   RO         3900    .text               mc_w.l(uidiv.o)
    0x080001b4   0x080001b4   0x00000024   Code   RO         3915    .text               mc_w.l(init.o)
    0x080001d8   0x080001d8   0x00000004   Code   RO          141    i.BusFault_Handler  at32f403_int.o
    0x080001dc   0x080001dc   0x00000002   Code   RO          142    i.DebugMon_Handler  at32f403_int.o
    0x080001de   0x080001de   0x00000008   Code   RO          216    i.EXINT0_IRQHandler  main.o
    0x080001e6   0x080001e6   0x00000004   Code   RO          143    i.HardFault_Handler  at32f403_int.o
    0x080001ea   0x080001ea   0x00000004   Code   RO          144    i.MemManage_Handler  at32f403_int.o
    0x080001ee   0x080001ee   0x00000002   Code   RO          145    i.NMI_Handler       at32f403_int.o
    0x080001f0   0x080001f0   0x00000002   Code   RO          146    i.PendSV_Handler    at32f403_int.o
    0x080001f2   0x080001f2   0x00000002   Code   RO          147    i.SVC_Handler       at32f403_int.o
    0x080001f4   0x080001f4   0x00000002   Code   RO          148    i.SysTick_Handler   at32f403_int.o
    0x080001f6   0x080001f6   0x00000002   PAD
    0x080001f8   0x080001f8   0x0000007c   Code   RO         3581    i.SystemInit        system_at32f403.o
    0x08000274   0x08000274   0x00000004   Code   RO          149    i.UsageFault_Handler  at32f403_int.o
    0x08000278   0x08000278   0x00000020   Code   RO         3670    i.__0printf$1       mc_w.l(printf1.o)
    0x08000298   0x08000298   0x0000000e   Code   RO         3927    i.__scatterload_copy  mc_w.l(handlers.o)
    0x080002a6   0x080002a6   0x00000002   Code   RO         3928    i.__scatterload_null  mc_w.l(handlers.o)
    0x080002a8   0x080002a8   0x0000000e   Code   RO         3929    i.__scatterload_zeroinit  mc_w.l(handlers.o)
    0x080002b6   0x080002b6   0x00000002   PAD
    0x080002b8   0x080002b8   0x00000154   Code   RO         3677    i._printf_core      mc_w.l(printf1.o)
    0x0800040c   0x0800040c   0x00000030   Code   RO          270    i.at32_board_init   at32f403_board.o
    0x0800043c   0x0800043c   0x0000003c   Code   RO          271    i.at32_button_init  at32f403_board.o
    0x08000478   0x08000478   0x00000050   Code   RO          274    i.at32_led_init     at32f403_board.o
    0x080004c8   0x080004c8   0x00000028   Code   RO          275    i.at32_led_off      at32f403_board.o
    0x080004f0   0x080004f0   0x00000048   Code   RO          217    i.button_exint_init  main.o
    0x08000538   0x08000538   0x0000003c   Code   RO          218    i.button_isr        main.o
    0x08000574   0x08000574   0x00000014   Code   RO          966    i.crm_ahb_div_set   at32f403_crm.o
    0x08000588   0x08000588   0x00000014   Code   RO          967    i.crm_apb1_div_set  at32f403_crm.o
    0x0800059c   0x0800059c   0x00000014   Code   RO          968    i.crm_apb2_div_set  at32f403_crm.o
    0x080005b0   0x080005b0   0x00000060   Code   RO          972    i.crm_clock_source_enable  at32f403_crm.o
    0x08000610   0x08000610   0x000000f4   Code   RO          973    i.crm_clocks_freq_get  at32f403_crm.o
    0x08000704   0x08000704   0x00000030   Code   RO          975    i.crm_flag_get      at32f403_crm.o
    0x08000734   0x08000734   0x00000044   Code   RO          983    i.crm_periph_clock_enable  at32f403_crm.o
    0x08000778   0x08000778   0x0000006c   Code   RO          986    i.crm_pll_config    at32f403_crm.o
    0x080007e4   0x080007e4   0x00000064   Code   RO          987    i.crm_reset         at32f403_crm.o
    0x08000848   0x08000848   0x00000014   Code   RO          990    i.crm_sysclk_switch  at32f403_crm.o
    0x0800085c   0x0800085c   0x00000010   Code   RO          991    i.crm_sysclk_switch_status_get  at32f403_crm.o
    0x0800086c   0x0800086c   0x00000038   Code   RO          278    i.delay_init        at32f403_board.o
    0x080008a4   0x080008a4   0x00000074   Code   RO          279    i.delay_ms          at32f403_board.o
    0x08000918   0x08000918   0x0000000e   Code   RO         1362    i.exint_default_para_init  at32f403_exint.o
    0x08000926   0x08000926   0x00000002   PAD
    0x08000928   0x08000928   0x0000000c   Code   RO         1364    i.exint_flag_clear  at32f403_exint.o
    0x08000934   0x08000934   0x00000098   Code   RO         1366    i.exint_init        at32f403_exint.o
    0x080009cc   0x080009cc   0x00000034   Code   RO          282    i.fputc             at32f403_board.o
    0x08000a00   0x08000a00   0x00000016   Code   RO         1690    i.gpio_default_para_init  at32f403_gpio.o
    0x08000a16   0x08000a16   0x00000002   PAD
    0x08000a18   0x08000a18   0x000000a4   Code   RO         1693    i.gpio_exint_line_config  at32f403_gpio.o
    0x08000abc   0x08000abc   0x000000a8   Code   RO         1694    i.gpio_init         at32f403_gpio.o
    0x08000b64   0x08000b64   0x00000012   Code   RO         1695    i.gpio_input_data_bit_read  at32f403_gpio.o
    0x08000b76   0x08000b76   0x00000002   PAD
    0x08000b78   0x08000b78   0x0000005c   Code   RO          219    i.main              main.o
    0x08000bd4   0x08000bd4   0x000000c8   Code   RO         2012    i.nvic_irq_enable   at32f403_misc.o
    0x08000c9c   0x08000c9c   0x00000028   Code   RO         2014    i.nvic_priority_group_config  at32f403_misc.o
    0x08000cc4   0x08000cc4   0x00000084   Code   RO            4    i.system_clock_config  at32f403_clock.o
    0x08000d48   0x08000d48   0x000000c8   Code   RO         3582    i.system_core_clock_update  system_at32f403.o
    0x08000e10   0x08000e10   0x00000028   Code   RO         2017    i.systick_clock_source_config  at32f403_misc.o
    0x08000e38   0x08000e38   0x0000006c   Code   RO          283    i.uart_print_init   at32f403_board.o
    0x08000ea4   0x08000ea4   0x00000008   Code   RO         2950    i.usart_data_transmit  at32f403_usart.o
    0x08000eac   0x08000eac   0x0000000a   Code   RO         2953    i.usart_enable      at32f403_usart.o
    0x08000eb6   0x08000eb6   0x00000010   Code   RO         2955    i.usart_flag_get    at32f403_usart.o
    0x08000ec6   0x08000ec6   0x00000002   PAD
    0x08000ec8   0x08000ec8   0x0000006c   Code   RO         2957    i.usart_init        at32f403_usart.o
    0x08000f34   0x08000f34   0x0000000a   Code   RO         2972    i.usart_transmitter_enable  at32f403_usart.o
    0x08000f3e   0x08000f3e   0x00000016   Code   RO            5    i.wait_stbl         at32f403_clock.o
    0x08000f54   0x08000f54   0x00000028   Data   RO          993    .constdata          at32f403_crm.o
    0x08000f7c   0x08000f7c   0x00000010   Data   RO         3583    .constdata          system_at32f403.o
    0x08000f8c   0x08000f8c   0x00000020   Data   RO         3925    Region$$Table       anon$$obj.o


    Execution Region RW_IRAM1 (Exec base: 0x20000000, Load base: 0x08000fac, Size: 0x00000438, Max: 0x00038000, ABSOLUTE)

    Exec Addr    Load Addr    Size         Type   Attr      Idx    E Section Name        Object

    0x20000000   0x08000fac   0x00000001   Data   RW          220    .data               main.o
    0x20000001   0x08000fad   0x00000003   PAD
    0x20000004   0x08000fb0   0x0000002d   Data   RW          284    .data               at32f403_board.o
    0x20000031   0x08000fdd   0x00000003   PAD
    0x20000034   0x08000fe0   0x00000004   Data   RW         3584    .data               system_at32f403.o
    0x20000038        -       0x00000400   Zero   RW         3615    STACK               startup_at32f403.o


==============================================================================

Image component sizes


      Code (inc. data)   RO Data    RW Data    ZI Data      Debug   Object Name

       560         72          0         45          0       7684   at32f403_board.o
       154          0          0          0          0      39162   at32f403_clock.o
       760         94         40          0          0       7729   at32f403_crm.o
       178         10          0          0          0       2294   at32f403_exint.o
       372          6          0          0          0       3377   at32f403_gpio.o
        26          0          0          0          0       4430   at32f403_int.o
       280         18          0          0          0      32824   at32f403_misc.o
       152          6          0          0          0       3878   at32f403_usart.o
       232         64          0          1          0       3434   main.o
        36          8        336          0       1024        960   startup_at32f403.o
       324         34         16          4          0       2316   system_at32f403.o

    ----------------------------------------------------------------------
      3084        312        424         56       1024     108088   Object Totals
         0          0         32          0          0          0   (incl. Generated)
        10          0          0          6          0          0   (incl. Padding)

    ----------------------------------------------------------------------

      Code (inc. data)   RO Data    RW Data    ZI Data      Debug   Library Member Name

         0          0          0          0          0          0   entry.o
         0          0          0          0          0          0   entry10a.o
         0          0          0          0          0          0   entry11a.o
         8          4          0          0          0          0   entry2.o
         4          0          0          0          0          0   entry5.o
         0          0          0          0          0          0   entry7b.o
         0          0          0          0          0          0   entry8b.o
         8          4          0          0          0          0   entry9a.o
        30          0          0          0          0          0   handlers.o
        36          8          0          0          0         68   init.o
       372         14          0          0          0        184   printf1.o
        44          0          0          0          0         80   uidiv.o

    ----------------------------------------------------------------------
       504         30          0          0          0        332   Library Totals
         2          0          0          0          0          0   (incl. Padding)

    ----------------------------------------------------------------------

      Code (inc. data)   RO Data    RW Data    ZI Data      Debug   Library Name

       502         30          0          0          0        332   mc_w.l

    ----------------------------------------------------------------------
       504         30          0          0          0        332   Library Totals

    ----------------------------------------------------------------------

==============================================================================


      Code (inc. data)   RO Data    RW Data    ZI Data      Debug   

      3588        342        424         56       1024     104072   Grand Totals
      3588        342        424         56       1024     104072   ELF Image Totals
      3588        342        424         56          0          0   ROM Totals

==============================================================================

    Total RO  Size (Code + RO Data)                 4012 (   3.92kB)
    Total RW  Size (RW Data + ZI Data)              1080 (   1.05kB)
    Total ROM Size (Code + RO Data + RW Data)       4068 (   3.97kB)

==============================================================================

